Component: ARM Compiler 5.06 update 5 (build 528) Tool: armlink [4d35e2]

==============================================================================

Section Cross References

    startup_stm32f407xx.o(RESET) refers to startup_stm32f407xx.o(STACK) for __initial_sp
    startup_stm32f407xx.o(RESET) refers to startup_stm32f407xx.o(.text) for Reset_Handler
    startup_stm32f407xx.o(RESET) refers to stm32f4xx_it.o(i.SVC_Handler) for SVC_Handler
    startup_stm32f407xx.o(RESET) refers to stm32f4xx_it.o(i.PendSV_Handler) for PendSV_Handler
    startup_stm32f407xx.o(RESET) refers to stm32f4xx_it.o(i.SysTick_Handler) for SysTick_Handler
    startup_stm32f407xx.o(RESET) refers to stm32f4xx_it.o(i.EXTI0_IRQHandler) for EXTI0_IRQHandler
    startup_stm32f407xx.o(RESET) refers to stm32f4xx_it.o(i.EXTI1_IRQHandler) for EXTI1_IRQHandler
    startup_stm32f407xx.o(RESET) refers to stm32f4xx_it.o(i.OTG_FS_IRQHandler) for OTG_FS_IRQHandler
    startup_stm32f407xx.o(.text) refers to system_stm32f4xx.o(i.SystemInit) for SystemInit
    startup_stm32f407xx.o(.text) refers to entry.o(.ARM.Collect$$$$00000000) for __main
    main.o(i.MX_ADC1_Init) refers to stm32f4xx_hal_adc.o(i.HAL_ADC_Init) for HAL_ADC_Init
    main.o(i.MX_ADC1_Init) refers to stm32f4xx_hal_adc.o(i.HAL_ADC_ConfigChannel) for HAL_ADC_ConfigChannel
    main.o(i.MX_ADC1_Init) refers to main.o(.bss) for .bss
    main.o(i.MX_GPIO_Init) refers to stm32f4xx_hal_gpio.o(i.HAL_GPIO_WritePin) for HAL_GPIO_WritePin
    main.o(i.MX_GPIO_Init) refers to stm32f4xx_hal_gpio.o(i.HAL_GPIO_Init) for HAL_GPIO_Init
    main.o(i.MX_GPIO_Init) refers to stm32f4xx_hal_cortex.o(i.HAL_NVIC_SetPriority) for HAL_NVIC_SetPriority
    main.o(i.MX_GPIO_Init) refers to stm32f4xx_hal_cortex.o(i.HAL_NVIC_EnableIRQ) for HAL_NVIC_EnableIRQ
    main.o(i.MX_I2C3_Init) refers to stm32f4xx_hal_i2c.o(i.HAL_I2C_Init) for HAL_I2C_Init
    main.o(i.MX_I2C3_Init) refers to main.o(.bss) for .bss
    main.o(i.SystemClock_Config) refers to stm32f4xx_hal_rcc.o(i.HAL_RCC_OscConfig) for HAL_RCC_OscConfig
    main.o(i.SystemClock_Config) refers to stm32f4xx_hal_rcc.o(i.HAL_RCC_ClockConfig) for HAL_RCC_ClockConfig
    main.o(i.SystemClock_Config) refers to stm32f4xx_hal_rcc.o(i.HAL_RCC_GetHCLKFreq) for HAL_RCC_GetHCLKFreq
    main.o(i.SystemClock_Config) refers to stm32f4xx_hal_cortex.o(i.HAL_SYSTICK_Config) for HAL_SYSTICK_Config
    main.o(i.SystemClock_Config) refers to stm32f4xx_hal_cortex.o(i.HAL_SYSTICK_CLKSourceConfig) for HAL_SYSTICK_CLKSourceConfig
    main.o(i.SystemClock_Config) refers to stm32f4xx_hal_cortex.o(i.HAL_NVIC_SetPriority) for HAL_NVIC_SetPriority
    main.o(i.main) refers to stm32f4xx_hal.o(i.HAL_Init) for HAL_Init
    main.o(i.main) refers to main.o(i.SystemClock_Config) for SystemClock_Config
    main.o(i.main) refers to main.o(i.MX_GPIO_Init) for MX_GPIO_Init
    main.o(i.main) refers to main.o(i.MX_ADC1_Init) for MX_ADC1_Init
    main.o(i.main) refers to main.o(i.MX_I2C3_Init) for MX_I2C3_Init
    main.o(i.main) refers to usb_host.o(i.MX_USB_HOST_Init) for MX_USB_HOST_Init
    main.o(i.main) refers to fatfs.o(i.MX_FATFS_Init) for MX_FATFS_Init
    main.o(i.main) refers to ff.o(i.f_mount) for f_mount
    main.o(i.main) refers to stm32f4xx_hal_gpio.o(i.HAL_GPIO_WritePin) for HAL_GPIO_WritePin
    main.o(i.main) refers to ff.o(i.f_open) for f_open
    main.o(i.main) refers to usb_host.o(i.MX_USB_HOST_Process) for MX_USB_HOST_Process
    main.o(i.main) refers to memcpya.o(.text) for __aeabi_memcpy4
    main.o(i.main) refers to ff.o(i.f_write) for f_write
    main.o(i.main) refers to ff.o(i.f_close) for f_close
    main.o(i.main) refers to main.o(.bss) for .bss
    main.o(i.main) refers to fatfs.o(.data) for SDPath
    main.o(i.main) refers to main.o(.data) for .data
    bsp_driver_sd.o(i.BSP_SD_DMA_Rx_IRQHandler) refers to stm32f4xx_hal_dma.o(i.HAL_DMA_IRQHandler) for HAL_DMA_IRQHandler
    bsp_driver_sd.o(i.BSP_SD_DMA_Rx_IRQHandler) refers to main.o(.bss) for hsd
    bsp_driver_sd.o(i.BSP_SD_DMA_Tx_IRQHandler) refers to stm32f4xx_hal_dma.o(i.HAL_DMA_IRQHandler) for HAL_DMA_IRQHandler
    bsp_driver_sd.o(i.BSP_SD_DMA_Tx_IRQHandler) refers to main.o(.bss) for hsd
    bsp_driver_sd.o(i.BSP_SD_Erase) refers to stm32f4xx_hal_sd.o(i.HAL_SD_Erase) for HAL_SD_Erase
    bsp_driver_sd.o(i.BSP_SD_Erase) refers to main.o(.bss) for hsd
    bsp_driver_sd.o(i.BSP_SD_GetCardInfo) refers to stm32f4xx_hal_sd.o(i.HAL_SD_GetCardInfo) for HAL_SD_GetCardInfo
    bsp_driver_sd.o(i.BSP_SD_GetCardInfo) refers to main.o(.bss) for hsd
    bsp_driver_sd.o(i.BSP_SD_GetCardState) refers to stm32f4xx_hal_sd.o(i.HAL_SD_GetCardState) for HAL_SD_GetCardState
    bsp_driver_sd.o(i.BSP_SD_GetCardState) refers to main.o(.bss) for hsd
    bsp_driver_sd.o(i.BSP_SD_IRQHandler) refers to stm32f4xx_hal_sd.o(i.HAL_SD_IRQHandler) for HAL_SD_IRQHandler
    bsp_driver_sd.o(i.BSP_SD_IRQHandler) refers to main.o(.bss) for hsd
    bsp_driver_sd.o(i.BSP_SD_Init) refers to stm32f4xx_hal_sd.o(i.HAL_SD_Init) for HAL_SD_Init
[...]
    i.SDMMC_CmdWriteMultiBlock               0x080027c0   Section        0  stm32f4xx_ll_sdmmc.o(i.SDMMC_CmdWriteMultiBlock)
    i.SDMMC_CmdWriteSingleBlock              0x080027f2   Section        0  stm32f4xx_ll_sdmmc.o(i.SDMMC_CmdWriteSingleBlock)
    i.SDMMC_GetCmdResp1                      0x08002824   Section        0  stm32f4xx_ll_sdmmc.o(i.SDMMC_GetCmdResp1)
    SDMMC_GetCmdResp1                        0x08002825   Thumb Code   276  stm32f4xx_ll_sdmmc.o(i.SDMMC_GetCmdResp1)
    i.SDMMC_GetCmdResp2                      0x08002940   Section        0  stm32f4xx_ll_sdmmc.o(i.SDMMC_GetCmdResp2)
    SDMMC_GetCmdResp2                        0x08002941   Thumb Code    74  stm32f4xx_ll_sdmmc.o(i.SDMMC_GetCmdResp2)
    i.SDMMC_GetCmdResp3                      0x08002990   Section        0  stm32f4xx_ll_sdmmc.o(i.SDMMC_GetCmdResp3)
    SDMMC_GetCmdResp3                        0x08002991   Thumb Code    60  stm32f4xx_ll_sdmmc.o(i.SDMMC_GetCmdResp3)
    i.SDMMC_GetCmdResp6                      0x080029d0   Section        0  stm32f4xx_ll_sdmmc.o(i.SDMMC_GetCmdResp6)
    SDMMC_GetCmdResp6                        0x080029d1   Thumb Code   128  stm32f4xx_ll_sdmmc.o(i.SDMMC_GetCmdResp6)
    i.SD_CheckStatus                         0x08002a54   Section        0  sd_diskio.o(i.SD_CheckStatus)
    SD_CheckStatus                           0x08002a55   Thumb Code    26  sd_diskio.o(i.SD_CheckStatus)
    i.SD_InitCard                            0x08002a74   Section        0  stm32f4xx_hal_sd.o(i.SD_InitCard)
    SD_InitCard                              0x08002a75   Thumb Code   230  stm32f4xx_hal_sd.o(i.SD_InitCard)
    i.SD_PowerON                             0x08002b5a   Section        0  stm32f4xx_hal_sd.o(i.SD_PowerON)
    SD_PowerON                               0x08002b5b   Thumb Code   162  stm32f4xx_hal_sd.o(i.SD_PowerON)
    i.SD_initialize                          0x08002bfc   Section        0  sd_diskio.o(i.SD_initialize)
    i.SD_ioctl                               0x08002c1c   Section        0  sd_diskio.o(i.SD_ioctl)
    i.SD_read                                0x08002c6c   Section        0  sd_diskio.o(i.SD_read)
    i.SD_status                              0x08002c92   Section        0  sd_diskio.o(i.SD_status)
    i.SD_write                               0x08002c98   Section        0  sd_diskio.o(i.SD_write)
    i.SVC_Handler                            0x08002cbe   Section        0  stm32f4xx_it.o(i.SVC_Handler)
    i.SysTick_Handler                        0x08002cc0   Section        0  stm32f4xx_it.o(i.SysTick_Handler)
    i.SystemClock_Config                     0x08002cd0   Section        0  main.o(i.SystemClock_Config)
    i.SystemInit                             0x08002d70   Section        0  system_stm32f4xx.o(i.SystemInit)
    i.USBH_AllocPipe                         0x08002dc4   Section        0  usbh_pipes.o(i.USBH_AllocPipe)
    i.USBH_BulkReceiveData                   0x08002df8   Section        0  usbh_ioreq.o(i.USBH_BulkReceiveData)
    i.USBH_BulkSendData                      0x08002e18   Section        0  usbh_ioreq.o(i.USBH_BulkSendData)
    i.USBH_CDC_ClassRequest                  0x08002e40   Section        0  usbh_cdc.o(i.USBH_CDC_ClassRequest)
    USBH_CDC_ClassRequest                    0x08002e41   Thumb Code    36  usbh_cdc.o(i.USBH_CDC_ClassRequest)
    i.USBH_CDC_InterfaceDeInit               0x08002e64   Section        0  usbh_cdc.o(i.USBH_CDC_InterfaceDeInit)
    USBH_CDC_InterfaceDeInit                 0x08002e65   Thumb Code    94  usbh_cdc.o(i.USBH_CDC_InterfaceDeInit)
    i.USBH_CDC_InterfaceInit                 0x08002ec2   Section        0  usbh_cdc.o(i.USBH_CDC_InterfaceInit)
    USBH_CDC_InterfaceInit                   0x08002ec3   Thumb Code   308  usbh_cdc.o(i.USBH_CDC_InterfaceInit)
    i.USBH_CDC_LineCodingChanged             0x08002ff6   Section        0  usbh_cdc.o(i.USBH_CDC_LineCodingChanged)
    i.USBH_CDC_Process                       0x08002ff8   Section        0  usbh_cdc.o(i.USBH_CDC_Process)
    USBH_CDC_Process                         0x08002ff9   Thumb Code   184  usbh_cdc.o(i.USBH_CDC_Process)
    i.USBH_CDC_ReceiveCallback               0x080030b0   Section        0  usbh_cdc.o(i.USBH_CDC_ReceiveCallback)
    i.USBH_CDC_SOFProcess                    0x080030b2   Section        0  usbh_cdc.o(i.USBH_CDC_SOFProcess)
    USBH_CDC_SOFProcess                      0x080030b3   Thumb Code     4  usbh_cdc.o(i.USBH_CDC_SOFProcess)
    i.USBH_CDC_TransmitCallback              0x080030b6   Section        0  usbh_cdc.o(i.USBH_CDC_TransmitCallback)
    i.USBH_ClosePipe                         0x080030b8   Section        0  usbh_pipes.o(i.USBH_ClosePipe)
    i.USBH_ClrFeature                        0x080030c2   Section        0  usbh_ctlreq.o(i.USBH_ClrFeature)
    i.USBH_CtlReceiveData                    0x080030e0   Section        0  usbh_ioreq.o(i.USBH_CtlReceiveData)
    i.USBH_CtlReq                            0x080030fe   Section        0  usbh_ctlreq.o(i.USBH_CtlReq)
    i.USBH_CtlSendData                       0x08003134   Section        0  usbh_ioreq.o(i.USBH_CtlSendData)
    i.USBH_CtlSendSetup                      0x0800315c   Section        0  usbh_ioreq.o(i.USBH_CtlSendSetup)
    i.USBH_Delay                             0x0800317a   Section        0  usbh_conf.o(i.USBH_Delay)
    i.USBH_FindInterface                     0x0800317e   Section        0  usbh_core.o(i.USBH_FindInterface)
    i.USBH_FreePipe                          0x080031c2   Section        0  usbh_pipes.o(i.USBH_FreePipe)
    i.USBH_GetDescriptor                     0x080031da   Section        0  usbh_ctlreq.o(i.USBH_GetDescriptor)
    i.USBH_GetNextDesc                       0x0800320e   Section        0  usbh_ctlreq.o(i.USBH_GetNextDesc)
    i.USBH_Get_CfgDesc                       0x0800321c   Section        0  usbh_ctlreq.o(i.USBH_Get_CfgDesc)
    i.USBH_Get_DevDesc                       0x08003248   Section        0  usbh_ctlreq.o(i.USBH_Get_DevDesc)
    i.USBH_Get_StringDesc                    0x080032e2   Section        0  usbh_ctlreq.o(i.USBH_Get_StringDesc)
    i.USBH_HandleControl                     0x0800332a   Section        0  usbh_ctlreq.o(i.USBH_HandleControl)
    USBH_HandleControl                       0x0800332b   Thumb Code   382  usbh_ctlreq.o(i.USBH_HandleControl)
    i.USBH_HandleEnum                        0x080034a8   Section        0  usbh_core.o(i.USBH_HandleEnum)
    USBH_HandleEnum                          0x080034a9   Thumb Code   242  usbh_core.o(i.USBH_HandleEnum)
    i.USBH_Init                              0x0800359a   Section        0  usbh_core.o(i.USBH_Init)
    i.USBH_LL_ClosePipe                      0x080035ca   Section        0  usbh_conf.o(i.USBH_LL_ClosePipe)
    i.USBH_LL_Connect                        0x080035ea   Section        0  usbh_core.o(i.USBH_LL_Connect)
    i.USBH_LL_Disconnect                     0x08003612   Section        0  usbh_core.o(i.USBH_LL_Disconnect)
    i.USBH_LL_DriverVBUS                     0x0800364a   Section        0  usbh_conf.o(i.USBH_LL_DriverVBUS)
    i.USBH_LL_GetLastXferSize                0x08003664   Section        0  usbh_conf.o(i.USBH_LL_GetLastXferSize)
    i.USBH_LL_GetSpeed                       0x0800366c   Section        0  usbh_conf.o(i.USBH_LL_GetSpeed)
    i.USBH_LL_GetURBState                    0x0800368e   Section        0  usbh_conf.o(i.USBH_LL_GetURBState)
    i.USBH_LL_IncTimer                       0x08003696   Section        0  usbh_core.o(i.USBH_LL_IncTimer)
    i.USBH_LL_Init                           0x080036b4   Section        0  usbh_conf.o(i.USBH_LL_Init)
    i.USBH_LL_OpenPipe                       0x0800371c   Section        0  usbh_conf.o(i.USBH_LL_OpenPipe)
    i.USBH_LL_ResetPort                      0x08003746   Section        0  usbh_conf.o(i.USBH_LL_ResetPort)
    i.USBH_LL_SetTimer                       0x08003766   Section        0  usbh_core.o(i.USBH_LL_SetTimer)
    i.USBH_LL_SetToggle                      0x0800376c   Section        0  usbh_conf.o(i.USBH_LL_SetToggle)
    i.USBH_LL_Start                          0x0800378c   Section        0  usbh_conf.o(i.USBH_LL_Start)
    i.USBH_LL_Stop                           0x080037ac   Section        0  usbh_conf.o(i.USBH_LL_Stop)
    i.USBH_LL_SubmitURB                      0x080037cc   Section        0  usbh_conf.o(i.USBH_LL_SubmitURB)
    i.USBH_OpenPipe                          0x080037fc   Section        0  usbh_pipes.o(i.USBH_OpenPipe)
    i.USBH_ParseCfgDesc                      0x08003810   Section        0  usbh_ctlreq.o(i.USBH_ParseCfgDesc)
    USBH_ParseCfgDesc                        0x08003811   Thumb Code   232  usbh_ctlreq.o(i.USBH_ParseCfgDesc)
    i.USBH_Process                           0x080038f8   Section        0  usbh_core.o(i.USBH_Process)
    i.USBH_RegisterClass                     0x08003a60   Section        0  usbh_core.o(i.USBH_RegisterClass)
    i.USBH_SelectInterface                   0x08003a7c   Section        0  usbh_core.o(i.USBH_SelectInterface)
    i.USBH_SetAddress                        0x08003a92   Section        0  usbh_ctlreq.o(i.USBH_SetAddress)
    i.USBH_SetCfg                            0x08003aae   Section        0  usbh_ctlreq.o(i.USBH_SetCfg)
    i.USBH_Start                             0x08003aca   Section        0  usbh_core.o(i.USBH_Start)
    i.USBH_UserProcess                       0x08003ae0   Section        0  usb_host.o(i.USBH_UserProcess)
    USBH_UserProcess                         0x08003ae1   Thumb Code    28  usb_host.o(i.USBH_UserProcess)
    i.USB_CoreInit                           0x08003b00   Section        0  stm32f4xx_ll_usb.o(i.USB_CoreInit)
    i.USB_CoreReset                          0x08003b6c   Section        0  stm32f4xx_ll_usb.o(i.USB_CoreReset)
    USB_CoreReset                            0x08003b6d   Thumb Code    50  stm32f4xx_ll_usb.o(i.USB_CoreReset)
    i.USB_DisableGlobalInt                   0x08003ba4   Section        0  stm32f4xx_ll_usb.o(i.USB_DisableGlobalInt)
    i.USB_DoPing                             0x08003bb0   Section        0  stm32f4xx_ll_usb.o(i.USB_DoPing)
    i.USB_DriveVbus                          0x08003bf0   Section        0  stm32f4xx_ll_usb.o(i.USB_DriveVbus)
    i.USB_EnableGlobalInt                    0x08003c1c   Section        0  stm32f4xx_ll_usb.o(i.USB_EnableGlobalInt)
    i.USB_FlushRxFifo                        0x08003c28   Section        0  stm32f4xx_ll_usb.o(i.USB_FlushRxFifo)
    i.USB_FlushTxFifo                        0x08003c48   Section        0  stm32f4xx_ll_usb.o(i.USB_FlushTxFifo)
    i.USB_GetCurrentFrame                    0x08003c6c   Section        0  stm32f4xx_ll_usb.o(i.USB_GetCurrentFrame)
    i.USB_GetHostSpeed                       0x08003c74   Section        0  stm32f4xx_ll_usb.o(i.USB_GetHostSpeed)
    i.USB_GetMode                            0x08003c82   Section        0  stm32f4xx_ll_usb.o(i.USB_GetMode)
    i.USB_HC_Halt                            0x08003c8a   Section        0  stm32f4xx_ll_usb.o(i.USB_HC_Halt)
    i.USB_HC_Init                            0x08003dd4   Section        0  stm32f4xx_ll_usb.o(i.USB_HC_Init)
    i.USB_HC_ReadInterrupt                   0x08003ebe   Section        0  stm32f4xx_ll_usb.o(i.USB_HC_ReadInterrupt)
    i.USB_HC_StartXfer                       0x08003ecc   Section        0  stm32f4xx_ll_usb.o(i.USB_HC_StartXfer)
    i.USB_HostInit                           0x08004054   Section        0  stm32f4xx_ll_usb.o(i.USB_HostInit)
    i.USB_InitFSLSPClkSel                    0x08004128   Section        0  stm32f4xx_ll_usb.o(i.USB_InitFSLSPClkSel)
    i.USB_ReadInterrupts                     0x0800415e   Section        0  stm32f4xx_ll_usb.o(i.USB_ReadInterrupts)
    i.USB_ReadPacket                         0x08004166   Section        0  stm32f4xx_ll_usb.o(i.USB_ReadPacket)
    i.USB_ResetPort                          0x08004186   Section        0  stm32f4xx_ll_usb.o(i.USB_ResetPort)
    i.USB_SetCurrentMode                     0x080041b2   Section        0  stm32f4xx_ll_usb.o(i.USB_SetCurrentMode)
    i.USB_StopHost                           0x080041de   Section        0  stm32f4xx_ll_usb.o(i.USB_StopHost)
    i.USB_WritePacket                        0x08004290   Section        0  stm32f4xx_ll_usb.o(i.USB_WritePacket)
    i._Error_Handler                         0x080042b8   Section        0  main.o(i._Error_Handler)
    i.__scatterload_copy                     0x080042ba   Section       14  handlers.o(i.__scatterload_copy)
    i.__scatterload_null                     0x080042c8   Section        2  handlers.o(i.__scatterload_null)
    i.__scatterload_zeroinit                 0x080042ca   Section       14  handlers.o(i.__scatterload_zeroinit)
    i.check_fs                               0x080042d8   Section        0  ff.o(i.check_fs)
    check_fs                                 0x080042d9   Thumb Code   102  ff.o(i.check_fs)
    i.chk_lock                               0x08004348   Section        0  ff.o(i.chk_lock)
    chk_lock                                 0x08004349   Thumb Code    86  ff.o(i.chk_lock)
    i.clear_lock                             0x080043a4   Section        0  ff.o(i.clear_lock)
    clear_lock                               0x080043a5   Thumb Code    28  ff.o(i.clear_lock)
    i.clmt_clust                             0x080043c4   Section        0  ff.o(i.clmt_clust)
    clmt_clust                               0x080043c5   Thumb Code    38  ff.o(i.clmt_clust)
    i.clust2sect                             0x080043ea   Section        0  ff.o(i.clust2sect)
    clust2sect                               0x080043eb   Thumb Code    24  ff.o(i.clust2sect)
    i.create_chain                           0x08004402   Section        0  ff.o(i.create_chain)
    create_chain                             0x08004403   Thumb Code   164  ff.o(i.create_chain)
    i.create_name                            0x080044a8   Section        0  ff.o(i.create_name)
    create_name                              0x080044a9   Thumb Code   168  ff.o(i.create_name)
    i.dec_lock                               0x08004564   Section        0  ff.o(i.dec_lock)
    dec_lock                                 0x08004565   Thumb Code    48  ff.o(i.dec_lock)
    i.dir_find                               0x08004598   Section        0  ff.o(i.dir_find)
    dir_find                                 0x08004599   Thumb Code   100  ff.o(i.dir_find)
    i.dir_next                               0x080045fc   Section        0  ff.o(i.dir_next)
    dir_next                                 0x080045fd   Thumb Code   258  ff.o(i.dir_next)
    i.dir_register                           0x080046fe   Section        0  ff.o(i.dir_register)
    dir_register                             0x080046ff   Thumb Code   102  ff.o(i.dir_register)
    i.dir_sdi                                0x08004764   Section        0  ff.o(i.dir_sdi)
    dir_sdi                                  0x08004765   Thumb Code   142  ff.o(i.dir_sdi)
    i.disk_initialize                        0x080047f4   Section        0  diskio.o(i.disk_initialize)
    i.disk_ioctl                             0x0800481c   Section        0  diskio.o(i.disk_ioctl)
    i.disk_read                              0x08004838   Section        0  diskio.o(i.disk_read)
    i.disk_status                            0x08004854   Section        0  diskio.o(i.disk_status)
    i.disk_write                             0x0800486c   Section        0  diskio.o(i.disk_write)
    i.f_close                                0x08004888   Section        0  ff.o(i.f_close)
    i.f_mount                                0x080048b0   Section        0  ff.o(i.f_mount)
    i.f_open                                 0x08004908   Section        0  ff.o(i.f_open)
    i.f_sync                                 0x08004b24   Section        0  ff.o(i.f_sync)
    i.f_write                                0x08004bb2   Section        0  ff.o(i.f_write)
    i.find_volume                            0x08004d64   Section        0  ff.o(i.find_volume)
    find_volume                              0x08004d65   Thumb Code   636  ff.o(i.find_volume)
    i.follow_path                            0x08004fec   Section        0  ff.o(i.follow_path)
    follow_path                              0x08004fed   Thumb Code   122  ff.o(i.follow_path)
    i.free                                   0x08005068   Section        0  malloc.o(i.free)
    i.get_fat                                0x080050b8   Section        0  ff.o(i.get_fat)
    get_fat                                  0x080050b9   Thumb Code   232  ff.o(i.get_fat)
    i.get_fattime                            0x080051a0   Section        0  fatfs.o(i.get_fattime)
    i.get_ldnumber                           0x080051a4   Section        0  ff.o(i.get_ldnumber)
    get_ldnumber                             0x080051a5   Thumb Code    60  ff.o(i.get_ldnumber)
    i.inc_lock                               0x080051e0   Section        0  ff.o(i.inc_lock)
    inc_lock                                 0x080051e1   Thumb Code   124  ff.o(i.inc_lock)
    i.ld_clust                               0x08005260   Section        0  ff.o(i.ld_clust)
    ld_clust                                 0x08005261   Thumb Code    38  ff.o(i.ld_clust)
    i.ld_dword                               0x08005286   Section        0  ff.o(i.ld_dword)
    ld_dword                                 0x08005287   Thumb Code    22  ff.o(i.ld_dword)
    i.ld_word                                0x0800529c   Section        0  ff.o(i.ld_word)
    ld_word                                  0x0800529d   Thumb Code    10  ff.o(i.ld_word)
    i.main                                   0x080052a8   Section        0  main.o(i.main)
    i.malloc                                 0x080053b4   Section        0  malloc.o(i.malloc)
    i.mem_cpy                                0x08005420   Section        0  ff.o(i.mem_cpy)
    mem_cpy                                  0x08005421   Thumb Code    18  ff.o(i.mem_cpy)
    i.mem_set                                0x08005434   Section        0  ff.o(i.mem_set)
    mem_set                                  0x08005435   Thumb Code    14  ff.o(i.mem_set)
    i.move_window                            0x08005442   Section        0  ff.o(i.move_window)
    move_window                              0x08005443   Thumb Code    50  ff.o(i.move_window)
    i.put_fat                                0x08005474   Section        0  ff.o(i.put_fat)
    put_fat                                  0x08005475   Thumb Code   292  ff.o(i.put_fat)
    i.remove_chain                           0x08005598   Section        0  ff.o(i.remove_chain)
    remove_chain                             0x08005599   Thumb Code   116  ff.o(i.remove_chain)
    i.st_clust                               0x0800560c   Section        0  ff.o(i.st_clust)
    st_clust                                 0x0800560d   Thumb Code    40  ff.o(i.st_clust)
    i.st_dword                               0x08005634   Section        0  ff.o(i.st_dword)
    st_dword                                 0x08005635   Thumb Code    16  ff.o(i.st_dword)
    i.st_word                                0x08005644   Section        0  ff.o(i.st_word)
    st_word                                  0x08005645   Thumb Code     8  ff.o(i.st_word)
    i.sync_fs                                0x0800564c   Section        0  ff.o(i.sync_fs)
    sync_fs                                  0x0800564d   Thumb Code   126  ff.o(i.sync_fs)
    i.sync_window                            0x080056d4   Section        0  ff.o(i.sync_window)
    sync_window                              0x080056d5   Thumb Code    82  ff.o(i.sync_window)
    i.validate                               0x08005726   Section        0  ff.o(i.validate)
    validate                                 0x08005727   Thumb Code    50  ff.o(i.validate)
    .constdata                               0x08005758   Section       20  sd_diskio.o(.constdata)
    .constdata                               0x0800576c   Section       16  system_stm32f4xx.o(.constdata)
    .constdata                               0x0800577c   Section        8  system_stm32f4xx.o(.constdata)
    .constdata                               0x08005784   Section      156  ff.o(.constdata)
    ExCvt                                    0x08005784   Data         128  ff.o(.constdata)
    cst                                      0x08005804   Data          14  ff.o(.constdata)
    cst32                                    0x08005812   Data          14  ff.o(.constdata)
    .conststring                             0x08005820   Section        4  usbh_cdc.o(.conststring)
    .data                                    0x20000000   Section        4  main.o(.data)
    .data                                    0x20000004   Section        1  sd_diskio.o(.data)
    Stat                                     0x20000004   Data           1  sd_diskio.o(.data)
    .data                                    0x20000005   Section        5  fatfs.o(.data)
    .data                                    0x2000000a   Section        1  usb_host.o(.data)
    .data                                    0x2000000c   Section       12  stm32f4xx_hal.o(.data)
    .data                                    0x20000018   Section        4  system_stm32f4xx.o(.data)
    .data                                    0x2000001c   Section        8  ff.o(.data)
    Fsid                                     0x2000001c   Data           2  ff.o(.data)
    FatFs                                    0x20000020   Data           4  ff.o(.data)
    .data                                    0x20000024   Section       32  usbh_cdc.o(.data)
    .data                                    0x20000044   Section        4  mvars.o(.data)
    .data                                    0x20000048   Section        4  mvars.o(.data)
    .bss                                     0x2000004c   Section     8580  main.o(.bss)
    .bss                                     0x200021d0   Section      968  usb_host.o(.bss)
    .bss                                     0x20002598   Section      664  usbh_conf.o(.bss)
    .bss                                     0x20002830   Section       32  ff.o(.bss)
    Files                                    0x20002830   Data          32  ff.o(.bss)
    .bss                                     0x20002850   Section       12  ff_gen_drv.o(.bss)
    HEAP                                     0x20002860   Section      512  startup_stm32f407xx.o(HEAP)
    STACK                                    0x20002a60   Section     1024  startup_stm32f407xx.o(STACK)

    Global Symbols

    Symbol Name                              Value     Ov Type        Size  Object(Section)

    BuildAttributes$$THM_ISAv4$E$P$D$K$B$S$7EM$VFPi3$EXTD16$VFPS$VFMA$PE$A:L22UL41UL21$X:L11$S22US41US21$IEEE1$IW$USESV6$~STKCKD$USESV7$~SHL$OSPACE$EBA8$MICROLIB$REQ8$PRES8$EABIv2 0x00000000   Number         0  anon$$obj.o ABSOLUTE
    __ARM_use_no_argv                        0x00000000   Number         0  main.o ABSOLUTE
    __cpp_initialize__aeabi_                  - Undefined Weak Reference
    __cxa_finalize                            - Undefined Weak Reference
    __decompress                              - Undefined Weak Reference
    _clock_init                               - Undefined Weak Reference
    _microlib_exit                            - Undefined Weak Reference
    __Vectors_Size                           0x00000188   Number         0  startup_stm32f407xx.o ABSOLUTE
    __Vectors                                0x08000000   Data           4  startup_stm32f407xx.o(RESET)
    __Vectors_End                            0x08000188   Data           0  startup_stm32f407xx.o(RESET)
    __main                                   0x08000189   Thumb Code     0  entry.o(.ARM.Collect$$$$00000000)
    _main_stk                                0x08000189   Thumb Code     0  entry2.o(.ARM.Collect$$$$00000001)
    _main_scatterload                        0x0800018d   Thumb Code     0  entry5.o(.ARM.Collect$$$$00000004)
    __main_after_scatterload                 0x08000191   Thumb Code     0  entry5.o(.ARM.Collect$$$$00000004)
    _main_clock                              0x08000191   Thumb Code     0  entry7b.o(.ARM.Collect$$$$00000008)
    _main_cpp_init                           0x08000191   Thumb Code     0  entry8b.o(.ARM.Collect$$$$0000000A)
    _main_init                               0x08000191   Thumb Code     0  entry9a.o(.ARM.Collect$$$$0000000B)
    __rt_final_cpp                           0x08000199   Thumb Code     0  entry10a.o(.ARM.Collect$$$$0000000D)
    __rt_final_exit                          0x08000199   Thumb Code     0  entry11a.o(.ARM.Collect$$$$0000000F)
    Reset_Handler                            0x0800019d   Thumb Code     8  startup_stm32f407xx.o(.text)
    NMI_Handler                              0x080001a5   Thumb Code     2  startup_stm32f407xx.o(.text)
    HardFault_Handler                        0x080001a7   Thumb Code     2  startup_stm32f407xx.o(.text)
    MemManage_Handler                        0x080001a9   Thumb Code     2  startup_stm32f407xx.o(.text)
    BusFault_Handler                         0x080001ab   Thumb Code     2  startup_stm32f407xx.o(.text)
    UsageFault_Handler                       0x080001ad   Thumb Code     2  startup_stm32f407xx.o(.text)
    DebugMon_Handler                         0x080001b1   Thumb Code     2  startup_stm32f407xx.o(.text)
    ADC_IRQHandler                           0x080001b7   Thumb Code     0  startup_stm32f407xx.o(.text)
    CAN1_RX0_IRQHandler                      0x080001b7   Thumb Code     0  startup_stm32f407xx.o(.text)
    CAN1_RX1_IRQHandler                      0x080001b7   Thumb Code     0  startup_stm32f407xx.o(.text)
    CAN1_SCE_IRQHandler                      0x080001b7   Thumb Code     0  startup_stm32f407xx.o(.text)
    CAN1_TX_IRQHandler                       0x080001b7   Thumb Code     0  startup_stm32f407xx.o(.text)
    CAN2_RX0_IRQHandler                      0x080001b7   Thumb Code     0  startup_stm32f407xx.o(.text)
    CAN2_RX1_IRQHandler                      0x080001b7   Thumb Code     0  startup_stm32f407xx.o(.text)
    CAN2_SCE_IRQHandler                      0x080001b7   Thumb Code     0  startup_stm32f407xx.o(.text)
    CAN2_TX_IRQHandler                       0x080001b7   Thumb Code     0  startup_stm32f407xx.o(.text)
    DCMI_IRQHandler                          0x080001b7   Thumb Code     0  startup_stm32f407xx.o(.text)
    DMA1_Stream0_IRQHandler                  0x080001b7   Thumb Code     0  startup_stm32f407xx.o(.text)
    DMA1_Stream1_IRQHandler                  0x080001b7   Thumb Code     0  startup_stm32f407xx.o(.text)
    DMA1_Stream2_IRQHandler                  0x080001b7   Thumb Code     0  startup_stm32f407xx.o(.text)
    DMA1_Stream3_IRQHandler                  0x080001b7   Thumb Code     0  startup_stm32f407xx.o(.text)
    DMA1_Stream4_IRQHandler                  0x080001b7   Thumb Code     0  startup_stm32f407xx.o(.text)
    DMA1_Stream5_IRQHandler                  0x080001b7   Thumb Code     0  startup_stm32f407xx.o(.text)
    DMA1_Stream6_IRQHandler                  0x080001b7   Thumb Code     0  startup_stm32f407xx.o(.text)
    DMA1_Stream7_IRQHandler                  0x080001b7   Thumb Code     0  startup_stm32f407xx.o(.text)
    DMA2_Stream0_IRQHandler                  0x080001b7   Thumb Code     0  startup_stm32f407xx.o(.text)
    DMA2_Stream1_IRQHandler                  0x080001b7   Thumb Code     0  startup_stm32f407xx.o(.text)
    DMA2_Stream2_IRQHandler                  0x080001b7   Thumb Code     0  startup_stm32f407xx.o(.text)
    DMA2_Stream3_IRQHandler                  0x080001b7   Thumb Code     0  startup_stm32f407xx.o(.text)
    DMA2_Stream4_IRQHandler                  0x080001b7   Thumb Code     0  startup_stm32f407xx.o(.text)
    DMA2_Stream5_IRQHandler                  0x080001b7   Thumb Code     0  startup_stm32f407xx.o(.text)
    DMA2_Stream6_IRQHandler                  0x080001b7   Thumb Code     0  startup_stm32f407xx.o(.text)
    DMA2_Stream7_IRQHandler                  0x080001b7   Thumb Code     0  startup_stm32f407xx.o(.text)
    ETH_IRQHandler                           0x080001b7   Thumb Code     0  startup_stm32f407xx.o(.text)
    ETH_WKUP_IRQHandler                      0x080001b7   Thumb Code     0  startup_stm32f407xx.o(.text)
    EXTI15_10_IRQHandler                     0x080001b7   Thumb Code     0  startup_stm32f407xx.o(.text)
    EXTI2_IRQHandler                         0x080001b7   Thumb Code     0  startup_stm32f407xx.o(.text)
    EXTI3_IRQHandler                         0x080001b7   Thumb Code     0  startup_stm32f407xx.o(.text)
    EXTI4_IRQHandler                         0x080001b7   Thumb Code     0  startup_stm32f407xx.o(.text)
    EXTI9_5_IRQHandler                       0x080001b7   Thumb Code     0  startup_stm32f407xx.o(.text)
    FLASH_IRQHandler                         0x080001b7   Thumb Code     0  startup_stm32f407xx.o(.text)
    FMC_IRQHandler                           0x080001b7   Thumb Code     0  startup_stm32f407xx.o(.text)
    FPU_IRQHandler                           0x080001b7   Thumb Code     0  startup_stm32f407xx.o(.text)
    HASH_RNG_IRQHandler                      0x080001b7   Thumb Code     0  startup_stm32f407xx.o(.text)
    I2C1_ER_IRQHandler                       0x080001b7   Thumb Code     0  startup_stm32f407xx.o(.text)
    I2C1_EV_IRQHandler                       0x080001b7   Thumb Code     0  startup_stm32f407xx.o(.text)
    I2C2_ER_IRQHandler                       0x080001b7   Thumb Code     0  startup_stm32f407xx.o(.text)
    I2C2_EV_IRQHandler                       0x080001b7   Thumb Code     0  startup_stm32f407xx.o(.text)
    I2C3_ER_IRQHandler                       0x080001b7   Thumb Code     0  startup_stm32f407xx.o(.text)
    I2C3_EV_IRQHandler                       0x080001b7   Thumb Code     0  startup_stm32f407xx.o(.text)
    OTG_FS_WKUP_IRQHandler                   0x080001b7   Thumb Code     0  startup_stm32f407xx.o(.text)
    OTG_HS_EP1_IN_IRQHandler                 0x080001b7   Thumb Code     0  startup_stm32f407xx.o(.text)
    OTG_HS_EP1_OUT_IRQHandler                0x080001b7   Thumb Code     0  startup_stm32f407xx.o(.text)
    OTG_HS_IRQHandler                        0x080001b7   Thumb Code     0  startup_stm32f407xx.o(.text)
    OTG_HS_WKUP_IRQHandler                   0x080001b7   Thumb Code     0  startup_stm32f407xx.o(.text)
    PVD_IRQHandler                           0x080001b7   Thumb Code     0  startup_stm32f407xx.o(.text)
    RCC_IRQHandler                           0x080001b7   Thumb Code     0  startup_stm32f407xx.o(.text)
    RTC_Alarm_IRQHandler                     0x080001b7   Thumb Code     0  startup_stm32f407xx.o(.text)
    RTC_WKUP_IRQHandler                      0x080001b7   Thumb Code     0  startup_stm32f407xx.o(.text)
    SDIO_IRQHandler                          0x080001b7   Thumb Code     0  startup_stm32f407xx.o(.text)
    SPI1_IRQHandler                          0x080001b7   Thumb Code     0  startup_stm32f407xx.o(.text)
    SPI2_IRQHandler                          0x080001b7   Thumb Code     0  startup_stm32f407xx.o(.text)
    SPI3_IRQHandler                          0x080001b7   Thumb Code     0  startup_stm32f407xx.o(.text)
    TAMP_STAMP_IRQHandler                    0x080001b7   Thumb Code     0  startup_stm32f407xx.o(.text)
    TIM1_BRK_TIM9_IRQHandler                 0x080001b7   Thumb Code     0  startup_stm32f407xx.o(.text)
    TIM1_CC_IRQHandler                       0x080001b7   Thumb Code     0  startup_stm32f407xx.o(.text)
    TIM1_TRG_COM_TIM11_IRQHandler            0x080001b7   Thumb Code     0  startup_stm32f407xx.o(.text)
    TIM1_UP_TIM10_IRQHandler                 0x080001b7   Thumb Code     0  startup_stm32f407xx.o(.text)
    TIM2_IRQHandler                          0x080001b7   Thumb Code     0  startup_stm32f407xx.o(.text)
    TIM3_IRQHandler                          0x080001b7   Thumb Code     0  startup_stm32f407xx.o(.text)
    TIM4_IRQHandler                          0x080001b7   Thumb Code     0  startup_stm32f407xx.o(.text)
    TIM5_IRQHandler                          0x080001b7   Thumb Code     0  startup_stm32f407xx.o(.text)
    TIM6_DAC_IRQHandler                      0x080001b7   Thumb Code     0  startup_stm32f407xx.o(.text)
    TIM7_IRQHandler                          0x080001b7   Thumb Code     0  startup_stm32f407xx.o(.text)
    TIM8_BRK_TIM12_IRQHandler                0x080001b7   Thumb Code     0  startup_stm32f407xx.o(.text)
    TIM8_CC_IRQHandler                       0x080001b7   Thumb Code     0  startup_stm32f407xx.o(.text)
    TIM8_TRG_COM_TIM14_IRQHandler            0x080001b7   Thumb Code     0  startup_stm32f407xx.o(.text)
    TIM8_UP_TIM13_IRQHandler                 0x080001b7   Thumb Code     0  startup_stm32f407xx.o(.text)
    UART4_IRQHandler                         0x080001b7   Thumb Code     0  startup_stm32f407xx.o(.text)
    UART5_IRQHandler                         0x080001b7   Thumb Code     0  startup_stm32f407xx.o(.text)
    USART1_IRQHandler                        0x080001b7   Thumb Code     0  startup_stm32f407xx.o(.text)
    USART2_IRQHandler                        0x080001b7   Thumb Code     0  startup_stm32f407xx.o(.text)
    USART3_IRQHandler                        0x080001b7   Thumb Code     0  startup_stm32f407xx.o(.text)
    USART6_IRQHandler                        0x080001b7   Thumb Code     0  startup_stm32f407xx.o(.text)
    WWDG_IRQHandler                          0x080001b7   Thumb Code     0  startup_stm32f407xx.o(.text)
    __aeabi_uldivmod                         0x080001c1   Thumb Code    98  uldiv.o(.text)
    __aeabi_memcpy                           0x08000223   Thumb Code    36  memcpya.o(.text)
    __aeabi_memcpy4                          0x08000223   Thumb Code     0  memcpya.o(.text)
    __aeabi_memcpy8                          0x08000223   Thumb Code     0  memcpya.o(.text)
    __aeabi_llsl                             0x08000247   Thumb Code    30  llshl.o(.text)
    _ll_shift_l                              0x08000247   Thumb Code     0  llshl.o(.text)
    __aeabi_llsr                             0x08000265   Thumb Code    32  llushr.o(.text)
    _ll_ushift_r                             0x08000265   Thumb Code     0  llushr.o(.text)
    __scatterload                            0x08000285   Thumb Code    28  init.o(.text)
    __scatterload_rt2                        0x08000285   Thumb Code     0  init.o(.text)
    BSP_SD_GetCardInfo                       0x080003cd   Thumb Code     8  bsp_driver_sd.o(i.BSP_SD_GetCardInfo)
    BSP_SD_GetCardState                      0x080003d9   Thumb Code    20  bsp_driver_sd.o(i.BSP_SD_GetCardState)
    BSP_SD_Init                              0x080003f1   Thumb Code    30  bsp_driver_sd.o(i.BSP_SD_Init)
    BSP_SD_ReadBlocks                        0x08000415   Thumb Code    26  bsp_driver_sd.o(i.BSP_SD_ReadBlocks)
    BSP_SD_WriteBlocks                       0x08000435   Thumb Code    26  bsp_driver_sd.o(i.BSP_SD_WriteBlocks)
    EXTI0_IRQHandler                         0x08000579   Thumb Code     6  stm32f4xx_it.o(i.EXTI0_IRQHandler)
    EXTI1_IRQHandler                         0x0800057f   Thumb Code     6  stm32f4xx_it.o(i.EXTI1_IRQHandler)
    FATFS_LinkDriver                         0x08000585   Thumb Code     6  ff_gen_drv.o(i.FATFS_LinkDriver)
    FATFS_LinkDriverEx                       0x0800058d   Thumb Code    58  ff_gen_drv.o(i.FATFS_LinkDriverEx)
    HAL_ADC_ConfigChannel                    0x080005e5   Thumb Code   316  stm32f4xx_hal_adc.o(i.HAL_ADC_ConfigChannel)
    HAL_ADC_Init                             0x08000731   Thumb Code    84  stm32f4xx_hal_adc.o(i.HAL_ADC_Init)
    HAL_ADC_MspInit                          0x08000785   Thumb Code    54  stm32f4xx_hal_msp.o(i.HAL_ADC_MspInit)
    HAL_Delay                                0x080007c9   Thumb Code    32  stm32f4xx_hal.o(i.HAL_Delay)
    HAL_GPIO_EXTI_Callback                   0x080007ed   Thumb Code     2  stm32f4xx_hal_gpio.o(i.HAL_GPIO_EXTI_Callback)
    HAL_GPIO_EXTI_IRQHandler                 0x080007f1   Thumb Code    18  stm32f4xx_hal_gpio.o(i.HAL_GPIO_EXTI_IRQHandler)
    HAL_GPIO_Init                            0x08000809   Thumb Code   388  stm32f4xx_hal_gpio.o(i.HAL_GPIO_Init)
    HAL_GPIO_WritePin                        0x080009b9   Thumb Code    10  stm32f4xx_hal_gpio.o(i.HAL_GPIO_WritePin)
    HAL_GetTick                              0x080009c5   Thumb Code     6  stm32f4xx_hal.o(i.HAL_GetTick)
    HAL_HCD_Connect_Callback                 0x080009d1   Thumb Code     8  usbh_conf.o(i.HAL_HCD_Connect_Callback)
    HAL_HCD_Disconnect_Callback              0x080009d9   Thumb Code     8  usbh_conf.o(i.HAL_HCD_Disconnect_Callback)
    HAL_HCD_GetCurrentFrame                  0x080009e1   Thumb Code     6  stm32f4xx_hal_hcd.o(i.HAL_HCD_GetCurrentFrame)
    HAL_HCD_GetCurrentSpeed                  0x080009e7   Thumb Code     6  stm32f4xx_hal_hcd.o(i.HAL_HCD_GetCurrentSpeed)
    HAL_HCD_HC_GetURBState                   0x080009ed   Thumb Code    14  stm32f4xx_hal_hcd.o(i.HAL_HCD_HC_GetURBState)
    HAL_HCD_HC_GetXferCount                  0x080009fb   Thumb Code    12  stm32f4xx_hal_hcd.o(i.HAL_HCD_HC_GetXferCount)
    HAL_HCD_HC_Halt                          0x08000a07   Thumb Code    36  stm32f4xx_hal_hcd.o(i.HAL_HCD_HC_Halt)
    HAL_HCD_HC_Init                          0x08000a2b   Thumb Code    84  stm32f4xx_hal_hcd.o(i.HAL_HCD_HC_Init)
    HAL_HCD_HC_NotifyURBChange_Callback      0x08000a7f   Thumb Code     2  usbh_conf.o(i.HAL_HCD_HC_NotifyURBChange_Callback)
    HAL_HCD_HC_SubmitRequest                 0x08000a81   Thumb Code   182  stm32f4xx_hal_hcd.o(i.HAL_HCD_HC_SubmitRequest)
    HAL_HCD_IRQHandler                       0x08000b39   Thumb Code   302  stm32f4xx_hal_hcd.o(i.HAL_HCD_IRQHandler)
    HAL_HCD_Init                             0x08000c67   Thumb Code    90  stm32f4xx_hal_hcd.o(i.HAL_HCD_Init)
    HAL_HCD_MspInit                          0x08000cc1   Thumb Code   110  usbh_conf.o(i.HAL_HCD_MspInit)
    HAL_HCD_ResetPort                        0x08000d39   Thumb Code     6  stm32f4xx_hal_hcd.o(i.HAL_HCD_ResetPort)
    HAL_HCD_SOF_Callback                     0x08000d3f   Thumb Code     8  usbh_conf.o(i.HAL_HCD_SOF_Callback)
    HAL_HCD_Start                            0x08000d47   Thumb Code    44  stm32f4xx_hal_hcd.o(i.HAL_HCD_Start)
    HAL_HCD_Stop                             0x08000d73   Thumb Code    36  stm32f4xx_hal_hcd.o(i.HAL_HCD_Stop)
    HAL_I2C_Init                             0x08000d99   Thumb Code   254  stm32f4xx_hal_i2c.o(i.HAL_I2C_Init)
    HAL_I2C_MspInit                          0x08000ea1   Thumb Code    70  stm32f4xx_hal_msp.o(i.HAL_I2C_MspInit)
    HAL_IncTick                              0x08000ef9   Thumb Code    12  stm32f4xx_hal.o(i.HAL_IncTick)
    HAL_Init                                 0x08000f09   Thumb Code    48  stm32f4xx_hal.o(i.HAL_Init)
    HAL_InitTick                             0x08000f3d   Thumb Code    54  stm32f4xx_hal.o(i.HAL_InitTick)
    HAL_MspInit                              0x08000f7d   Thumb Code   126  stm32f4xx_hal_msp.o(i.HAL_MspInit)
    HAL_NVIC_EnableIRQ                       0x08001001   Thumb Code    22  stm32f4xx_hal_cortex.o(i.HAL_NVIC_EnableIRQ)
    HAL_NVIC_SetPriority                     0x08001019   Thumb Code    60  stm32f4xx_hal_cortex.o(i.HAL_NVIC_SetPriority)
    HAL_NVIC_SetPriorityGrouping             0x08001059   Thumb Code    26  stm32f4xx_hal_cortex.o(i.HAL_NVIC_SetPriorityGrouping)
    HAL_RCC_ClockConfig                      0x0800107d   Thumb Code   286  stm32f4xx_hal_rcc.o(i.HAL_RCC_ClockConfig)
    HAL_RCC_GetHCLKFreq                      0x080011ad   Thumb Code     6  stm32f4xx_hal_rcc.o(i.HAL_RCC_GetHCLKFreq)
    HAL_RCC_GetPCLK1Freq                     0x080011b9   Thumb Code    20  stm32f4xx_hal_rcc.o(i.HAL_RCC_GetPCLK1Freq)
    HAL_RCC_GetSysClockFreq                  0x080011d9   Thumb Code    88  stm32f4xx_hal_rcc.o(i.HAL_RCC_GetSysClockFreq)
    HAL_RCC_OscConfig                        0x08001239   Thumb Code   770  stm32f4xx_hal_rcc.o(i.HAL_RCC_OscConfig)
    HAL_SD_GetCardCSD                        0x08001555   Thumb Code   474  stm32f4xx_hal_sd.o(i.HAL_SD_GetCardCSD)
    HAL_SD_GetCardInfo                       0x0800172f   Thumb Code    36  stm32f4xx_hal_sd.o(i.HAL_SD_GetCardInfo)
    HAL_SD_GetCardState                      0x08001753   Thumb Code    44  stm32f4xx_hal_sd.o(i.HAL_SD_GetCardState)
    HAL_SD_Init                              0x0800177f   Thumb Code    54  stm32f4xx_hal_sd.o(i.HAL_SD_Init)
    HAL_SD_InitCard                          0x080017b5   Thumb Code    80  stm32f4xx_hal_sd.o(i.HAL_SD_InitCard)
    HAL_SD_MspInit                           0x08001809   Thumb Code    84  stm32f4xx_hal_msp.o(i.HAL_SD_MspInit)
    HAL_SD_ReadBlocks                        0x0800186d   Thumb Code   434  stm32f4xx_hal_sd.o(i.HAL_SD_ReadBlocks)
    HAL_SD_WriteBlocks                       0x08001a21   Thumb Code   410  stm32f4xx_hal_sd.o(i.HAL_SD_WriteBlocks)
    HAL_SYSTICK_CLKSourceConfig              0x08001bbb   Thumb Code    24  stm32f4xx_hal_cortex.o(i.HAL_SYSTICK_CLKSourceConfig)
    HAL_SYSTICK_Callback                     0x08001bd3   Thumb Code     2  stm32f4xx_hal_cortex.o(i.HAL_SYSTICK_Callback)
    HAL_SYSTICK_Config                       0x08001bd5   Thumb Code    40  stm32f4xx_hal_cortex.o(i.HAL_SYSTICK_Config)
    HAL_SYSTICK_IRQHandler                   0x08001bfd   Thumb Code     8  stm32f4xx_hal_cortex.o(i.HAL_SYSTICK_IRQHandler)
    MX_DriverVbusFS                          0x080021c9   Thumb Code    16  usbh_platform.o(i.MX_DriverVbusFS)
    MX_FATFS_Init                            0x080021dd   Thumb Code    18  fatfs.o(i.MX_FATFS_Init)
    MX_USB_HOST_Init                         0x080023f1   Thumb Code    30  usb_host.o(i.MX_USB_HOST_Init)
    MX_USB_HOST_Process                      0x0800241d   Thumb Code     6  usb_host.o(i.MX_USB_HOST_Process)
    OTG_FS_IRQHandler                        0x08002449   Thumb Code     6  stm32f4xx_it.o(i.OTG_FS_IRQHandler)
    PendSV_Handler                           0x08002455   Thumb Code     2  stm32f4xx_it.o(i.PendSV_Handler)
    SDIO_ConfigData                          0x08002457   Thumb Code    36  stm32f4xx_ll_sdmmc.o(i.SDIO_ConfigData)
    SDIO_GetPowerState                       0x0800247b   Thumb Code     8  stm32f4xx_ll_sdmmc.o(i.SDIO_GetPowerState)
    SDIO_GetResponse                         0x08002483   Thumb Code    12  stm32f4xx_ll_sdmmc.o(i.SDIO_GetResponse)
    SDIO_Init                                0x0800248f   Thumb Code    36  stm32f4xx_ll_sdmmc.o(i.SDIO_Init)
    SDIO_PowerState_ON                       0x080024b3   Thumb Code     8  stm32f4xx_ll_sdmmc.o(i.SDIO_PowerState_ON)
    SDIO_ReadFIFO                            0x080024bb   Thumb Code     6  stm32f4xx_ll_sdmmc.o(i.SDIO_ReadFIFO)
    SDIO_SendCommand                         0x080024c1   Thumb Code    32  stm32f4xx_ll_sdmmc.o(i.SDIO_SendCommand)
    SDIO_WriteFIFO                           0x080024e1   Thumb Code    10  stm32f4xx_ll_sdmmc.o(i.SDIO_WriteFIFO)
    SDMMC_CmdAppCommand                      0x080024eb   Thumb Code    50  stm32f4xx_ll_sdmmc.o(i.SDMMC_CmdAppCommand)
    SDMMC_CmdAppOperCommand                  0x0800251d   Thumb Code    48  stm32f4xx_ll_sdmmc.o(i.SDMMC_CmdAppOperCommand)
    SDMMC_CmdBlockLength                     0x08002551   Thumb Code    50  stm32f4xx_ll_sdmmc.o(i.SDMMC_CmdBlockLength)
    SDMMC_CmdGoIdleState                     0x08002585   Thumb Code    76  stm32f4xx_ll_sdmmc.o(i.SDMMC_CmdGoIdleState)
    SDMMC_CmdOperCond                        0x080025d5   Thumb Code    98  stm32f4xx_ll_sdmmc.o(i.SDMMC_CmdOperCond)
    SDMMC_CmdReadMultiBlock                  0x0800263d   Thumb Code    50  stm32f4xx_ll_sdmmc.o(i.SDMMC_CmdReadMultiBlock)
    SDMMC_CmdReadSingleBlock                 0x0800266f   Thumb Code    50  stm32f4xx_ll_sdmmc.o(i.SDMMC_CmdReadSingleBlock)
    SDMMC_CmdSelDesel                        0x080026a1   Thumb Code    50  stm32f4xx_ll_sdmmc.o(i.SDMMC_CmdSelDesel)
    SDMMC_CmdSendCID                         0x080026d3   Thumb Code    44  stm32f4xx_ll_sdmmc.o(i.SDMMC_CmdSendCID)
    SDMMC_CmdSendCSD                         0x080026ff   Thumb Code    44  stm32f4xx_ll_sdmmc.o(i.SDMMC_CmdSendCSD)
    SDMMC_CmdSendStatus                      0x0800272b   Thumb Code    50  stm32f4xx_ll_sdmmc.o(i.SDMMC_CmdSendStatus)
    SDMMC_CmdSetRelAdd                       0x0800275d   Thumb Code    48  stm32f4xx_ll_sdmmc.o(i.SDMMC_CmdSetRelAdd)
    SDMMC_CmdStopTransfer                    0x0800278d   Thumb Code    46  stm32f4xx_ll_sdmmc.o(i.SDMMC_CmdStopTransfer)
    SDMMC_CmdWriteMultiBlock                 0x080027c1   Thumb Code    50  stm32f4xx_ll_sdmmc.o(i.SDMMC_CmdWriteMultiBlock)
    SDMMC_CmdWriteSingleBlock                0x080027f3   Thumb Code    50  stm32f4xx_ll_sdmmc.o(i.SDMMC_CmdWriteSingleBlock)
    SD_initialize                            0x08002bfd   Thumb Code    28  sd_diskio.o(i.SD_initialize)
    SD_ioctl                                 0x08002c1d   Thumb Code    76  sd_diskio.o(i.SD_ioctl)
    SD_read                                  0x08002c6d   Thumb Code    38  sd_diskio.o(i.SD_read)
    SD_status                                0x08002c93   Thumb Code     4  sd_diskio.o(i.SD_status)
    SD_write                                 0x08002c99   Thumb Code    38  sd_diskio.o(i.SD_write)
    SVC_Handler                              0x08002cbf   Thumb Code     2  stm32f4xx_it.o(i.SVC_Handler)
    SysTick_Handler                          0x08002cc1   Thumb Code    14  stm32f4xx_it.o(i.SysTick_Handler)
    SystemClock_Config                       0x08002cd1   Thumb Code   152  main.o(i.SystemClock_Config)
    SystemInit                               0x08002d71   Thumb Code    66  system_stm32f4xx.o(i.SystemInit)
    USBH_AllocPipe                           0x08002dc5   Thumb Code    52  usbh_pipes.o(i.USBH_AllocPipe)
    USBH_BulkReceiveData                     0x08002df9   Thumb Code    32  usbh_ioreq.o(i.USBH_BulkReceiveData)
    USBH_BulkSendData                        0x08002e19   Thumb Code    40  usbh_ioreq.o(i.USBH_BulkSendData)
    USBH_CDC_LineCodingChanged               0x08002ff7   Thumb Code     2  usbh_cdc.o(i.USBH_CDC_LineCodingChanged)
    USBH_CDC_ReceiveCallback                 0x080030b1   Thumb Code     2  usbh_cdc.o(i.USBH_CDC_ReceiveCallback)
    USBH_CDC_TransmitCallback                0x080030b7   Thumb Code     2  usbh_cdc.o(i.USBH_CDC_TransmitCallback)
    USBH_ClosePipe                           0x080030b9   Thumb Code    10  usbh_pipes.o(i.USBH_ClosePipe)
    USBH_ClrFeature                          0x080030c3   Thumb Code    30  usbh_ctlreq.o(i.USBH_ClrFeature)
    USBH_CtlReceiveData                      0x080030e1   Thumb Code    30  usbh_ioreq.o(i.USBH_CtlReceiveData)
    USBH_CtlReq                              0x080030ff   Thumb Code    54  usbh_ctlreq.o(i.USBH_CtlReq)
    USBH_CtlSendData                         0x08003135   Thumb Code    40  usbh_ioreq.o(i.USBH_CtlSendData)
    USBH_CtlSendSetup                        0x0800315d   Thumb Code    30  usbh_ioreq.o(i.USBH_CtlSendSetup)
    USBH_Delay                               0x0800317b   Thumb Code     4  usbh_conf.o(i.USBH_Delay)
    USBH_FindInterface                       0x0800317f   Thumb Code    68  usbh_core.o(i.USBH_FindInterface)
    USBH_FreePipe                            0x080031c3   Thumb Code    24  usbh_pipes.o(i.USBH_FreePipe)
    USBH_GetDescriptor                       0x080031db   Thumb Code    52  usbh_ctlreq.o(i.USBH_GetDescriptor)
    USBH_GetNextDesc                         0x0800320f   Thumb Code    14  usbh_ctlreq.o(i.USBH_GetNextDesc)
    USBH_Get_CfgDesc                         0x0800321d   Thumb Code    44  usbh_ctlreq.o(i.USBH_Get_CfgDesc)
    USBH_Get_DevDesc                         0x08003249   Thumb Code   154  usbh_ctlreq.o(i.USBH_Get_DevDesc)
    USBH_Get_StringDesc                      0x080032e3   Thumb Code    72  usbh_ctlreq.o(i.USBH_Get_StringDesc)
    USBH_Init                                0x0800359b   Thumb Code    48  usbh_core.o(i.USBH_Init)
    USBH_LL_ClosePipe                        0x080035cb   Thumb Code    32  usbh_conf.o(i.USBH_LL_ClosePipe)
    USBH_LL_Connect                          0x080035eb   Thumb Code    40  usbh_core.o(i.USBH_LL_Connect)
    USBH_LL_Disconnect                       0x08003613   Thumb Code    56  usbh_core.o(i.USBH_LL_Disconnect)
    USBH_LL_DriverVBUS                       0x0800364b   Thumb Code    26  usbh_conf.o(i.USBH_LL_DriverVBUS)
    USBH_LL_GetLastXferSize                  0x08003665   Thumb Code     8  usbh_conf.o(i.USBH_LL_GetLastXferSize)
    USBH_LL_GetSpeed                         0x0800366d   Thumb Code    34  usbh_conf.o(i.USBH_LL_GetSpeed)
    USBH_LL_GetURBState                      0x0800368f   Thumb Code     8  usbh_conf.o(i.USBH_LL_GetURBState)
    USBH_LL_IncTimer                         0x08003697   Thumb Code    30  usbh_core.o(i.USBH_LL_IncTimer)
    USBH_LL_Init                             0x080036b5   Thumb Code    78  usbh_conf.o(i.USBH_LL_Init)
    USBH_LL_OpenPipe                         0x0800371d   Thumb Code    42  usbh_conf.o(i.USBH_LL_OpenPipe)
    USBH_LL_ResetPort                        0x08003747   Thumb Code    32  usbh_conf.o(i.USBH_LL_ResetPort)
    USBH_LL_SetTimer                         0x08003767   Thumb Code     6  usbh_core.o(i.USBH_LL_SetTimer)
    USBH_LL_SetToggle                        0x0800376d   Thumb Code    32  usbh_conf.o(i.USBH_LL_SetToggle)
    USBH_LL_Start                            0x0800378d   Thumb Code    32  usbh_conf.o(i.USBH_LL_Start)
    USBH_LL_Stop                             0x080037ad   Thumb Code    32  usbh_conf.o(i.USBH_LL_Stop)
    USBH_LL_SubmitURB                        0x080037cd   Thumb Code    48  usbh_conf.o(i.USBH_LL_SubmitURB)
    USBH_OpenPipe                            0x080037fd   Thumb Code    20  usbh_pipes.o(i.USBH_OpenPipe)
    USBH_Process                             0x080038f9   Thumb Code   360  usbh_core.o(i.USBH_Process)
    USBH_RegisterClass                       0x08003a61   Thumb Code    28  usbh_core.o(i.USBH_RegisterClass)
    USBH_SelectInterface                     0x08003a7d   Thumb Code    22  usbh_core.o(i.USBH_SelectInterface)
    USBH_SetAddress                          0x08003a93   Thumb Code    28  usbh_ctlreq.o(i.USBH_SetAddress)
    USBH_SetCfg                              0x08003aaf   Thumb Code    28  usbh_ctlreq.o(i.USBH_SetCfg)
    USBH_Start                               0x08003acb   Thumb Code    20  usbh_core.o(i.USBH_Start)
    USB_CoreInit                             0x08003b01   Thumb Code   104  stm32f4xx_ll_usb.o(i.USB_CoreInit)
    USB_DisableGlobalInt                     0x08003ba5   Thumb Code    12  stm32f4xx_ll_usb.o(i.USB_DisableGlobalInt)
    USB_DoPing                               0x08003bb1   Thumb Code    60  stm32f4xx_ll_usb.o(i.USB_DoPing)
    USB_DriveVbus                            0x08003bf1   Thumb Code    44  stm32f4xx_ll_usb.o(i.USB_DriveVbus)
    USB_EnableGlobalInt                      0x08003c1d   Thumb Code    12  stm32f4xx_ll_usb.o(i.USB_EnableGlobalInt)
    USB_FlushRxFifo                          0x08003c29   Thumb Code    28  stm32f4xx_ll_usb.o(i.USB_FlushRxFifo)
    USB_FlushTxFifo                          0x08003c49   Thumb Code    32  stm32f4xx_ll_usb.o(i.USB_FlushTxFifo)
    USB_GetCurrentFrame                      0x08003c6d   Thumb Code     8  stm32f4xx_ll_usb.o(i.USB_GetCurrentFrame)
    USB_GetHostSpeed                         0x08003c75   Thumb Code    14  stm32f4xx_ll_usb.o(i.USB_GetHostSpeed)
    USB_GetMode                              0x08003c83   Thumb Code     8  stm32f4xx_ll_usb.o(i.USB_GetMode)
    USB_HC_Halt                              0x08003c8b   Thumb Code   328  stm32f4xx_ll_usb.o(i.USB_HC_Halt)
    USB_HC_Init                              0x08003dd5   Thumb Code   234  stm32f4xx_ll_usb.o(i.USB_HC_Init)
    USB_HC_ReadInterrupt                     0x08003ebf   Thumb Code    12  stm32f4xx_ll_usb.o(i.USB_HC_ReadInterrupt)
    USB_HC_StartXfer                         0x08003ecd   Thumb Code   386  stm32f4xx_ll_usb.o(i.USB_HC_StartXfer)
    USB_HostInit                             0x08004055   Thumb Code   192  stm32f4xx_ll_usb.o(i.USB_HostInit)
    USB_InitFSLSPClkSel                      0x08004129   Thumb Code    54  stm32f4xx_ll_usb.o(i.USB_InitFSLSPClkSel)
    USB_ReadInterrupts                       0x0800415f   Thumb Code     8  stm32f4xx_ll_usb.o(i.USB_ReadInterrupts)
    USB_ReadPacket                           0x08004167   Thumb Code    32  stm32f4xx_ll_usb.o(i.USB_ReadPacket)
    USB_ResetPort                            0x08004187   Thumb Code    44  stm32f4xx_ll_usb.o(i.USB_ResetPort)
    USB_SetCurrentMode                       0x080041b3   Thumb Code    44  stm32f4xx_ll_usb.o(i.USB_SetCurrentMode)
    USB_StopHost                             0x080041df   Thumb Code   178  stm32f4xx_ll_usb.o(i.USB_StopHost)
    USB_WritePacket                          0x08004291   Thumb Code    40  stm32f4xx_ll_usb.o(i.USB_WritePacket)
    _Error_Handler                           0x080042b9   Thumb Code     2  main.o(i._Error_Handler)
    __scatterload_copy                       0x080042bb   Thumb Code    14  handlers.o(i.__scatterload_copy)
    __scatterload_null                       0x080042c9   Thumb Code     2  handlers.o(i.__scatterload_null)
    __scatterload_zeroinit                   0x080042cb   Thumb Code    14  handlers.o(i.__scatterload_zeroinit)
    disk_initialize                          0x080047f5   Thumb Code    36  diskio.o(i.disk_initialize)
    disk_ioctl                               0x0800481d   Thumb Code    24  diskio.o(i.disk_ioctl)
    disk_read                                0x08004839   Thumb Code    24  diskio.o(i.disk_read)
    disk_status                              0x08004855   Thumb Code    18  diskio.o(i.disk_status)
    disk_write                               0x0800486d   Thumb Code    24  diskio.o(i.disk_write)
    f_close                                  0x08004889   Thumb Code    40  ff.o(i.f_close)
    f_mount                                  0x080048b1   Thumb Code    84  ff.o(i.f_mount)
    f_open                                   0x08004909   Thumb Code   534  ff.o(i.f_open)
    f_sync                                   0x08004b25   Thumb Code   142  ff.o(i.f_sync)
    f_write                                  0x08004bb3   Thumb Code   434  ff.o(i.f_write)
    free                                     0x08005069   Thumb Code    76  malloc.o(i.free)
    get_fattime                              0x080051a1   Thumb Code     4  fatfs.o(i.get_fattime)
    main                                     0x080052a9   Thumb Code   168  main.o(i.main)
    malloc                                   0x080053b5   Thumb Code    92  malloc.o(i.malloc)
    SD_Driver                                0x08005758   Data          20  sd_diskio.o(.constdata)
    AHBPrescTable                            0x0800576c   Data          16  system_stm32f4xx.o(.constdata)
    APBPrescTable                            0x0800577c   Data           8  system_stm32f4xx.o(.constdata)
    Region$$Table$$Base                      0x08005824   Number         0  anon$$obj.o(Region$$Table)
    Region$$Table$$Limit                     0x08005844   Number         0  anon$$obj.o(Region$$Table)
    cursor                                   0x20000000   Data           4  main.o(.data)
    retSD                                    0x20000005   Data           1  fatfs.o(.data)
    SDPath                                   0x20000006   Data           4  fatfs.o(.data)
    Appli_state                              0x2000000a   Data           1  usb_host.o(.data)
    uwTickFreq                               0x2000000c   Data           1  stm32f4xx_hal.o(.data)
    uwTickPrio                               0x20000010   Data           4  stm32f4xx_hal.o(.data)
    uwTick                                   0x20000014   Data           4  stm32f4xx_hal.o(.data)
    SystemCoreClock                          0x20000018   Data           4  system_stm32f4xx.o(.data)
    CDC_Class                                0x20000024   Data          32  usbh_cdc.o(.data)
    __microlib_freelist                      0x20000044   Data           4  mvars.o(.data)
    __microlib_freelist_initialised          0x20000048   Data           4  mvars.o(.data)
    hadc1                                    0x2000004c   Data          72  main.o(.bss)
    hi2c3                                    0x20000094   Data          84  main.o(.bss)
    hsd                                      0x200000e8   Data         132  main.o(.bss)
    myFatFS                                  0x2000016c   Data        4148  main.o(.bss)
    logFile                                  0x200011a0   Data        4144  main.o(.bss)
    hUsbHostFS                               0x200021d0   Data         968  usb_host.o(.bss)
    hhcd_USB_OTG_FS                          0x20002598   Data         664  usbh_conf.o(.bss)
    disk                                     0x20002850   Data          12  ff_gen_drv.o(.bss)
    __heap_base                              0x20002860   Data           0  startup_stm32f407xx.o(HEAP)
    __heap_limit                             0x20002a60   Data           0  startup_stm32f407xx.o(HEAP)
    __initial_sp                             0x20002e60   Data           0  startup_stm32f407xx.o(STACK)



==============================================================================

Memory Map of the image

  Image Entry point : 0x08000189

  Load Region LR_IROM1 (Base: 0x08000000, Size: 0x00005890, Max: 0x00100000, ABSOLUTE)

    Execution Region ER_IROM1 (Exec base: 0x08000000, Load base: 0x08000000, Size: 0x00005844, Max: 0x00100000, ABSOLUTE)

    Exec Addr    Load Addr    Size         Type   Attr      Idx    E Section Name        Object

    0x08000000   0x08000000   0x00000188   Data   RO            3    RESET               startup_stm32f407xx.o
    0x08000188   0x08000188   0x00000000   Code   RO         4464  * .ARM.Collect$$$$00000000  mc_w.l(entry.o)
    0x08000188   0x08000188   0x00000004   Code   RO         4501    .ARM.Collect$$$$00000001  mc_w.l(entry2.o)
    0x0800018c   0x0800018c   0x00000004   Code   RO         4504    .ARM.Collect$$$$00000004  mc_w.l(entry5.o)
    0x08000190   0x08000190   0x00000000   Code   RO         4506    .ARM.Collect$$$$00000008  mc_w.l(entry7b.o)
    0x08000190   0x08000190   0x00000000   Code   RO         4508    .ARM.Collect$$$$0000000A  mc_w.l(entry8b.o)
    0x08000190   0x08000190   0x00000008   Code   RO         4509    .ARM.Collect$$$$0000000B  mc_w.l(entry9a.o)
    0x08000198   0x08000198   0x00000000   Code   RO         4511    .ARM.Collect$$$$0000000D  mc_w.l(entry10a.o)
    0x08000198   0x08000198   0x00000000   Code   RO         4513    .ARM.Collect$$$$0000000F  mc_w.l(entry11a.o)
    0x08000198   0x08000198   0x00000004   Code   RO         4502    .ARM.Collect$$$$00002712  mc_w.l(entry2.o)
    0x0800019c   0x0800019c   0x00000024   Code   RO            4    .text               startup_stm32f407xx.o
    0x080001c0   0x080001c0   0x00000062   Code   RO         4467    .text               mc_w.l(uldiv.o)
    0x08000222   0x08000222   0x00000024   Code   RO         4469    .text               mc_w.l(memcpya.o)
    0x08000246   0x08000246   0x0000001e   Code   RO         4515    .text               mc_w.l(llshl.o)
    0x08000264   0x08000264   0x00000020   Code   RO         4517    .text               mc_w.l(llushr.o)
    0x08000284   0x08000284   0x00000024   Code   RO         4521    .text               mc_w.l(init.o)
    0x080002a8   0x080002a8   0x00000124   Code   RO         1258    i.ADC_Init          stm32f4xx_hal_adc.o
    0x080003cc   0x080003cc   0x0000000c   Code   RO          215    i.BSP_SD_GetCardInfo  bsp_driver_sd.o
    0x080003d8   0x080003d8   0x00000018   Code   RO          216    i.BSP_SD_GetCardState  bsp_driver_sd.o
    0x080003f0   0x080003f0   0x00000024   Code   RO          219    i.BSP_SD_Init       bsp_driver_sd.o
    0x08000414   0x08000414   0x00000020   Code   RO          221    i.BSP_SD_ReadBlocks  bsp_driver_sd.o
    0x08000434   0x08000434   0x00000020   Code   RO          224    i.BSP_SD_WriteBlocks  bsp_driver_sd.o
    0x08000454   0x08000454   0x00000068   Code   RO         4348    i.CDC_ProcessReception  usbh_cdc.o
    0x080004bc   0x080004bc   0x00000072   Code   RO         4349    i.CDC_ProcessTransmission  usbh_cdc.o
    0x0800052e   0x0800052e   0x00000002   PAD
    0x08000530   0x08000530   0x00000048   Code   RO         4029    i.DeInitStateMachine  usbh_core.o
    0x08000578   0x08000578   0x00000006   Code   RO          690    i.EXTI0_IRQHandler  stm32f4xx_it.o
    0x0800057e   0x0800057e   0x00000006   Code   RO          691    i.EXTI1_IRQHandler  stm32f4xx_it.o
    0x08000584   0x08000584   0x00000006   Code   RO         3979    i.FATFS_LinkDriver  ff_gen_drv.o
    0x0800058a   0x0800058a   0x00000002   PAD
    0x0800058c   0x0800058c   0x00000040   Code   RO         3980    i.FATFS_LinkDriverEx  ff_gen_drv.o
    0x080005cc   0x080005cc   0x00000016   Code   RO         4350    i.GetLineCoding     usbh_cdc.o
    0x080005e2   0x080005e2   0x00000002   PAD
    0x080005e4   0x080005e4   0x0000014c   Code   RO         1260    i.HAL_ADC_ConfigChannel  stm32f4xx_hal_adc.o
    0x08000730   0x08000730   0x00000054   Code   RO         1269    i.HAL_ADC_Init      stm32f4xx_hal_adc.o
    0x08000784   0x08000784   0x00000044   Code   RO          749    i.HAL_ADC_MspInit   stm32f4xx_hal_msp.o
    0x080007c8   0x080007c8   0x00000024   Code   RO         3362    i.HAL_Delay         stm32f4xx_hal.o
    0x080007ec   0x080007ec   0x00000002   Code   RO         2834    i.HAL_GPIO_EXTI_Callback  stm32f4xx_hal_gpio.o
    0x080007ee   0x080007ee   0x00000002   PAD
    0x080007f0   0x080007f0   0x00000018   Code   RO         2835    i.HAL_GPIO_EXTI_IRQHandler  stm32f4xx_hal_gpio.o
    0x08000808   0x08000808   0x000001b0   Code   RO         2836    i.HAL_GPIO_Init     stm32f4xx_hal_gpio.o
    0x080009b8   0x080009b8   0x0000000a   Code   RO         2840    i.HAL_GPIO_WritePin  stm32f4xx_hal_gpio.o
    0x080009c2   0x080009c2   0x00000002   PAD
    0x080009c4   0x080009c4   0x0000000c   Code   RO         3368    i.HAL_GetTick       stm32f4xx_hal.o
    0x080009d0   0x080009d0   0x00000008   Code   RO          516    i.HAL_HCD_Connect_Callback  usbh_conf.o
    0x080009d8   0x080009d8   0x00000008   Code   RO          517    i.HAL_HCD_Disconnect_Callback  usbh_conf.o
    0x080009e0   0x080009e0   0x00000006   Code   RO          811    i.HAL_HCD_GetCurrentFrame  stm32f4xx_hal_hcd.o
    0x080009e6   0x080009e6   0x00000006   Code   RO          812    i.HAL_HCD_GetCurrentSpeed  stm32f4xx_hal_hcd.o
    0x080009ec   0x080009ec   0x0000000e   Code   RO          815    i.HAL_HCD_HC_GetURBState  stm32f4xx_hal_hcd.o
    0x080009fa   0x080009fa   0x0000000c   Code   RO          816    i.HAL_HCD_HC_GetXferCount  stm32f4xx_hal_hcd.o
    0x08000a06   0x08000a06   0x00000024   Code   RO          817    i.HAL_HCD_HC_Halt   stm32f4xx_hal_hcd.o
    0x08000a2a   0x08000a2a   0x00000054   Code   RO          818    i.HAL_HCD_HC_Init   stm32f4xx_hal_hcd.o
    0x08000a7e   0x08000a7e   0x00000002   Code   RO          518    i.HAL_HCD_HC_NotifyURBChange_Callback  usbh_conf.o
    0x08000a80   0x08000a80   0x000000b6   Code   RO          820    i.HAL_HCD_HC_SubmitRequest  stm32f4xx_hal_hcd.o
    0x08000b36   0x08000b36   0x00000002   PAD
    0x08000b38   0x08000b38   0x0000012e   Code   RO          821    i.HAL_HCD_IRQHandler  stm32f4xx_hal_hcd.o
    0x08000c66   0x08000c66   0x0000005a   Code   RO          822    i.HAL_HCD_Init      stm32f4xx_hal_hcd.o
    0x08000cc0   0x08000cc0   0x00000078   Code   RO          520    i.HAL_HCD_MspInit   usbh_conf.o
    0x08000d38   0x08000d38   0x00000006   Code   RO          825    i.HAL_HCD_ResetPort  stm32f4xx_hal_hcd.o
    0x08000d3e   0x08000d3e   0x00000008   Code   RO          521    i.HAL_HCD_SOF_Callback  usbh_conf.o
    0x08000d46   0x08000d46   0x0000002c   Code   RO          827    i.HAL_HCD_Start     stm32f4xx_hal_hcd.o
    0x08000d72   0x08000d72   0x00000024   Code   RO          828    i.HAL_HCD_Stop      stm32f4xx_hal_hcd.o
    0x08000d96   0x08000d96   0x00000002   PAD
    0x08000d98   0x08000d98   0x00000108   Code   RO         1541    i.HAL_I2C_Init      stm32f4xx_hal_i2c.o
    0x08000ea0   0x08000ea0   0x00000058   Code   RO          751    i.HAL_I2C_MspInit   stm32f4xx_hal_msp.o
    0x08000ef8   0x08000ef8   0x00000010   Code   RO         3372    i.HAL_IncTick       stm32f4xx_hal.o
    0x08000f08   0x08000f08   0x00000034   Code   RO         3373    i.HAL_Init          stm32f4xx_hal.o
    0x08000f3c   0x08000f3c   0x00000040   Code   RO         3374    i.HAL_InitTick      stm32f4xx_hal.o
    0x08000f7c   0x08000f7c   0x00000084   Code   RO          752    i.HAL_MspInit       stm32f4xx_hal_msp.o
    0x08001000   0x08001000   0x00000016   Code   RO         3225    i.HAL_NVIC_EnableIRQ  stm32f4xx_hal_cortex.o
    0x08001016   0x08001016   0x00000002   PAD
    0x08001018   0x08001018   0x00000040   Code   RO         3231    i.HAL_NVIC_SetPriority  stm32f4xx_hal_cortex.o
    0x08001058   0x08001058   0x00000024   Code   RO         3232    i.HAL_NVIC_SetPriorityGrouping  stm32f4xx_hal_cortex.o
    0x0800107c   0x0800107c   0x00000130   Code   RO         2482    i.HAL_RCC_ClockConfig  stm32f4xx_hal_rcc.o
    0x080011ac   0x080011ac   0x0000000c   Code   RO         2487    i.HAL_RCC_GetHCLKFreq  stm32f4xx_hal_rcc.o
    0x080011b8   0x080011b8   0x00000020   Code   RO         2489    i.HAL_RCC_GetPCLK1Freq  stm32f4xx_hal_rcc.o
    0x080011d8   0x080011d8   0x00000060   Code   RO         2491    i.HAL_RCC_GetSysClockFreq  stm32f4xx_hal_rcc.o
    0x08001238   0x08001238   0x0000031c   Code   RO         2494    i.HAL_RCC_OscConfig  stm32f4xx_hal_rcc.o
    0x08001554   0x08001554   0x000001da   Code   RO         2218    i.HAL_SD_GetCardCSD  stm32f4xx_hal_sd.o
    0x0800172e   0x0800172e   0x00000024   Code   RO         2219    i.HAL_SD_GetCardInfo  stm32f4xx_hal_sd.o
    0x08001752   0x08001752   0x0000002c   Code   RO         2220    i.HAL_SD_GetCardState  stm32f4xx_hal_sd.o
    0x0800177e   0x0800177e   0x00000036   Code   RO         2225    i.HAL_SD_Init       stm32f4xx_hal_sd.o
    0x080017b4   0x080017b4   0x00000054   Code   RO         2226    i.HAL_SD_InitCard   stm32f4xx_hal_sd.o
    0x08001808   0x08001808   0x00000064   Code   RO          754    i.HAL_SD_MspInit    stm32f4xx_hal_msp.o
    0x0800186c   0x0800186c   0x000001b2   Code   RO         2229    i.HAL_SD_ReadBlocks  stm32f4xx_hal_sd.o
    0x08001a1e   0x08001a1e   0x00000002   PAD
    0x08001a20   0x08001a20   0x0000019a   Code   RO         2234    i.HAL_SD_WriteBlocks  stm32f4xx_hal_sd.o
    0x08001bba   0x08001bba   0x00000018   Code   RO         3234    i.HAL_SYSTICK_CLKSourceConfig  stm32f4xx_hal_cortex.o
    0x08001bd2   0x08001bd2   0x00000002   Code   RO         3235    i.HAL_SYSTICK_Callback  stm32f4xx_hal_cortex.o
    0x08001bd4   0x08001bd4   0x00000028   Code   RO         3236    i.HAL_SYSTICK_Config  stm32f4xx_hal_cortex.o
    0x08001bfc   0x08001bfc   0x00000008   Code   RO         3237    i.HAL_SYSTICK_IRQHandler  stm32f4xx_hal_cortex.o
    0x08001c04   0x08001c04   0x00000232   Code   RO          829    i.HCD_HC_IN_IRQHandler  stm32f4xx_hal_hcd.o
    0x08001e36   0x08001e36   0x00000216   Code   RO          830    i.HCD_HC_OUT_IRQHandler  stm32f4xx_hal_hcd.o
    0x0800204c   0x0800204c   0x000000ac   Code   RO          831    i.HCD_Port_IRQHandler  stm32f4xx_hal_hcd.o
    0x080020f8   0x080020f8   0x00000070   Code   RO          832    i.HCD_RXQLVL_IRQHandler  stm32f4xx_hal_hcd.o
    0x08002168   0x08002168   0x00000060   Code   RO           13    i.MX_ADC1_Init      main.o
    0x080021c8   0x080021c8   0x00000014   Code   RO          666    i.MX_DriverVbusFS   usbh_platform.o
    0x080021dc   0x080021dc   0x0000001c   Code   RO          413    i.MX_FATFS_Init     fatfs.o
    0x080021f8   0x080021f8   0x000001c0   Code   RO           14    i.MX_GPIO_Init      main.o
    0x080023b8   0x080023b8   0x00000038   Code   RO           15    i.MX_I2C3_Init      main.o
    0x080023f0   0x080023f0   0x0000002c   Code   RO          451    i.MX_USB_HOST_Init  usb_host.o
    0x0800241c   0x0800241c   0x0000000c   Code   RO          452    i.MX_USB_HOST_Process  usb_host.o
    0x08002428   0x08002428   0x00000020   Code   RO         3238    i.NVIC_SetPriority  stm32f4xx_hal_cortex.o
    0x08002448   0x08002448   0x0000000c   Code   RO          692    i.OTG_FS_IRQHandler  stm32f4xx_it.o
    0x08002454   0x08002454   0x00000002   Code   RO          693    i.PendSV_Handler    stm32f4xx_it.o
    0x08002456   0x08002456   0x00000024   Code   RO         1946    i.SDIO_ConfigData   stm32f4xx_ll_sdmmc.o
    0x0800247a   0x0800247a   0x00000008   Code   RO         1950    i.SDIO_GetPowerState  stm32f4xx_ll_sdmmc.o
    0x08002482   0x08002482   0x0000000c   Code   RO         1951    i.SDIO_GetResponse  stm32f4xx_ll_sdmmc.o
    0x0800248e   0x0800248e   0x00000024   Code   RO         1952    i.SDIO_Init         stm32f4xx_ll_sdmmc.o
    0x080024b2   0x080024b2   0x00000008   Code   RO         1954    i.SDIO_PowerState_ON  stm32f4xx_ll_sdmmc.o
    0x080024ba   0x080024ba   0x00000006   Code   RO         1955    i.SDIO_ReadFIFO     stm32f4xx_ll_sdmmc.o
    0x080024c0   0x080024c0   0x00000020   Code   RO         1956    i.SDIO_SendCommand  stm32f4xx_ll_sdmmc.o
    0x080024e0   0x080024e0   0x0000000a   Code   RO         1958    i.SDIO_WriteFIFO    stm32f4xx_ll_sdmmc.o
    0x080024ea   0x080024ea   0x00000032   Code   RO         1959    i.SDMMC_CmdAppCommand  stm32f4xx_ll_sdmmc.o
    0x0800251c   0x0800251c   0x00000034   Code   RO         1960    i.SDMMC_CmdAppOperCommand  stm32f4xx_ll_sdmmc.o
    0x08002550   0x08002550   0x00000032   Code   RO         1961    i.SDMMC_CmdBlockLength  stm32f4xx_ll_sdmmc.o
    0x08002582   0x08002582   0x00000002   PAD
    0x08002584   0x08002584   0x00000050   Code   RO         1966    i.SDMMC_CmdGoIdleState  stm32f4xx_ll_sdmmc.o
    0x080025d4   0x080025d4   0x00000068   Code   RO         1968    i.SDMMC_CmdOperCond  stm32f4xx_ll_sdmmc.o
    0x0800263c   0x0800263c   0x00000032   Code   RO         1969    i.SDMMC_CmdReadMultiBlock  stm32f4xx_ll_sdmmc.o
    0x0800266e   0x0800266e   0x00000032   Code   RO         1970    i.SDMMC_CmdReadSingleBlock  stm32f4xx_ll_sdmmc.o
    0x080026a0   0x080026a0   0x00000032   Code   RO         1973    i.SDMMC_CmdSelDesel  stm32f4xx_ll_sdmmc.o
    0x080026d2   0x080026d2   0x0000002c   Code   RO         1974    i.SDMMC_CmdSendCID  stm32f4xx_ll_sdmmc.o
    0x080026fe   0x080026fe   0x0000002c   Code   RO         1975    i.SDMMC_CmdSendCSD  stm32f4xx_ll_sdmmc.o
    0x0800272a   0x0800272a   0x00000032   Code   RO         1977    i.SDMMC_CmdSendStatus  stm32f4xx_ll_sdmmc.o
    0x0800275c   0x0800275c   0x00000030   Code   RO         1978    i.SDMMC_CmdSetRelAdd  stm32f4xx_ll_sdmmc.o
    0x0800278c   0x0800278c   0x00000034   Code   RO         1980    i.SDMMC_CmdStopTransfer  stm32f4xx_ll_sdmmc.o
    0x080027c0   0x080027c0   0x00000032   Code   RO         1982    i.SDMMC_CmdWriteMultiBlock  stm32f4xx_ll_sdmmc.o
    0x080027f2   0x080027f2   0x00000032   Code   RO         1983    i.SDMMC_CmdWriteSingleBlock  stm32f4xx_ll_sdmmc.o
    0x08002824   0x08002824   0x0000011c   Code   RO         1984    i.SDMMC_GetCmdResp1  stm32f4xx_ll_sdmmc.o
    0x08002940   0x08002940   0x00000050   Code   RO         1985    i.SDMMC_GetCmdResp2  stm32f4xx_ll_sdmmc.o
    0x08002990   0x08002990   0x00000040   Code   RO         1986    i.SDMMC_GetCmdResp3  stm32f4xx_ll_sdmmc.o
    0x080029d0   0x080029d0   0x00000084   Code   RO         1987    i.SDMMC_GetCmdResp6  stm32f4xx_ll_sdmmc.o
    0x08002a54   0x08002a54   0x00000020   Code   RO          353    i.SD_CheckStatus    sd_diskio.o
    0x08002a74   0x08002a74   0x000000e6   Code   RO         2243    i.SD_InitCard       stm32f4xx_hal_sd.o
    0x08002b5a   0x08002b5a   0x000000a2   Code   RO         2244    i.SD_PowerON        stm32f4xx_hal_sd.o
    0x08002bfc   0x08002bfc   0x00000020   Code   RO          354    i.SD_initialize     sd_diskio.o
    0x08002c1c   0x08002c1c   0x00000050   Code   RO          355    i.SD_ioctl          sd_diskio.o
    0x08002c6c   0x08002c6c   0x00000026   Code   RO          356    i.SD_read           sd_diskio.o
    0x08002c92   0x08002c92   0x00000004   Code   RO          357    i.SD_status         sd_diskio.o
    0x08002c96   0x08002c96   0x00000002   PAD
    0x08002c98   0x08002c98   0x00000026   Code   RO          358    i.SD_write          sd_diskio.o
    0x08002cbe   0x08002cbe   0x00000002   Code   RO          694    i.SVC_Handler       stm32f4xx_it.o
    0x08002cc0   0x08002cc0   0x0000000e   Code   RO          695    i.SysTick_Handler   stm32f4xx_it.o
    0x08002cce   0x08002cce   0x00000002   PAD
    0x08002cd0   0x08002cd0   0x000000a0   Code   RO           16    i.SystemClock_Config  main.o
    0x08002d70   0x08002d70   0x00000054   Code   RO         3527    i.SystemInit        system_stm32f4xx.o
    0x08002dc4   0x08002dc4   0x00000034   Code   RO         4306    i.USBH_AllocPipe    usbh_pipes.o
    0x08002df8   0x08002df8   0x00000020   Code   RO         4234    i.USBH_BulkReceiveData  usbh_ioreq.o
    0x08002e18   0x08002e18   0x00000028   Code   RO         4235    i.USBH_BulkSendData  usbh_ioreq.o
    0x08002e40   0x08002e40   0x00000024   Code   RO         4351    i.USBH_CDC_ClassRequest  usbh_cdc.o
    0x08002e64   0x08002e64   0x0000005e   Code   RO         4354    i.USBH_CDC_InterfaceDeInit  usbh_cdc.o
    0x08002ec2   0x08002ec2   0x00000134   Code   RO         4355    i.USBH_CDC_InterfaceInit  usbh_cdc.o
    0x08002ff6   0x08002ff6   0x00000002   Code   RO         4356    i.USBH_CDC_LineCodingChanged  usbh_cdc.o
    0x08002ff8   0x08002ff8   0x000000b8   Code   RO         4357    i.USBH_CDC_Process  usbh_cdc.o
    0x080030b0   0x080030b0   0x00000002   Code   RO         4359    i.USBH_CDC_ReceiveCallback  usbh_cdc.o
    0x080030b2   0x080030b2   0x00000004   Code   RO         4360    i.USBH_CDC_SOFProcess  usbh_cdc.o
    0x080030b6   0x080030b6   0x00000002   Code   RO         4364    i.USBH_CDC_TransmitCallback  usbh_cdc.o
    0x080030b8   0x080030b8   0x0000000a   Code   RO         4307    i.USBH_ClosePipe    usbh_pipes.o
    0x080030c2   0x080030c2   0x0000001e   Code   RO         4146    i.USBH_ClrFeature   usbh_ctlreq.o
    0x080030e0   0x080030e0   0x0000001e   Code   RO         4236    i.USBH_CtlReceiveData  usbh_ioreq.o
    0x080030fe   0x080030fe   0x00000036   Code   RO         4147    i.USBH_CtlReq       usbh_ctlreq.o
    0x08003134   0x08003134   0x00000028   Code   RO         4237    i.USBH_CtlSendData  usbh_ioreq.o
    0x0800315c   0x0800315c   0x0000001e   Code   RO         4238    i.USBH_CtlSendSetup  usbh_ioreq.o
    0x0800317a   0x0800317a   0x00000004   Code   RO          522    i.USBH_Delay        usbh_conf.o
    0x0800317e   0x0800317e   0x00000044   Code   RO         4031    i.USBH_FindInterface  usbh_core.o
    0x080031c2   0x080031c2   0x00000018   Code   RO         4308    i.USBH_FreePipe     usbh_pipes.o
    0x080031da   0x080031da   0x00000034   Code   RO         4148    i.USBH_GetDescriptor  usbh_ctlreq.o
    0x0800320e   0x0800320e   0x0000000e   Code   RO         4149    i.USBH_GetNextDesc  usbh_ctlreq.o
    0x0800321c   0x0800321c   0x0000002c   Code   RO         4150    i.USBH_Get_CfgDesc  usbh_ctlreq.o
    0x08003248   0x08003248   0x0000009a   Code   RO         4151    i.USBH_Get_DevDesc  usbh_ctlreq.o
    0x080032e2   0x080032e2   0x00000048   Code   RO         4152    i.USBH_Get_StringDesc  usbh_ctlreq.o
    0x0800332a   0x0800332a   0x0000017e   Code   RO         4153    i.USBH_HandleControl  usbh_ctlreq.o
    0x080034a8   0x080034a8   0x000000f2   Code   RO         4034    i.USBH_HandleEnum   usbh_core.o
    0x0800359a   0x0800359a   0x00000030   Code   RO         4035    i.USBH_Init         usbh_core.o
    0x080035ca   0x080035ca   0x00000020   Code   RO          523    i.USBH_LL_ClosePipe  usbh_conf.o
    0x080035ea   0x080035ea   0x00000028   Code   RO         4036    i.USBH_LL_Connect   usbh_core.o
    0x08003612   0x08003612   0x00000038   Code   RO         4037    i.USBH_LL_Disconnect  usbh_core.o
    0x0800364a   0x0800364a   0x0000001a   Code   RO          525    i.USBH_LL_DriverVBUS  usbh_conf.o
    0x08003664   0x08003664   0x00000008   Code   RO          526    i.USBH_LL_GetLastXferSize  usbh_conf.o
    0x0800366c   0x0800366c   0x00000022   Code   RO          527    i.USBH_LL_GetSpeed  usbh_conf.o
    0x0800368e   0x0800368e   0x00000008   Code   RO          529    i.USBH_LL_GetURBState  usbh_conf.o
    0x08003696   0x08003696   0x0000001e   Code   RO         4038    i.USBH_LL_IncTimer  usbh_core.o
    0x080036b4   0x080036b4   0x00000068   Code   RO          530    i.USBH_LL_Init      usbh_conf.o
    0x0800371c   0x0800371c   0x0000002a   Code   RO          531    i.USBH_LL_OpenPipe  usbh_conf.o
    0x08003746   0x08003746   0x00000020   Code   RO          532    i.USBH_LL_ResetPort  usbh_conf.o
    0x08003766   0x08003766   0x00000006   Code   RO         4039    i.USBH_LL_SetTimer  usbh_core.o
    0x0800376c   0x0800376c   0x00000020   Code   RO          533    i.USBH_LL_SetToggle  usbh_conf.o
    0x0800378c   0x0800378c   0x00000020   Code   RO          534    i.USBH_LL_Start     usbh_conf.o
    0x080037ac   0x080037ac   0x00000020   Code   RO          535    i.USBH_LL_Stop      usbh_conf.o
    0x080037cc   0x080037cc   0x00000030   Code   RO          536    i.USBH_LL_SubmitURB  usbh_conf.o
    0x080037fc   0x080037fc   0x00000014   Code   RO         4309    i.USBH_OpenPipe     usbh_pipes.o
    0x08003810   0x08003810   0x000000e8   Code   RO         4154    i.USBH_ParseCfgDesc  usbh_ctlreq.o
    0x080038f8   0x080038f8   0x00000168   Code   RO         4040    i.USBH_Process      usbh_core.o
    0x08003a60   0x08003a60   0x0000001c   Code   RO         4042    i.USBH_RegisterClass  usbh_core.o
    0x08003a7c   0x08003a7c   0x00000016   Code   RO         4043    i.USBH_SelectInterface  usbh_core.o
    0x08003a92   0x08003a92   0x0000001c   Code   RO         4155    i.USBH_SetAddress   usbh_ctlreq.o
    0x08003aae   0x08003aae   0x0000001c   Code   RO         4156    i.USBH_SetCfg       usbh_ctlreq.o
    0x08003aca   0x08003aca   0x00000014   Code   RO         4044    i.USBH_Start        usbh_core.o
    0x08003ade   0x08003ade   0x00000002   PAD
    0x08003ae0   0x08003ae0   0x00000020   Code   RO          453    i.USBH_UserProcess  usb_host.o
    0x08003b00   0x08003b00   0x0000006c   Code   RO          976    i.USB_CoreInit      stm32f4xx_ll_usb.o
    0x08003b6c   0x08003b6c   0x00000038   Code   RO          977    i.USB_CoreReset     stm32f4xx_ll_usb.o
    0x08003ba4   0x08003ba4   0x0000000c   Code   RO          983    i.USB_DisableGlobalInt  stm32f4xx_ll_usb.o
    0x08003bb0   0x08003bb0   0x00000040   Code   RO          984    i.USB_DoPing        stm32f4xx_ll_usb.o
    0x08003bf0   0x08003bf0   0x0000002c   Code   RO          985    i.USB_DriveVbus     stm32f4xx_ll_usb.o
    0x08003c1c   0x08003c1c   0x0000000c   Code   RO          991    i.USB_EnableGlobalInt  stm32f4xx_ll_usb.o
    0x08003c28   0x08003c28   0x00000020   Code   RO          992    i.USB_FlushRxFifo   stm32f4xx_ll_usb.o
    0x08003c48   0x08003c48   0x00000024   Code   RO          993    i.USB_FlushTxFifo   stm32f4xx_ll_usb.o
    0x08003c6c   0x08003c6c   0x00000008   Code   RO          994    i.USB_GetCurrentFrame  stm32f4xx_ll_usb.o
    0x08003c74   0x08003c74   0x0000000e   Code   RO          996    i.USB_GetHostSpeed  stm32f4xx_ll_usb.o
    0x08003c82   0x08003c82   0x00000008   Code   RO          997    i.USB_GetMode       stm32f4xx_ll_usb.o
    0x08003c8a   0x08003c8a   0x00000148   Code   RO          998    i.USB_HC_Halt       stm32f4xx_ll_usb.o
    0x08003dd2   0x08003dd2   0x00000002   PAD
    0x08003dd4   0x08003dd4   0x000000ea   Code   RO          999    i.USB_HC_Init       stm32f4xx_ll_usb.o
    0x08003ebe   0x08003ebe   0x0000000c   Code   RO         1000    i.USB_HC_ReadInterrupt  stm32f4xx_ll_usb.o
    0x08003eca   0x08003eca   0x00000002   PAD
    0x08003ecc   0x08003ecc   0x00000188   Code   RO         1001    i.USB_HC_StartXfer  stm32f4xx_ll_usb.o
    0x08004054   0x08004054   0x000000d4   Code   RO         1002    i.USB_HostInit      stm32f4xx_ll_usb.o
    0x08004128   0x08004128   0x00000036   Code   RO         1003    i.USB_InitFSLSPClkSel  stm32f4xx_ll_usb.o
    0x0800415e   0x0800415e   0x00000008   Code   RO         1008    i.USB_ReadInterrupts  stm32f4xx_ll_usb.o
    0x08004166   0x08004166   0x00000020   Code   RO         1009    i.USB_ReadPacket    stm32f4xx_ll_usb.o
    0x08004186   0x08004186   0x0000002c   Code   RO         1010    i.USB_ResetPort     stm32f4xx_ll_usb.o
    0x080041b2   0x080041b2   0x0000002c   Code   RO         1011    i.USB_SetCurrentMode  stm32f4xx_ll_usb.o
    0x080041de   0x080041de   0x000000b2   Code   RO         1015    i.USB_StopHost      stm32f4xx_ll_usb.o
    0x08004290   0x08004290   0x00000028   Code   RO         1016    i.USB_WritePacket   stm32f4xx_ll_usb.o
    0x080042b8   0x080042b8   0x00000002   Code   RO           17    i._Error_Handler    main.o
    0x080042ba   0x080042ba   0x0000000e   Code   RO         4525    i.__scatterload_copy  mc_w.l(handlers.o)
    0x080042c8   0x080042c8   0x00000002   Code   RO         4526    i.__scatterload_null  mc_w.l(handlers.o)
    0x080042ca   0x080042ca   0x0000000e   Code   RO         4527    i.__scatterload_zeroinit  mc_w.l(handlers.o)
    0x080042d8   0x080042d8   0x00000070   Code   RO         3643    i.check_fs          ff.o
    0x08004348   0x08004348   0x0000005c   Code   RO         3644    i.chk_lock          ff.o
    0x080043a4   0x080043a4   0x00000020   Code   RO         3645    i.clear_lock        ff.o
    0x080043c4   0x080043c4   0x00000026   Code   RO         3646    i.clmt_clust        ff.o
    0x080043ea   0x080043ea   0x00000018   Code   RO         3647    i.clust2sect        ff.o
    0x08004402   0x08004402   0x000000a4   Code   RO         3648    i.create_chain      ff.o
    0x080044a6   0x080044a6   0x00000002   PAD
    0x080044a8   0x080044a8   0x000000bc   Code   RO         3649    i.create_name       ff.o
    0x08004564   0x08004564   0x00000034   Code   RO         3650    i.dec_lock          ff.o
    0x08004598   0x08004598   0x00000064   Code   RO         3651    i.dir_find          ff.o
    0x080045fc   0x080045fc   0x00000102   Code   RO         3652    i.dir_next          ff.o
    0x080046fe   0x080046fe   0x00000066   Code   RO         3654    i.dir_register      ff.o
    0x08004764   0x08004764   0x0000008e   Code   RO         3656    i.dir_sdi           ff.o
    0x080047f2   0x080047f2   0x00000002   PAD
    0x080047f4   0x080047f4   0x00000028   Code   RO         3588    i.disk_initialize   diskio.o
    0x0800481c   0x0800481c   0x0000001c   Code   RO         3589    i.disk_ioctl        diskio.o
    0x08004838   0x08004838   0x0000001c   Code   RO         3590    i.disk_read         diskio.o
    0x08004854   0x08004854   0x00000018   Code   RO         3591    i.disk_status       diskio.o
    0x0800486c   0x0800486c   0x0000001c   Code   RO         3592    i.disk_write        diskio.o
    0x08004888   0x08004888   0x00000028   Code   RO         3657    i.f_close           ff.o
    0x080048b0   0x080048b0   0x00000058   Code   RO         3664    i.f_mount           ff.o
    0x08004908   0x08004908   0x0000021c   Code   RO         3665    i.f_open            ff.o
    0x08004b24   0x08004b24   0x0000008e   Code   RO         3674    i.f_sync            ff.o
    0x08004bb2   0x08004bb2   0x000001b2   Code   RO         3677    i.f_write           ff.o
    0x08004d64   0x08004d64   0x00000288   Code   RO         3678    i.find_volume       ff.o
    0x08004fec   0x08004fec   0x0000007a   Code   RO         3679    i.follow_path       ff.o
    0x08005066   0x08005066   0x00000002   PAD
    0x08005068   0x08005068   0x00000050   Code   RO         4473    i.free              mc_w.l(malloc.o)
    0x080050b8   0x080050b8   0x000000e8   Code   RO         3680    i.get_fat           ff.o
    0x080051a0   0x080051a0   0x00000004   Code   RO          414    i.get_fattime       fatfs.o
    0x080051a4   0x080051a4   0x0000003c   Code   RO         3682    i.get_ldnumber      ff.o
    0x080051e0   0x080051e0   0x00000080   Code   RO         3683    i.inc_lock          ff.o
    0x08005260   0x08005260   0x00000026   Code   RO         3684    i.ld_clust          ff.o
    0x08005286   0x08005286   0x00000016   Code   RO         3685    i.ld_dword          ff.o
    0x0800529c   0x0800529c   0x0000000a   Code   RO         3686    i.ld_word           ff.o
    0x080052a6   0x080052a6   0x00000002   PAD
    0x080052a8   0x080052a8   0x0000010c   Code   RO           18    i.main              main.o
    0x080053b4   0x080053b4   0x0000006c   Code   RO         4474    i.malloc            mc_w.l(malloc.o)
    0x08005420   0x08005420   0x00000012   Code   RO         3687    i.mem_cpy           ff.o
    0x08005432   0x08005432   0x00000002   PAD
    0x08005434   0x08005434   0x0000000e   Code   RO         3688    i.mem_set           ff.o
    0x08005442   0x08005442   0x00000032   Code   RO         3689    i.move_window       ff.o
    0x08005474   0x08005474   0x00000124   Code   RO         3690    i.put_fat           ff.o
    0x08005598   0x08005598   0x00000074   Code   RO         3693    i.remove_chain      ff.o
    0x0800560c   0x0800560c   0x00000028   Code   RO         3694    i.st_clust          ff.o
    0x08005634   0x08005634   0x00000010   Code   RO         3695    i.st_dword          ff.o
    0x08005644   0x08005644   0x00000008   Code   RO         3696    i.st_word           ff.o
    0x0800564c   0x0800564c   0x00000088   Code   RO         3697    i.sync_fs           ff.o
    0x080056d4   0x080056d4   0x00000052   Code   RO         3698    i.sync_window       ff.o
    0x08005726   0x08005726   0x00000032   Code   RO         3699    i.validate          ff.o
    0x08005758   0x08005758   0x00000014   Data   RO          359    .constdata          sd_diskio.o
    0x0800576c   0x0800576c   0x00000010   Data   RO         3528    .constdata          system_stm32f4xx.o
    0x0800577c   0x0800577c   0x00000008   Data   RO         3529    .constdata          system_stm32f4xx.o
    0x08005784   0x08005784   0x0000009c   Data   RO         3701    .constdata          ff.o
    0x08005820   0x08005820   0x00000004   Data   RO         4365    .conststring        usbh_cdc.o
    0x08005824   0x08005824   0x00000020   Data   RO         4523    Region$$Table       anon$$obj.o


    Execution Region RW_IRAM1 (Exec base: 0x20000000, Load base: 0x08005844, Size: 0x00002e60, Max: 0x00020000, ABSOLUTE)

    Exec Addr    Load Addr    Size         Type   Attr      Idx    E Section Name        Object

    0x20000000   0x08005844   0x00000004   Data   RW           20    .data               main.o
    0x20000004   0x08005848   0x00000001   Data   RW          360    .data               sd_diskio.o
    0x20000005   0x08005849   0x00000005   Data   RW          417    .data               fatfs.o
    0x2000000a   0x0800584e   0x00000001   Data   RW          455    .data               usb_host.o
    0x2000000b   0x0800584f   0x00000001   PAD
    0x2000000c   0x08005850   0x0000000c   Data   RW         3380    .data               stm32f4xx_hal.o
    0x20000018   0x0800585c   0x00000004   Data   RW         3530    .data               system_stm32f4xx.o
    0x2000001c   0x08005860   0x00000008   Data   RW         3702    .data               ff.o
    0x20000024   0x08005868   0x00000020   Data   RW         4366    .data               usbh_cdc.o
    0x20000044   0x08005888   0x00000004   Data   RW         4519    .data               mc_w.l(mvars.o)
    0x20000048   0x0800588c   0x00000004   Data   RW         4520    .data               mc_w.l(mvars.o)
    0x2000004c        -       0x00002184   Zero   RW           19    .bss                main.o
    0x200021d0        -       0x000003c8   Zero   RW          454    .bss                usb_host.o
    0x20002598        -       0x00000298   Zero   RW          537    .bss                usbh_conf.o
    0x20002830        -       0x00000020   Zero   RW         3700    .bss                ff.o
    0x20002850        -       0x0000000c   Zero   RW         3983    .bss                ff_gen_drv.o
    0x2000285c   0x08005890   0x00000004   PAD
    0x20002860        -       0x00000200   Zero   RW            2    HEAP                startup_stm32f407xx.o
    0x20002a60        -       0x00000400   Zero   RW            1    STACK               startup_stm32f407xx.o


==============================================================================

Image component sizes


      Code (inc. data)   RO Data    RW Data    ZI Data      Debug   Object Name

       136         26          0          0          0       3482   bsp_driver_sd.o
       148         22          0          0          0       3717   diskio.o
        32         10          0          5          0       1456   fatfs.o
      4630         80        156          8         32      37849   ff.o
        70          6          0          0         12       1623   ff_gen_drv.o
      1030        156          0          4       8580     702594   main.o
       224         14         20          1          0       4340   sd_diskio.o
        36          8        392          0       1536        832   startup_stm32f407xx.o
       180         28          0         12          0       4561   stm32f4xx_hal.o
       708         28          0          0          0       2859   stm32f4xx_hal_adc.o
       228         14          0          0          0      32113   stm32f4xx_hal_cortex.o
       468         50          0          0          0       3584   stm32f4xx_hal_gpio.o
      2198          4          0          0          0      13309   stm32f4xx_hal_hcd.o
       264         10          0          0          0       2979   stm32f4xx_hal_i2c.o
       388         54          0          0          0       2895   stm32f4xx_hal_msp.o
      1240         70          0          0          0       5013   stm32f4xx_hal_rcc.o
      1928          4          0          0          0       9780   stm32f4xx_hal_sd.o
        42          6          0          0          0       2739   stm32f4xx_it.o
      1532         42          0          0          0      21188   stm32f4xx_ll_sdmmc.o
      1972         48          0          0          0      17127   stm32f4xx_ll_usb.o
        84         18         24          4          0       1147   system_stm32f4xx.o
        88         24          0          1        968       9778   usb_host.o
       872          6          4         32          0      12648   usbh_cdc.o
       580         36          0          0        664      11144   usbh_conf.o
       992         20          0          0          0       9580   usbh_core.o
      1090         12          0          0          0       9900   usbh_ctlreq.o
       172          0          0          0          0       4328   usbh_ioreq.o
       106          0          0          0          0       3350   usbh_pipes.o
        20          4          0          0          0        514   usbh_platform.o

    ----------------------------------------------------------------------
     21498        800        628         68      11796     936429   Object Totals
         0          0         32          0          0          0   (incl. Generated)
        40          0          0          1          4          0   (incl. Padding)

    ----------------------------------------------------------------------

      Code (inc. data)   RO Data    RW Data    ZI Data      Debug   Library Member Name

         0          0          0          0          0          0   entry.o
         0          0          0          0          0          0   entry10a.o
         0          0          0          0          0          0   entry11a.o
         8          4          0          0          0          0   entry2.o
         4          0          0          0          0          0   entry5.o
         0          0          0          0          0          0   entry7b.o
         0          0          0          0          0          0   entry8b.o
         8          4          0          0          0          0   entry9a.o
        30          0          0          0          0          0   handlers.o
        36          8          0          0          0         68   init.o
        30          0          0          0          0         68   llshl.o
        32          0          0          0          0         68   llushr.o
       188         20          0          0          0        160   malloc.o
        36          0          0          0          0         68   memcpya.o
         0          0          0          8          0          0   mvars.o
        98          0          0          0          0         92   uldiv.o

    ----------------------------------------------------------------------
       470         36          0          8          0        524   Library Totals
         0          0          0          0          0          0   (incl. Padding)

    ----------------------------------------------------------------------

      Code (inc. data)   RO Data    RW Data    ZI Data      Debug   Library Name

       470         36          0          8          0        524   mc_w.l

    ----------------------------------------------------------------------
       470         36          0          8          0        524   Library Totals

    ----------------------------------------------------------------------

==============================================================================


      Code (inc. data)   RO Data    RW Data    ZI Data      Debug   

     21968        836        628         76      11796     914049   Grand Totals
     21968        836        628         76      11796     914049   ELF Image Totals
     21968        836        628         76          0          0   ROM Totals

==============================================================================

    Total RO  Size (Code + RO Data)                22596 (  22.07kB)
    Total RW  Size (RW Data + ZI Data)             11872 (  11.59kB)
    Total ROM Size (Code + RO Data + RW Data)      22672 (  22.14kB)

==============================================================================

