Component: ARM Compiler 5.06 update 5 (build 528) Tool: armlink [4d35e2]

==============================================================================

Section Cross References

    startup_stm32f407xx.o(RESET) refers to startup_stm32f407xx.o(STACK) for __initial_sp
    startup_stm32f407xx.o(RESET) refers to startup_stm32f407xx.o(.text) for Reset_Handler
    startup_stm32f407xx.o(RESET) refers to stm32f4xx_it.o(i.SVC_Handler) for SVC_Handler
    startup_stm32f407xx.o(RESET) refers to stm32f4xx_it.o(i.PendSV_Handler) for PendSV_Handler
    startup_stm32f407xx.o(RESET) refers to stm32f4xx_it.o(i.SysTick_Handler) for SysTick_Handler
    startup_stm32f407xx.o(RESET) refers to stm32f4xx_it.o(i.EXTI2_IRQHandler) for EXTI2_IRQHandler
    startup_stm32f407xx.o(RESET) refers to stm32f4xx_it.o(i.EXTI3_IRQHandler) for EXTI3_IRQHandler
    startup_stm32f407xx.o(RESET) refers to stm32f4xx_it.o(i.ADC_IRQHandler) for ADC_IRQHandler
    startup_stm32f407xx.o(RESET) refers to stm32f4xx_it.o(i.DMA2_Stream0_IRQHandler) for DMA2_Stream0_IRQHandler
    startup_stm32f407xx.o(.text) refers to system_stm32f4xx.o(i.SystemInit) for SystemInit
    startup_stm32f407xx.o(.text) refers to entry.o(.ARM.Collect$$$$00000000) for __main
    main.o(i.MX_ADC1_Init) refers to stm32f4xx_hal_adc.o(i.HAL_ADC_Init) for HAL_ADC_Init
    main.o(i.MX_ADC1_Init) refers to stm32f4xx_hal_adc.o(i.HAL_ADC_ConfigChannel) for HAL_ADC_ConfigChannel
    main.o(i.MX_ADC1_Init) refers to main.o(.bss) for .bss
    main.o(i.MX_GPIO_Init) refers to stm32f4xx_hal_gpio.o(i.HAL_GPIO_WritePin) for HAL_GPIO_WritePin
    main.o(i.MX_GPIO_Init) refers to stm32f4xx_hal_gpio.o(i.HAL_GPIO_Init) for HAL_GPIO_Init
    main.o(i.MX_GPIO_Init) refers to stm32f4xx_hal_cortex.o(i.HAL_NVIC_SetPriority) for HAL_NVIC_SetPriority
    main.o(i.MX_GPIO_Init) refers to stm32f4xx_hal_cortex.o(i.HAL_NVIC_EnableIRQ) for HAL_NVIC_EnableIRQ
    main.o(i.MX_I2C3_Init) refers to stm32f4xx_hal_i2c.o(i.HAL_I2C_Init) for HAL_I2C_Init
    main.o(i.MX_I2C3_Init) refers to main.o(.bss) for .bss
    main.o(i.SystemClock_Config) refers to stm32f4xx_hal_rcc.o(i.HAL_RCC_OscConfig) for HAL_RCC_OscConfig
    main.o(i.SystemClock_Config) refers to stm32f4xx_hal_rcc.o(i.HAL_RCC_ClockConfig) for HAL_RCC_ClockConfig
    main.o(i.SystemClock_Config) refers to stm32f4xx_hal_rcc.o(i.HAL_RCC_GetHCLKFreq) for HAL_RCC_GetHCLKFreq
    main.o(i.SystemClock_Config) refers to stm32f4xx_hal_cortex.o(i.HAL_SYSTICK_Config) for HAL_SYSTICK_Config
    main.o(i.SystemClock_Config) refers to stm32f4xx_hal_cortex.o(i.HAL_SYSTICK_CLKSourceConfig) for HAL_SYSTICK_CLKSourceConfig
    main.o(i.SystemClock_Config) refers to stm32f4xx_hal_cortex.o(i.HAL_NVIC_SetPriority) for HAL_NVIC_SetPriority
    main.o(i.main) refers to stm32f4xx_hal.o(i.HAL_Init) for HAL_Init
    main.o(i.main) refers to main.o(i.SystemClock_Config) for SystemClock_Config
    main.o(i.main) refers to main.o(i.MX_GPIO_Init) for MX_GPIO_Init
    main.o(i.main) refers to stm32f4xx_hal_cortex.o(i.HAL_NVIC_SetPriority) for HAL_NVIC_SetPriority
    main.o(i.main) refers to stm32f4xx_hal_cortex.o(i.HAL_NVIC_EnableIRQ) for HAL_NVIC_EnableIRQ
    main.o(i.main) refers to main.o(i.MX_ADC1_Init) for MX_ADC1_Init
    main.o(i.main) refers to main.o(i.MX_I2C3_Init) for MX_I2C3_Init
    main.o(i.main) refers to fatfs.o(i.MX_FATFS_Init) for MX_FATFS_Init
    main.o(i.main) refers to ff.o(i.f_mount) for f_mount
    main.o(i.main) refers to stm32f4xx_hal_gpio.o(i.HAL_GPIO_WritePin) for HAL_GPIO_WritePin
    main.o(i.main) refers to ff.o(i.f_open) for f_open
    main.o(i.main) refers to stm32f4xx_hal_adc.o(i.HAL_ADC_Start_DMA) for HAL_ADC_Start_DMA
    main.o(i.main) refers to stm32f4xx_hal_adc.o(i.HAL_ADC_Start_IT) for HAL_ADC_Start_IT
    main.o(i.main) refers to stm32f4xx_hal.o(i.HAL_Delay) for HAL_Delay
    main.o(i.main) refers to memcpya.o(.text) for __aeabi_memcpy4
    main.o(i.main) refers to ff.o(i.f_write) for f_write
    main.o(i.main) refers to ff.o(i.f_close) for f_close
    main.o(i.main) refers to main.o(.bss) for .bss
    main.o(i.main) refers to fatfs.o(.data) for SDPath
    main.o(i.main) refers to main.o(.data) for .data
    main.o(i.read_register) refers to stm32f4xx_hal_i2c.o(i.HAL_I2C_Mem_Read) for HAL_I2C_Mem_Read
    main.o(i.read_register) refers to main.o(.bss) for .bss
    main.o(i.write_register) refers to stm32f4xx_hal_i2c.o(i.HAL_I2C_Mem_Write) for HAL_I2C_Mem_Write
    main.o(i.write_register) refers to main.o(.bss) for .bss
    bsp_driver_sd.o(i.BSP_SD_DMA_Rx_IRQHandler) refers to stm32f4xx_hal_dma.o(i.HAL_DMA_IRQHandler) for HAL_DMA_IRQHandler
    bsp_driver_sd.o(i.BSP_SD_DMA_Rx_IRQHandler) refers to main.o(.bss) for hsd
    bsp_driver_sd.o(i.BSP_SD_DMA_Tx_IRQHandler) refers to stm32f4xx_hal_dma.o(i.HAL_DMA_IRQHandler) for HAL_DMA_IRQHandler
    bsp_driver_sd.o(i.BSP_SD_DMA_Tx_IRQHandler) refers to main.o(.bss) for hsd
    bsp_driver_sd.o(i.BSP_SD_Erase) refers to stm32f4xx_hal_sd.o(i.HAL_SD_Erase) for HAL_SD_Erase
[...]
    Removing stm32f4xx_hal_dma.o(i.HAL_DMA_GetError), (4 bytes).
    Removing stm32f4xx_hal_dma.o(i.HAL_DMA_GetState), (6 bytes).
    Removing stm32f4xx_hal_dma.o(i.HAL_DMA_PollForTransfer), (292 bytes).
    Removing stm32f4xx_hal_dma.o(i.HAL_DMA_RegisterCallback), (80 bytes).
    Removing stm32f4xx_hal_dma.o(i.HAL_DMA_Start), (70 bytes).
    Removing stm32f4xx_hal_dma.o(i.HAL_DMA_UnRegisterCallback), (96 bytes).
    Removing stm32f4xx_hal_pwr.o(.rev16_text), (4 bytes).
    Removing stm32f4xx_hal_pwr.o(.revsh_text), (4 bytes).
    Removing stm32f4xx_hal_pwr.o(.rrx_text), (6 bytes).
    Removing stm32f4xx_hal_pwr.o(i.HAL_PWR_ConfigPVD), (124 bytes).
    Removing stm32f4xx_hal_pwr.o(i.HAL_PWR_DeInit), (24 bytes).
    Removing stm32f4xx_hal_pwr.o(i.HAL_PWR_DisableBkUpAccess), (12 bytes).
    Removing stm32f4xx_hal_pwr.o(i.HAL_PWR_DisablePVD), (12 bytes).
    Removing stm32f4xx_hal_pwr.o(i.HAL_PWR_DisableSEVOnPend), (16 bytes).
    Removing stm32f4xx_hal_pwr.o(i.HAL_PWR_DisableSleepOnExit), (16 bytes).
    Removing stm32f4xx_hal_pwr.o(i.HAL_PWR_DisableWakeUpPin), (16 bytes).
    Removing stm32f4xx_hal_pwr.o(i.HAL_PWR_EnableBkUpAccess), (12 bytes).
    Removing stm32f4xx_hal_pwr.o(i.HAL_PWR_EnablePVD), (12 bytes).
    Removing stm32f4xx_hal_pwr.o(i.HAL_PWR_EnableSEVOnPend), (16 bytes).
    Removing stm32f4xx_hal_pwr.o(i.HAL_PWR_EnableSleepOnExit), (16 bytes).
    Removing stm32f4xx_hal_pwr.o(i.HAL_PWR_EnableWakeUpPin), (16 bytes).
    Removing stm32f4xx_hal_pwr.o(i.HAL_PWR_EnterSLEEPMode), (32 bytes).
    Removing stm32f4xx_hal_pwr.o(i.HAL_PWR_EnterSTANDBYMode), (32 bytes).
    Removing stm32f4xx_hal_pwr.o(i.HAL_PWR_EnterSTOPMode), (56 bytes).
    Removing stm32f4xx_hal_pwr.o(i.HAL_PWR_PVDCallback), (2 bytes).
    Removing stm32f4xx_hal_pwr.o(i.HAL_PWR_PVD_IRQHandler), (28 bytes).
    Removing stm32f4xx_hal_pwr_ex.o(.rev16_text), (4 bytes).
    Removing stm32f4xx_hal_pwr_ex.o(.revsh_text), (4 bytes).
    Removing stm32f4xx_hal_pwr_ex.o(.rrx_text), (6 bytes).
    Removing stm32f4xx_hal_pwr_ex.o(i.HAL_PWREx_ControlVoltageScaling), (88 bytes).
    Removing stm32f4xx_hal_pwr_ex.o(i.HAL_PWREx_DisableBkUpReg), (60 bytes).
    Removing stm32f4xx_hal_pwr_ex.o(i.HAL_PWREx_DisableFlashPowerDown), (12 bytes).
    Removing stm32f4xx_hal_pwr_ex.o(i.HAL_PWREx_EnableBkUpReg), (60 bytes).
    Removing stm32f4xx_hal_pwr_ex.o(i.HAL_PWREx_EnableFlashPowerDown), (12 bytes).
    Removing stm32f4xx_hal_pwr_ex.o(i.HAL_PWREx_GetVoltageRange), (16 bytes).
    Removing stm32f4xx_hal_cortex.o(.rev16_text), (4 bytes).
    Removing stm32f4xx_hal_cortex.o(.revsh_text), (4 bytes).
    Removing stm32f4xx_hal_cortex.o(.rrx_text), (6 bytes).
    Removing stm32f4xx_hal_cortex.o(i.HAL_MPU_ConfigRegion), (84 bytes).
    Removing stm32f4xx_hal_cortex.o(i.HAL_MPU_Disable), (28 bytes).
    Removing stm32f4xx_hal_cortex.o(i.HAL_MPU_Enable), (36 bytes).
    Removing stm32f4xx_hal_cortex.o(i.HAL_NVIC_ClearPendingIRQ), (22 bytes).
    Removing stm32f4xx_hal_cortex.o(i.HAL_NVIC_DisableIRQ), (22 bytes).
    Removing stm32f4xx_hal_cortex.o(i.HAL_NVIC_GetActive), (32 bytes).
    Removing stm32f4xx_hal_cortex.o(i.HAL_NVIC_GetPendingIRQ), (32 bytes).
    Removing stm32f4xx_hal_cortex.o(i.HAL_NVIC_GetPriority), (82 bytes).
    Removing stm32f4xx_hal_cortex.o(i.HAL_NVIC_GetPriorityGrouping), (16 bytes).
    Removing stm32f4xx_hal_cortex.o(i.HAL_NVIC_SetPendingIRQ), (22 bytes).
    Removing stm32f4xx_hal_cortex.o(i.HAL_NVIC_SystemReset), (36 bytes).
    Removing stm32f4xx_hal.o(.rev16_text), (4 bytes).
    Removing stm32f4xx_hal.o(.revsh_text), (4 bytes).
    Removing stm32f4xx_hal.o(.rrx_text), (6 bytes).
    Removing stm32f4xx_hal.o(i.HAL_DBGMCU_DisableDBGSleepMode), (16 bytes).
    Removing stm32f4xx_hal.o(i.HAL_DBGMCU_DisableDBGStandbyMode), (16 bytes).
    Removing stm32f4xx_hal.o(i.HAL_DBGMCU_DisableDBGStopMode), (16 bytes).
    Removing stm32f4xx_hal.o(i.HAL_DBGMCU_EnableDBGSleepMode), (16 bytes).
    Removing stm32f4xx_hal.o(i.HAL_DBGMCU_EnableDBGStandbyMode), (16 bytes).
    Removing stm32f4xx_hal.o(i.HAL_DBGMCU_EnableDBGStopMode), (16 bytes).
    Removing stm32f4xx_hal.o(i.HAL_DeInit), (52 bytes).
    Removing stm32f4xx_hal.o(i.HAL_DisableCompensationCell), (12 bytes).
    Removing stm32f4xx_hal.o(i.HAL_EnableCompensationCell), (12 bytes).
    Removing stm32f4xx_hal.o(i.HAL_GetDEVID), (16 bytes).
    Removing stm32f4xx_hal.o(i.HAL_GetHalVersion), (8 bytes).
    Removing stm32f4xx_hal.o(i.HAL_GetREVID), (12 bytes).
    Removing stm32f4xx_hal.o(i.HAL_GetTickFreq), (12 bytes).
    Removing stm32f4xx_hal.o(i.HAL_GetTickPrio), (12 bytes).
    Removing stm32f4xx_hal.o(i.HAL_GetUID), (28 bytes).
    Removing stm32f4xx_hal.o(i.HAL_MspDeInit), (2 bytes).
    Removing stm32f4xx_hal.o(i.HAL_MspInit), (2 bytes).
    Removing stm32f4xx_hal.o(i.HAL_ResumeTick), (14 bytes).
    Removing stm32f4xx_hal.o(i.HAL_SetTickFreq), (28 bytes).
    Removing stm32f4xx_hal.o(i.HAL_SuspendTick), (14 bytes).
    Removing system_stm32f4xx.o(.rev16_text), (4 bytes).
    Removing system_stm32f4xx.o(.revsh_text), (4 bytes).
    Removing system_stm32f4xx.o(.rrx_text), (6 bytes).
    Removing system_stm32f4xx.o(i.SystemCoreClockUpdate), (120 bytes).
    Removing syscall.o(.rev16_text), (4 bytes).
    Removing syscall.o(.revsh_text), (4 bytes).
    Removing syscall.o(.rrx_text), (6 bytes).
    Removing diskio.o(.rev16_text), (4 bytes).
    Removing diskio.o(.revsh_text), (4 bytes).
    Removing diskio.o(.rrx_text), (6 bytes).
    Removing diskio.o(i.get_fattime), (4 bytes).
    Removing ff.o(.rev16_text), (4 bytes).
    Removing ff.o(.revsh_text), (4 bytes).
    Removing ff.o(.rrx_text), (6 bytes).
    Removing ff.o(i.dir_read), (96 bytes).
    Removing ff.o(i.dir_remove), (30 bytes).
    Removing ff.o(i.f_closedir), (34 bytes).
    Removing ff.o(i.f_getfree), (212 bytes).
    Removing ff.o(i.f_gets), (72 bytes).
    Removing ff.o(i.f_lseek), (570 bytes).
    Removing ff.o(i.f_mkdir), (336 bytes).
    Removing ff.o(i.f_mkfs), (1408 bytes).
    Removing ff.o(i.f_opendir), (130 bytes).
    Removing ff.o(i.f_printf), (460 bytes).
    Removing ff.o(i.f_putc), (30 bytes).
    Removing ff.o(i.f_puts), (38 bytes).
    Removing ff.o(i.f_read), (374 bytes).
    Removing ff.o(i.f_readdir), (64 bytes).
    Removing ff.o(i.f_rename), (258 bytes).
    Removing ff.o(i.f_stat), (60 bytes).
    Removing ff.o(i.f_truncate), (162 bytes).
    Removing ff.o(i.f_unlink), (158 bytes).
    Removing ff.o(i.get_fileinfo), (98 bytes).
    Removing ff.o(i.putc_bfd), (70 bytes).
    Removing ff.o(i.putc_flush), (42 bytes).
    Removing ff_gen_drv.o(.rev16_text), (4 bytes).
    Removing ff_gen_drv.o(.revsh_text), (4 bytes).
    Removing ff_gen_drv.o(.rrx_text), (6 bytes).
    Removing ff_gen_drv.o(i.FATFS_GetAttachedDriversNbr), (12 bytes).
    Removing ff_gen_drv.o(i.FATFS_UnLinkDriver), (6 bytes).
    Removing ff_gen_drv.o(i.FATFS_UnLinkDriverEx), (52 bytes).

392 unused section(s) (total 39708 bytes) removed from the image.

==============================================================================

Image Symbol Table

    Local Symbols

    Symbol Name                              Value     Ov Type        Size  Object(Section)

    ..//Src/system_stm32f4xx.c               0x00000000   Number         0  system_stm32f4xx.o ABSOLUTE
    ../Drivers/STM32F4xx_HAL_Driver/Src/stm32f4xx_hal.c 0x00000000   Number         0  stm32f4xx_hal.o ABSOLUTE
    ../Drivers/STM32F4xx_HAL_Driver/Src/stm32f4xx_hal_adc.c 0x00000000   Number         0  stm32f4xx_hal_adc.o ABSOLUTE
    ../Drivers/STM32F4xx_HAL_Driver/Src/stm32f4xx_hal_adc_ex.c 0x00000000   Number         0  stm32f4xx_hal_adc_ex.o ABSOLUTE
    ../Drivers/STM32F4xx_HAL_Driver/Src/stm32f4xx_hal_cortex.c 0x00000000   Number         0  stm32f4xx_hal_cortex.o ABSOLUTE
    ../Drivers/STM32F4xx_HAL_Driver/Src/stm32f4xx_hal_dma.c 0x00000000   Number         0  stm32f4xx_hal_dma.o ABSOLUTE
    ../Drivers/STM32F4xx_HAL_Driver/Src/stm32f4xx_hal_dma_ex.c 0x00000000   Number         0  stm32f4xx_hal_dma_ex.o ABSOLUTE
    ../Drivers/STM32F4xx_HAL_Driver/Src/stm32f4xx_hal_flash.c 0x00000000   Number         0  stm32f4xx_hal_flash.o ABSOLUTE
    ../Drivers/STM32F4xx_HAL_Driver/Src/stm32f4xx_hal_flash_ex.c 0x00000000   Number         0  stm32f4xx_hal_flash_ex.o ABSOLUTE
    ../Drivers/STM32F4xx_HAL_Driver/Src/stm32f4xx_hal_flash_ramfunc.c 0x00000000   Number         0  stm32f4xx_hal_flash_ramfunc.o ABSOLUTE
    ../Drivers/STM32F4xx_HAL_Driver/Src/stm32f4xx_hal_gpio.c 0x00000000   Number         0  stm32f4xx_hal_gpio.o ABSOLUTE
    ../Drivers/STM32F4xx_HAL_Driver/Src/stm32f4xx_hal_i2c.c 0x00000000   Number         0  stm32f4xx_hal_i2c.o ABSOLUTE
    ../Drivers/STM32F4xx_HAL_Driver/Src/stm32f4xx_hal_i2c_ex.c 0x00000000   Number         0  stm32f4xx_hal_i2c_ex.o ABSOLUTE
    ../Drivers/STM32F4xx_HAL_Driver/Src/stm32f4xx_hal_pwr.c 0x00000000   Number         0  stm32f4xx_hal_pwr.o ABSOLUTE
    ../Drivers/STM32F4xx_HAL_Driver/Src/stm32f4xx_hal_pwr_ex.c 0x00000000   Number         0  stm32f4xx_hal_pwr_ex.o ABSOLUTE
    ../Drivers/STM32F4xx_HAL_Driver/Src/stm32f4xx_hal_rcc.c 0x00000000   Number         0  stm32f4xx_hal_rcc.o ABSOLUTE
    ../Drivers/STM32F4xx_HAL_Driver/Src/stm32f4xx_hal_rcc_ex.c 0x00000000   Number         0  stm32f4xx_hal_rcc_ex.o ABSOLUTE
    ../Drivers/STM32F4xx_HAL_Driver/Src/stm32f4xx_hal_sd.c 0x00000000   Number         0  stm32f4xx_hal_sd.o ABSOLUTE
    ../Drivers/STM32F4xx_HAL_Driver/Src/stm32f4xx_hal_tim.c 0x00000000   Number         0  stm32f4xx_hal_tim.o ABSOLUTE
    ../Drivers/STM32F4xx_HAL_Driver/Src/stm32f4xx_hal_tim_ex.c 0x00000000   Number         0  stm32f4xx_hal_tim_ex.o ABSOLUTE
    ../Drivers/STM32F4xx_HAL_Driver/Src/stm32f4xx_ll_sdmmc.c 0x00000000   Number         0  stm32f4xx_ll_sdmmc.o ABSOLUTE
    ../Middlewares/Third_Party/FatFs/src/diskio.c 0x00000000   Number         0  diskio.o ABSOLUTE
    ../Middlewares/Third_Party/FatFs/src/ff.c 0x00000000   Number         0  ff.o ABSOLUTE
    ../Middlewares/Third_Party/FatFs/src/ff_gen_drv.c 0x00000000   Number         0  ff_gen_drv.o ABSOLUTE
    ../Middlewares/Third_Party/FatFs/src/option/syscall.c 0x00000000   Number         0  syscall.o ABSOLUTE
    ../Src/bsp_driver_sd.c                   0x00000000   Number         0  bsp_driver_sd.o ABSOLUTE
    ../Src/fatfs.c                           0x00000000   Number         0  fatfs.o ABSOLUTE
    ../Src/main.c                            0x00000000   Number         0  main.o ABSOLUTE
    ../Src/sd_diskio.c                       0x00000000   Number         0  sd_diskio.o ABSOLUTE
    ../Src/stm32f4xx_hal_msp.c               0x00000000   Number         0  stm32f4xx_hal_msp.o ABSOLUTE
    ../Src/stm32f4xx_it.c                    0x00000000   Number         0  stm32f4xx_it.o ABSOLUTE
    ../clib/microlib/division.c              0x00000000   Number         0  uldiv.o ABSOLUTE
    ../clib/microlib/init/entry.s            0x00000000   Number         0  entry9a.o ABSOLUTE
    ../clib/microlib/init/entry.s            0x00000000   Number         0  entry.o ABSOLUTE
    ../clib/microlib/init/entry.s            0x00000000   Number         0  entry8b.o ABSOLUTE
    ../clib/microlib/init/entry.s            0x00000000   Number         0  entry8a.o ABSOLUTE
    ../clib/microlib/init/entry.s            0x00000000   Number         0  entry7b.o ABSOLUTE
    ../clib/microlib/init/entry.s            0x00000000   Number         0  entry2.o ABSOLUTE
    ../clib/microlib/init/entry.s            0x00000000   Number         0  entry5.o ABSOLUTE
    ../clib/microlib/init/entry.s            0x00000000   Number         0  entry10b.o ABSOLUTE
    ../clib/microlib/init/entry.s            0x00000000   Number         0  entry11a.o ABSOLUTE
    ../clib/microlib/init/entry.s            0x00000000   Number         0  entry10a.o ABSOLUTE
    ../clib/microlib/init/entry.s            0x00000000   Number         0  entry11b.o ABSOLUTE
    ../clib/microlib/init/entry.s            0x00000000   Number         0  entry9b.o ABSOLUTE
    ../clib/microlib/init/entry.s            0x00000000   Number         0  entry7a.o ABSOLUTE
    ../clib/microlib/longlong.c              0x00000000   Number         0  llshl.o ABSOLUTE
    ../clib/microlib/longlong.c              0x00000000   Number         0  llushr.o ABSOLUTE
    ../clib/microlib/string/memcpy.c         0x00000000   Number         0  memcpya.o ABSOLUTE
    ../clib/microlib/string/memcpy.c         0x00000000   Number         0  memcpyb.o ABSOLUTE
    ..\Drivers\STM32F4xx_HAL_Driver\Src\stm32f4xx_hal.c 0x00000000   Number         0  stm32f4xx_hal.o ABSOLUTE
    ..\Drivers\STM32F4xx_HAL_Driver\Src\stm32f4xx_hal_adc.c 0x00000000   Number         0  stm32f4xx_hal_adc.o ABSOLUTE
    ..\Drivers\STM32F4xx_HAL_Driver\Src\stm32f4xx_hal_adc_ex.c 0x00000000   Number         0  stm32f4xx_hal_adc_ex.o ABSOLUTE
    ..\Drivers\STM32F4xx_HAL_Driver\Src\stm32f4xx_hal_cortex.c 0x00000000   Number         0  stm32f4xx_hal_cortex.o ABSOLUTE
    ..\Drivers\STM32F4xx_HAL_Driver\Src\stm32f4xx_hal_dma.c 0x00000000   Number         0  stm32f4xx_hal_dma.o ABSOLUTE
    ..\Drivers\STM32F4xx_HAL_Driver\Src\stm32f4xx_hal_dma_ex.c 0x00000000   Number         0  stm32f4xx_hal_dma_ex.o ABSOLUTE
    ..\Drivers\STM32F4xx_HAL_Driver\Src\stm32f4xx_hal_flash.c 0x00000000   Number         0  stm32f4xx_hal_flash.o ABSOLUTE
    ..\Drivers\STM32F4xx_HAL_Driver\Src\stm32f4xx_hal_flash_ex.c 0x00000000   Number         0  stm32f4xx_hal_flash_ex.o ABSOLUTE
    ..\Drivers\STM32F4xx_HAL_Driver\Src\stm32f4xx_hal_flash_ramfunc.c 0x00000000   Number         0  stm32f4xx_hal_flash_ramfunc.o ABSOLUTE
    ..\Drivers\STM32F4xx_HAL_Driver\Src\stm32f4xx_hal_gpio.c 0x00000000   Number         0  stm32f4xx_hal_gpio.o ABSOLUTE
    ..\Drivers\STM32F4xx_HAL_Driver\Src\stm32f4xx_hal_i2c.c 0x00000000   Number         0  stm32f4xx_hal_i2c.o ABSOLUTE
    ..\Drivers\STM32F4xx_HAL_Driver\Src\stm32f4xx_hal_i2c_ex.c 0x00000000   Number         0  stm32f4xx_hal_i2c_ex.o ABSOLUTE
    ..\Drivers\STM32F4xx_HAL_Driver\Src\stm32f4xx_hal_pwr.c 0x00000000   Number         0  stm32f4xx_hal_pwr.o ABSOLUTE
    ..\Drivers\STM32F4xx_HAL_Driver\Src\stm32f4xx_hal_pwr_ex.c 0x00000000   Number         0  stm32f4xx_hal_pwr_ex.o ABSOLUTE
    ..\Drivers\STM32F4xx_HAL_Driver\Src\stm32f4xx_hal_rcc.c 0x00000000   Number         0  stm32f4xx_hal_rcc.o ABSOLUTE
    ..\Drivers\STM32F4xx_HAL_Driver\Src\stm32f4xx_hal_rcc_ex.c 0x00000000   Number         0  stm32f4xx_hal_rcc_ex.o ABSOLUTE
    ..\Drivers\STM32F4xx_HAL_Driver\Src\stm32f4xx_hal_sd.c 0x00000000   Number         0  stm32f4xx_hal_sd.o ABSOLUTE
    ..\Drivers\STM32F4xx_HAL_Driver\Src\stm32f4xx_hal_tim.c 0x00000000   Number         0  stm32f4xx_hal_tim.o ABSOLUTE
    ..\Drivers\STM32F4xx_HAL_Driver\Src\stm32f4xx_hal_tim_ex.c 0x00000000   Number         0  stm32f4xx_hal_tim_ex.o ABSOLUTE
    ..\Drivers\STM32F4xx_HAL_Driver\Src\stm32f4xx_ll_sdmmc.c 0x00000000   Number         0  stm32f4xx_ll_sdmmc.o ABSOLUTE
    ..\Middlewares\Third_Party\FatFs\src\diskio.c 0x00000000   Number         0  diskio.o ABSOLUTE
    ..\Middlewares\Third_Party\FatFs\src\ff.c 0x00000000   Number         0  ff.o ABSOLUTE
    ..\Middlewares\Third_Party\FatFs\src\ff_gen_drv.c 0x00000000   Number         0  ff_gen_drv.o ABSOLUTE
    ..\Middlewares\Third_Party\FatFs\src\option\syscall.c 0x00000000   Number         0  syscall.o ABSOLUTE
    ..\Src\bsp_driver_sd.c                   0x00000000   Number         0  bsp_driver_sd.o ABSOLUTE
    ..\Src\fatfs.c                           0x00000000   Number         0  fatfs.o ABSOLUTE
    ..\Src\main.c                            0x00000000   Number         0  main.o ABSOLUTE
    ..\Src\sd_diskio.c                       0x00000000   Number         0  sd_diskio.o ABSOLUTE
    ..\Src\stm32f4xx_hal_msp.c               0x00000000   Number         0  stm32f4xx_hal_msp.o ABSOLUTE
    ..\Src\stm32f4xx_it.c                    0x00000000   Number         0  stm32f4xx_it.o ABSOLUTE
    ..\\Src\system_stm32f4xx.c               0x00000000   Number         0  system_stm32f4xx.o ABSOLUTE
    dc.s                                     0x00000000   Number         0  dc.o ABSOLUTE
    handlers.s                               0x00000000   Number         0  handlers.o ABSOLUTE
    init.s                                   0x00000000   Number         0  init.o ABSOLUTE
    startup_stm32f407xx.s                    0x00000000   Number         0  startup_stm32f407xx.o ABSOLUTE
    RESET                                    0x08000000   Section      392  startup_stm32f407xx.o(RESET)
    .ARM.Collect$$$$00000000                 0x08000188   Section        0  entry.o(.ARM.Collect$$$$00000000)
    .ARM.Collect$$$$00000001                 0x08000188   Section        4  entry2.o(.ARM.Collect$$$$00000001)
    .ARM.Collect$$$$00000004                 0x0800018c   Section        4  entry5.o(.ARM.Collect$$$$00000004)
    .ARM.Collect$$$$00000008                 0x08000190   Section        0  entry7b.o(.ARM.Collect$$$$00000008)
    .ARM.Collect$$$$0000000A                 0x08000190   Section        0  entry8b.o(.ARM.Collect$$$$0000000A)
    .ARM.Collect$$$$0000000B                 0x08000190   Section        8  entry9a.o(.ARM.Collect$$$$0000000B)
    .ARM.Collect$$$$0000000D                 0x08000198   Section        0  entry10a.o(.ARM.Collect$$$$0000000D)
    .ARM.Collect$$$$0000000F                 0x08000198   Section        0  entry11a.o(.ARM.Collect$$$$0000000F)
    .ARM.Collect$$$$00002712                 0x08000198   Section        4  entry2.o(.ARM.Collect$$$$00002712)
    __lit__00000000                          0x08000198   Data           4  entry2.o(.ARM.Collect$$$$00002712)
    .text                                    0x0800019c   Section       36  startup_stm32f407xx.o(.text)
    $v0                                      0x0800019c   Number         0  startup_stm32f407xx.o(.text)
    .text                                    0x080001c0   Section        0  uldiv.o(.text)
    .text                                    0x08000222   Section        0  memcpya.o(.text)
    .text                                    0x08000246   Section        0  llshl.o(.text)
    .text                                    0x08000264   Section        0  llushr.o(.text)
    .text                                    0x08000284   Section       36  init.o(.text)
    i.ADC_DMAConvCplt                        0x080002a8   Section        0  stm32f4xx_hal_adc.o(i.ADC_DMAConvCplt)
    ADC_DMAConvCplt                          0x080002a9   Thumb Code    98  stm32f4xx_hal_adc.o(i.ADC_DMAConvCplt)
    i.ADC_DMAError                           0x0800030a   Section        0  stm32f4xx_hal_adc.o(i.ADC_DMAError)
    ADC_DMAError                             0x0800030b   Thumb Code    22  stm32f4xx_hal_adc.o(i.ADC_DMAError)
    i.ADC_DMAHalfConvCplt                    0x08000320   Section        0  stm32f4xx_hal_adc.o(i.ADC_DMAHalfConvCplt)
    ADC_DMAHalfConvCplt                      0x08000321   Thumb Code    10  stm32f4xx_hal_adc.o(i.ADC_DMAHalfConvCplt)
    i.ADC_IRQHandler                         0x0800032c   Section        0  stm32f4xx_it.o(i.ADC_IRQHandler)
    i.ADC_Init                               0x08000338   Section        0  stm32f4xx_hal_adc.o(i.ADC_Init)
    ADC_Init                                 0x08000339   Thumb Code   280  stm32f4xx_hal_adc.o(i.ADC_Init)
    i.BSP_SD_GetCardInfo                     0x0800045c   Section        0  bsp_driver_sd.o(i.BSP_SD_GetCardInfo)
    i.BSP_SD_GetCardState                    0x08000468   Section        0  bsp_driver_sd.o(i.BSP_SD_GetCardState)
    i.BSP_SD_Init                            0x08000480   Section        0  bsp_driver_sd.o(i.BSP_SD_Init)
    i.BSP_SD_ReadBlocks                      0x080004a4   Section        0  bsp_driver_sd.o(i.BSP_SD_ReadBlocks)
    i.BSP_SD_WriteBlocks                     0x080004c4   Section        0  bsp_driver_sd.o(i.BSP_SD_WriteBlocks)
    i.DMA2_Stream0_IRQHandler                0x080004e4   Section        0  stm32f4xx_it.o(i.DMA2_Stream0_IRQHandler)
    i.DMA_CalcBaseAndBitshift                0x080004f0   Section        0  stm32f4xx_hal_dma.o(i.DMA_CalcBaseAndBitshift)
    DMA_CalcBaseAndBitshift                  0x080004f1   Thumb Code    34  stm32f4xx_hal_dma.o(i.DMA_CalcBaseAndBitshift)
    i.DMA_CheckFifoParam                     0x08000518   Section        0  stm32f4xx_hal_dma.o(i.DMA_CheckFifoParam)
    DMA_CheckFifoParam                       0x08000519   Thumb Code    84  stm32f4xx_hal_dma.o(i.DMA_CheckFifoParam)
    i.DMA_SetConfig                          0x0800056c   Section        0  stm32f4xx_hal_dma.o(i.DMA_SetConfig)
    DMA_SetConfig                            0x0800056d   Thumb Code    40  stm32f4xx_hal_dma.o(i.DMA_SetConfig)
    i.EXTI2_IRQHandler                       0x08000594   Section        0  stm32f4xx_it.o(i.EXTI2_IRQHandler)
    i.EXTI3_IRQHandler                       0x0800059a   Section        0  stm32f4xx_it.o(i.EXTI3_IRQHandler)
    i.FATFS_LinkDriver                       0x080005a0   Section        0  ff_gen_drv.o(i.FATFS_LinkDriver)
    i.FATFS_LinkDriverEx                     0x080005a8   Section        0  ff_gen_drv.o(i.FATFS_LinkDriverEx)
    i.HAL_ADCEx_InjectedConvCpltCallback     0x080005e8   Section        0  stm32f4xx_hal_adc_ex.o(i.HAL_ADCEx_InjectedConvCpltCallback)
    i.HAL_ADC_ConfigChannel                  0x080005ec   Section        0  stm32f4xx_hal_adc.o(i.HAL_ADC_ConfigChannel)
    i.HAL_ADC_ConvCpltCallback               0x08000738   Section        0  stm32f4xx_hal_adc.o(i.HAL_ADC_ConvCpltCallback)
    i.HAL_ADC_ConvHalfCpltCallback           0x0800073a   Section        0  stm32f4xx_hal_adc.o(i.HAL_ADC_ConvHalfCpltCallback)
    i.HAL_ADC_ErrorCallback                  0x0800073c   Section        0  stm32f4xx_hal_adc.o(i.HAL_ADC_ErrorCallback)
    i.HAL_ADC_IRQHandler                     0x0800073e   Section        0  stm32f4xx_hal_adc.o(i.HAL_ADC_IRQHandler)
    i.HAL_ADC_Init                           0x0800087a   Section        0  stm32f4xx_hal_adc.o(i.HAL_ADC_Init)
    i.HAL_ADC_LevelOutOfWindowCallback       0x080008ce   Section        0  stm32f4xx_hal_adc.o(i.HAL_ADC_LevelOutOfWindowCallback)
    i.HAL_ADC_MspInit                        0x080008d0   Section        0  stm32f4xx_hal_msp.o(i.HAL_ADC_MspInit)
    i.HAL_ADC_Start_DMA                      0x0800097c   Section        0  stm32f4xx_hal_adc.o(i.HAL_ADC_Start_DMA)
    i.HAL_ADC_Start_IT                       0x08000a7c   Section        0  stm32f4xx_hal_adc.o(i.HAL_ADC_Start_IT)
    i.HAL_DMA_IRQHandler                     0x08000b44   Section        0  stm32f4xx_hal_dma.o(i.HAL_DMA_IRQHandler)
    i.HAL_DMA_Init                           0x08000ce4   Section        0  stm32f4xx_hal_dma.o(i.HAL_DMA_Init)
    i.HAL_DMA_Start_IT                       0x08000db8   Section        0  stm32f4xx_hal_dma.o(i.HAL_DMA_Start_IT)
    i.HAL_Delay                              0x08000e30   Section        0  stm32f4xx_hal.o(i.HAL_Delay)
    i.HAL_GPIO_EXTI_Callback                 0x08000e54   Section        0  stm32f4xx_hal_gpio.o(i.HAL_GPIO_EXTI_Callback)
    i.HAL_GPIO_EXTI_IRQHandler               0x08000e58   Section        0  stm32f4xx_hal_gpio.o(i.HAL_GPIO_EXTI_IRQHandler)
    i.HAL_GPIO_Init                          0x08000e70   Section        0  stm32f4xx_hal_gpio.o(i.HAL_GPIO_Init)
    i.HAL_GPIO_WritePin                      0x08001020   Section        0  stm32f4xx_hal_gpio.o(i.HAL_GPIO_WritePin)
    i.HAL_GetTick                            0x0800102c   Section        0  stm32f4xx_hal.o(i.HAL_GetTick)
    i.HAL_I2C_Init                           0x08001038   Section        0  stm32f4xx_hal_i2c.o(i.HAL_I2C_Init)
    i.HAL_I2C_MspInit                        0x08001140   Section        0  stm32f4xx_hal_msp.o(i.HAL_I2C_MspInit)
    i.HAL_IncTick                            0x08001198   Section        0  stm32f4xx_hal.o(i.HAL_IncTick)
    i.HAL_Init                               0x080011a8   Section        0  stm32f4xx_hal.o(i.HAL_Init)
    i.HAL_InitTick                           0x080011dc   Section        0  stm32f4xx_hal.o(i.HAL_InitTick)
    i.HAL_MspInit                            0x0800121c   Section        0  stm32f4xx_hal_msp.o(i.HAL_MspInit)
    i.HAL_NVIC_EnableIRQ                     0x080012a0   Section        0  stm32f4xx_hal_cortex.o(i.HAL_NVIC_EnableIRQ)
    i.HAL_NVIC_SetPriority                   0x080012b8   Section        0  stm32f4xx_hal_cortex.o(i.HAL_NVIC_SetPriority)
    i.HAL_NVIC_SetPriorityGrouping           0x080012f8   Section        0  stm32f4xx_hal_cortex.o(i.HAL_NVIC_SetPriorityGrouping)
    i.HAL_RCC_ClockConfig                    0x0800131c   Section        0  stm32f4xx_hal_rcc.o(i.HAL_RCC_ClockConfig)
    i.HAL_RCC_GetHCLKFreq                    0x0800144c   Section        0  stm32f4xx_hal_rcc.o(i.HAL_RCC_GetHCLKFreq)
    i.HAL_RCC_GetPCLK1Freq                   0x08001458   Section        0  stm32f4xx_hal_rcc.o(i.HAL_RCC_GetPCLK1Freq)
    i.HAL_RCC_GetSysClockFreq                0x08001478   Section        0  stm32f4xx_hal_rcc.o(i.HAL_RCC_GetSysClockFreq)
    i.HAL_RCC_OscConfig                      0x080014d8   Section        0  stm32f4xx_hal_rcc.o(i.HAL_RCC_OscConfig)
    i.HAL_SD_GetCardCSD                      0x080017f4   Section        0  stm32f4xx_hal_sd.o(i.HAL_SD_GetCardCSD)
    i.HAL_SD_GetCardInfo                     0x080019ce   Section        0  stm32f4xx_hal_sd.o(i.HAL_SD_GetCardInfo)
    i.HAL_SD_GetCardState                    0x080019f2   Section        0  stm32f4xx_hal_sd.o(i.HAL_SD_GetCardState)
    i.HAL_SD_Init                            0x08001a1e   Section        0  stm32f4xx_hal_sd.o(i.HAL_SD_Init)
    i.HAL_SD_InitCard                        0x08001a54   Section        0  stm32f4xx_hal_sd.o(i.HAL_SD_InitCard)
    i.HAL_SD_MspInit                         0x08001aa8   Section        0  stm32f4xx_hal_msp.o(i.HAL_SD_MspInit)
    i.HAL_SD_ReadBlocks                      0x08001b0c   Section        0  stm32f4xx_hal_sd.o(i.HAL_SD_ReadBlocks)
    i.HAL_SD_WriteBlocks                     0x08001cc0   Section        0  stm32f4xx_hal_sd.o(i.HAL_SD_WriteBlocks)
    i.HAL_SYSTICK_CLKSourceConfig            0x08001e5a   Section        0  stm32f4xx_hal_cortex.o(i.HAL_SYSTICK_CLKSourceConfig)
    i.HAL_SYSTICK_Callback                   0x08001e72   Section        0  stm32f4xx_hal_cortex.o(i.HAL_SYSTICK_Callback)
    i.HAL_SYSTICK_Config                     0x08001e74   Section        0  stm32f4xx_hal_cortex.o(i.HAL_SYSTICK_Config)
    i.HAL_SYSTICK_IRQHandler                 0x08001e9c   Section        0  stm32f4xx_hal_cortex.o(i.HAL_SYSTICK_IRQHandler)
    i.MX_ADC1_Init                           0x08001ea4   Section        0  main.o(i.MX_ADC1_Init)
    MX_ADC1_Init                             0x08001ea5   Thumb Code    72  main.o(i.MX_ADC1_Init)
    i.MX_FATFS_Init                          0x08001ef8   Section        0  fatfs.o(i.MX_FATFS_Init)
    i.MX_GPIO_Init                           0x08001f14   Section        0  main.o(i.MX_GPIO_Init)
    MX_GPIO_Init                             0x08001f15   Thumb Code   458  main.o(i.MX_GPIO_Init)
    i.MX_I2C3_Init                           0x080020fc   Section        0  main.o(i.MX_I2C3_Init)
    MX_I2C3_Init                             0x080020fd   Thumb Code    44  main.o(i.MX_I2C3_Init)
    i.NVIC_SetPriority                       0x08002134   Section        0  stm32f4xx_hal_cortex.o(i.NVIC_SetPriority)
    NVIC_SetPriority                         0x08002135   Thumb Code    32  stm32f4xx_hal_cortex.o(i.NVIC_SetPriority)
    i.PendSV_Handler                         0x08002154   Section        0  stm32f4xx_it.o(i.PendSV_Handler)
    i.SDIO_ConfigData                        0x08002156   Section        0  stm32f4xx_ll_sdmmc.o(i.SDIO_ConfigData)
    i.SDIO_GetPowerState                     0x0800217a   Section        0  stm32f4xx_ll_sdmmc.o(i.SDIO_GetPowerState)
    i.SDIO_GetResponse                       0x08002182   Section        0  stm32f4xx_ll_sdmmc.o(i.SDIO_GetResponse)
    i.SDIO_Init                              0x0800218e   Section        0  stm32f4xx_ll_sdmmc.o(i.SDIO_Init)
    i.SDIO_PowerState_ON                     0x080021b2   Section        0  stm32f4xx_ll_sdmmc.o(i.SDIO_PowerState_ON)
    i.SDIO_ReadFIFO                          0x080021ba   Section        0  stm32f4xx_ll_sdmmc.o(i.SDIO_ReadFIFO)
    i.SDIO_SendCommand                       0x080021c0   Section        0  stm32f4xx_ll_sdmmc.o(i.SDIO_SendCommand)
    i.SDIO_WriteFIFO                         0x080021e0   Section        0  stm32f4xx_ll_sdmmc.o(i.SDIO_WriteFIFO)
    i.SDMMC_CmdAppCommand                    0x080021ea   Section        0  stm32f4xx_ll_sdmmc.o(i.SDMMC_CmdAppCommand)
    i.SDMMC_CmdAppOperCommand                0x0800221c   Section        0  stm32f4xx_ll_sdmmc.o(i.SDMMC_CmdAppOperCommand)
    i.SDMMC_CmdBlockLength                   0x08002250   Section        0  stm32f4xx_ll_sdmmc.o(i.SDMMC_CmdBlockLength)
    i.SDMMC_CmdGoIdleState                   0x08002284   Section        0  stm32f4xx_ll_sdmmc.o(i.SDMMC_CmdGoIdleState)
    i.SDMMC_CmdOperCond                      0x080022d4   Section        0  stm32f4xx_ll_sdmmc.o(i.SDMMC_CmdOperCond)
    i.SDMMC_CmdReadMultiBlock                0x0800233c   Section        0  stm32f4xx_ll_sdmmc.o(i.SDMMC_CmdReadMultiBlock)
    i.SDMMC_CmdReadSingleBlock               0x0800236e   Section        0  stm32f4xx_ll_sdmmc.o(i.SDMMC_CmdReadSingleBlock)
    i.SDMMC_CmdSelDesel                      0x080023a0   Section        0  stm32f4xx_ll_sdmmc.o(i.SDMMC_CmdSelDesel)
    i.SDMMC_CmdSendCID                       0x080023d2   Section        0  stm32f4xx_ll_sdmmc.o(i.SDMMC_CmdSendCID)
    i.SDMMC_CmdSendCSD                       0x080023fe   Section        0  stm32f4xx_ll_sdmmc.o(i.SDMMC_CmdSendCSD)
    i.SDMMC_CmdSendStatus                    0x0800242a   Section        0  stm32f4xx_ll_sdmmc.o(i.SDMMC_CmdSendStatus)
    i.SDMMC_CmdSetRelAdd                     0x0800245c   Section        0  stm32f4xx_ll_sdmmc.o(i.SDMMC_CmdSetRelAdd)
    i.SDMMC_CmdStopTransfer                  0x0800248c   Section        0  stm32f4xx_ll_sdmmc.o(i.SDMMC_CmdStopTransfer)
    i.SDMMC_CmdWriteMultiBlock               0x080024c0   Section        0  stm32f4xx_ll_sdmmc.o(i.SDMMC_CmdWriteMultiBlock)
    i.SDMMC_CmdWriteSingleBlock              0x080024f2   Section        0  stm32f4xx_ll_sdmmc.o(i.SDMMC_CmdWriteSingleBlock)
    i.SDMMC_GetCmdResp1                      0x08002524   Section        0  stm32f4xx_ll_sdmmc.o(i.SDMMC_GetCmdResp1)
    SDMMC_GetCmdResp1                        0x08002525   Thumb Code   276  stm32f4xx_ll_sdmmc.o(i.SDMMC_GetCmdResp1)
    i.SDMMC_GetCmdResp2                      0x08002640   Section        0  stm32f4xx_ll_sdmmc.o(i.SDMMC_GetCmdResp2)
    SDMMC_GetCmdResp2                        0x08002641   Thumb Code    74  stm32f4xx_ll_sdmmc.o(i.SDMMC_GetCmdResp2)
    i.SDMMC_GetCmdResp3                      0x08002690   Section        0  stm32f4xx_ll_sdmmc.o(i.SDMMC_GetCmdResp3)
    SDMMC_GetCmdResp3                        0x08002691   Thumb Code    60  stm32f4xx_ll_sdmmc.o(i.SDMMC_GetCmdResp3)
    i.SDMMC_GetCmdResp6                      0x080026d0   Section        0  stm32f4xx_ll_sdmmc.o(i.SDMMC_GetCmdResp6)
    SDMMC_GetCmdResp6                        0x080026d1   Thumb Code   128  stm32f4xx_ll_sdmmc.o(i.SDMMC_GetCmdResp6)
    i.SD_CheckStatus                         0x08002754   Section        0  sd_diskio.o(i.SD_CheckStatus)
    SD_CheckStatus                           0x08002755   Thumb Code    26  sd_diskio.o(i.SD_CheckStatus)
    i.SD_InitCard                            0x08002774   Section        0  stm32f4xx_hal_sd.o(i.SD_InitCard)
    SD_InitCard                              0x08002775   Thumb Code   230  stm32f4xx_hal_sd.o(i.SD_InitCard)
    i.SD_PowerON                             0x0800285a   Section        0  stm32f4xx_hal_sd.o(i.SD_PowerON)
    SD_PowerON                               0x0800285b   Thumb Code   162  stm32f4xx_hal_sd.o(i.SD_PowerON)
    i.SD_initialize                          0x080028fc   Section        0  sd_diskio.o(i.SD_initialize)
    i.SD_ioctl                               0x0800291c   Section        0  sd_diskio.o(i.SD_ioctl)
    i.SD_read                                0x0800296c   Section        0  sd_diskio.o(i.SD_read)
    i.SD_status                              0x08002992   Section        0  sd_diskio.o(i.SD_status)
    i.SD_write                               0x08002998   Section        0  sd_diskio.o(i.SD_write)
    i.SVC_Handler                            0x080029be   Section        0  stm32f4xx_it.o(i.SVC_Handler)
    i.SysTick_Handler                        0x080029c0   Section        0  stm32f4xx_it.o(i.SysTick_Handler)
    i.SystemClock_Config                     0x080029d0   Section        0  main.o(i.SystemClock_Config)
    i.SystemInit                             0x08002a70   Section        0  system_stm32f4xx.o(i.SystemInit)
    i._Error_Handler                         0x08002ac4   Section        0  main.o(i._Error_Handler)
    i.__scatterload_copy                     0x08002ac6   Section       14  handlers.o(i.__scatterload_copy)
    i.__scatterload_null                     0x08002ad4   Section        2  handlers.o(i.__scatterload_null)
    i.__scatterload_zeroinit                 0x08002ad6   Section       14  handlers.o(i.__scatterload_zeroinit)
    i.check_fs                               0x08002ae4   Section        0  ff.o(i.check_fs)
    check_fs                                 0x08002ae5   Thumb Code   102  ff.o(i.check_fs)
    i.chk_lock                               0x08002b54   Section        0  ff.o(i.chk_lock)
    chk_lock                                 0x08002b55   Thumb Code    86  ff.o(i.chk_lock)
    i.clear_lock                             0x08002bb0   Section        0  ff.o(i.clear_lock)
    clear_lock                               0x08002bb1   Thumb Code    28  ff.o(i.clear_lock)
    i.clmt_clust                             0x08002bd0   Section        0  ff.o(i.clmt_clust)
    clmt_clust                               0x08002bd1   Thumb Code    38  ff.o(i.clmt_clust)
    i.clust2sect                             0x08002bf6   Section        0  ff.o(i.clust2sect)
    clust2sect                               0x08002bf7   Thumb Code    24  ff.o(i.clust2sect)
    i.create_chain                           0x08002c0e   Section        0  ff.o(i.create_chain)
    create_chain                             0x08002c0f   Thumb Code   164  ff.o(i.create_chain)
    i.create_name                            0x08002cb4   Section        0  ff.o(i.create_name)
    create_name                              0x08002cb5   Thumb Code   168  ff.o(i.create_name)
    i.dec_lock                               0x08002d70   Section        0  ff.o(i.dec_lock)
    dec_lock                                 0x08002d71   Thumb Code    48  ff.o(i.dec_lock)
    i.dir_find                               0x08002da4   Section        0  ff.o(i.dir_find)
    dir_find                                 0x08002da5   Thumb Code   100  ff.o(i.dir_find)
    i.dir_next                               0x08002e08   Section        0  ff.o(i.dir_next)
    dir_next                                 0x08002e09   Thumb Code   258  ff.o(i.dir_next)
    i.dir_register                           0x08002f0a   Section        0  ff.o(i.dir_register)
    dir_register                             0x08002f0b   Thumb Code   102  ff.o(i.dir_register)
    i.dir_sdi                                0x08002f70   Section        0  ff.o(i.dir_sdi)
    dir_sdi                                  0x08002f71   Thumb Code   142  ff.o(i.dir_sdi)
    i.disk_initialize                        0x08003000   Section        0  diskio.o(i.disk_initialize)
    i.disk_ioctl                             0x08003028   Section        0  diskio.o(i.disk_ioctl)
    i.disk_read                              0x08003044   Section        0  diskio.o(i.disk_read)
    i.disk_status                            0x08003060   Section        0  diskio.o(i.disk_status)
    i.disk_write                             0x08003078   Section        0  diskio.o(i.disk_write)
    i.f_close                                0x08003094   Section        0  ff.o(i.f_close)
    i.f_mount                                0x080030bc   Section        0  ff.o(i.f_mount)
    i.f_open                                 0x08003114   Section        0  ff.o(i.f_open)
    i.f_sync                                 0x08003330   Section        0  ff.o(i.f_sync)
    i.f_write                                0x080033be   Section        0  ff.o(i.f_write)
    i.find_volume                            0x08003570   Section        0  ff.o(i.find_volume)
    find_volume                              0x08003571   Thumb Code   636  ff.o(i.find_volume)
    i.follow_path                            0x080037f8   Section        0  ff.o(i.follow_path)
    follow_path                              0x080037f9   Thumb Code   122  ff.o(i.follow_path)
    i.get_fat                                0x08003872   Section        0  ff.o(i.get_fat)
    get_fat                                  0x08003873   Thumb Code   232  ff.o(i.get_fat)
    i.get_fattime                            0x0800395a   Section        0  fatfs.o(i.get_fattime)
    i.get_ldnumber                           0x0800395e   Section        0  ff.o(i.get_ldnumber)
    get_ldnumber                             0x0800395f   Thumb Code    60  ff.o(i.get_ldnumber)
    i.inc_lock                               0x0800399c   Section        0  ff.o(i.inc_lock)
    inc_lock                                 0x0800399d   Thumb Code   124  ff.o(i.inc_lock)
    i.ld_clust                               0x08003a1c   Section        0  ff.o(i.ld_clust)
    ld_clust                                 0x08003a1d   Thumb Code    38  ff.o(i.ld_clust)
    i.ld_dword                               0x08003a42   Section        0  ff.o(i.ld_dword)
    ld_dword                                 0x08003a43   Thumb Code    22  ff.o(i.ld_dword)
    i.ld_word                                0x08003a58   Section        0  ff.o(i.ld_word)
    ld_word                                  0x08003a59   Thumb Code    10  ff.o(i.ld_word)
    i.main                                   0x08003a64   Section        0  main.o(i.main)
    i.mem_cpy                                0x08003bb8   Section        0  ff.o(i.mem_cpy)
    mem_cpy                                  0x08003bb9   Thumb Code    18  ff.o(i.mem_cpy)
    i.mem_set                                0x08003bcc   Section        0  ff.o(i.mem_set)
    mem_set                                  0x08003bcd   Thumb Code    14  ff.o(i.mem_set)
    i.move_window                            0x08003bda   Section        0  ff.o(i.move_window)
    move_window                              0x08003bdb   Thumb Code    50  ff.o(i.move_window)
    i.put_fat                                0x08003c0c   Section        0  ff.o(i.put_fat)
    put_fat                                  0x08003c0d   Thumb Code   292  ff.o(i.put_fat)
    i.remove_chain                           0x08003d30   Section        0  ff.o(i.remove_chain)
    remove_chain                             0x08003d31   Thumb Code   116  ff.o(i.remove_chain)
    i.st_clust                               0x08003da4   Section        0  ff.o(i.st_clust)
    st_clust                                 0x08003da5   Thumb Code    40  ff.o(i.st_clust)
    i.st_dword                               0x08003dcc   Section        0  ff.o(i.st_dword)
    st_dword                                 0x08003dcd   Thumb Code    16  ff.o(i.st_dword)
    i.st_word                                0x08003ddc   Section        0  ff.o(i.st_word)
    st_word                                  0x08003ddd   Thumb Code     8  ff.o(i.st_word)
    i.sync_fs                                0x08003de4   Section        0  ff.o(i.sync_fs)
    sync_fs                                  0x08003de5   Thumb Code   126  ff.o(i.sync_fs)
    i.sync_window                            0x08003e6c   Section        0  ff.o(i.sync_window)
    sync_window                              0x08003e6d   Thumb Code    82  ff.o(i.sync_window)
    i.validate                               0x08003ebe   Section        0  ff.o(i.validate)
    validate                                 0x08003ebf   Thumb Code    50  ff.o(i.validate)
    .constdata                               0x08003ef0   Section       20  sd_diskio.o(.constdata)
    .constdata                               0x08003f04   Section        8  stm32f4xx_hal_dma.o(.constdata)
    flagBitshiftOffset                       0x08003f04   Data           8  stm32f4xx_hal_dma.o(.constdata)
    .constdata                               0x08003f0c   Section       16  system_stm32f4xx.o(.constdata)
    .constdata                               0x08003f1c   Section        8  system_stm32f4xx.o(.constdata)
    .constdata                               0x08003f24   Section      156  ff.o(.constdata)
    ExCvt                                    0x08003f24   Data         128  ff.o(.constdata)
    cst                                      0x08003fa4   Data          14  ff.o(.constdata)
    cst32                                    0x08003fb2   Data          14  ff.o(.constdata)
    .data                                    0x20000000   Section        8  main.o(.data)
    .data                                    0x20000008   Section        1  sd_diskio.o(.data)
    Stat                                     0x20000008   Data           1  sd_diskio.o(.data)
    .data                                    0x20000009   Section        5  fatfs.o(.data)
    .data                                    0x20000010   Section       12  stm32f4xx_hal.o(.data)
    .data                                    0x2000001c   Section        4  system_stm32f4xx.o(.data)
    .data                                    0x20000020   Section        8  ff.o(.data)
    Fsid                                     0x20000020   Data           2  ff.o(.data)
    FatFs                                    0x20000024   Data           4  ff.o(.data)
    .bss                                     0x20000028   Section     8580  main.o(.bss)
    .bss                                     0x200021ac   Section       96  main.o(.bss)
    .bss                                     0x2000220c   Section       32  ff.o(.bss)
    Files                                    0x2000220c   Data          32  ff.o(.bss)
    .bss                                     0x2000222c   Section       12  ff_gen_drv.o(.bss)
    STACK                                    0x20002238   Section     1024  startup_stm32f407xx.o(STACK)

    Global Symbols

    Symbol Name                              Value     Ov Type        Size  Object(Section)

    BuildAttributes$$THM_ISAv4$E$P$D$K$B$S$7EM$VFPi3$EXTD16$VFPS$VFMA$PE$A:L22UL41UL21$X:L11$S22US41US21$IEEE1$IW$USESV6$~STKCKD$USESV7$~SHL$OSPACE$EBA8$MICROLIB$REQ8$PRES8$EABIv2 0x00000000   Number         0  anon$$obj.o ABSOLUTE
    __ARM_use_no_argv                        0x00000000   Number         0  main.o ABSOLUTE
    __cpp_initialize__aeabi_                  - Undefined Weak Reference
    __cxa_finalize                            - Undefined Weak Reference
    __decompress                              - Undefined Weak Reference
    _clock_init                               - Undefined Weak Reference
    _microlib_exit                            - Undefined Weak Reference
    __Vectors_Size                           0x00000188   Number         0  startup_stm32f407xx.o ABSOLUTE
    __Vectors                                0x08000000   Data           4  startup_stm32f407xx.o(RESET)
    __Vectors_End                            0x08000188   Data           0  startup_stm32f407xx.o(RESET)
    __main                                   0x08000189   Thumb Code     0  entry.o(.ARM.Collect$$$$00000000)
    _main_stk                                0x08000189   Thumb Code     0  entry2.o(.ARM.Collect$$$$00000001)
    _main_scatterload                        0x0800018d   Thumb Code     0  entry5.o(.ARM.Collect$$$$00000004)
    __main_after_scatterload                 0x08000191   Thumb Code     0  entry5.o(.ARM.Collect$$$$00000004)
    _main_clock                              0x08000191   Thumb Code     0  entry7b.o(.ARM.Collect$$$$00000008)
    _main_cpp_init                           0x08000191   Thumb Code     0  entry8b.o(.ARM.Collect$$$$0000000A)
    _main_init                               0x08000191   Thumb Code     0  entry9a.o(.ARM.Collect$$$$0000000B)
    __rt_final_cpp                           0x08000199   Thumb Code     0  entry10a.o(.ARM.Collect$$$$0000000D)
    __rt_final_exit                          0x08000199   Thumb Code     0  entry11a.o(.ARM.Collect$$$$0000000F)
    Reset_Handler                            0x0800019d   Thumb Code     8  startup_stm32f407xx.o(.text)
    NMI_Handler                              0x080001a5   Thumb Code     2  startup_stm32f407xx.o(.text)
    HardFault_Handler                        0x080001a7   Thumb Code     2  startup_stm32f407xx.o(.text)
    MemManage_Handler                        0x080001a9   Thumb Code     2  startup_stm32f407xx.o(.text)
    BusFault_Handler                         0x080001ab   Thumb Code     2  startup_stm32f407xx.o(.text)
    UsageFault_Handler                       0x080001ad   Thumb Code     2  startup_stm32f407xx.o(.text)
    DebugMon_Handler                         0x080001b1   Thumb Code     2  startup_stm32f407xx.o(.text)
    CAN1_RX0_IRQHandler                      0x080001b7   Thumb Code     0  startup_stm32f407xx.o(.text)
    CAN1_RX1_IRQHandler                      0x080001b7   Thumb Code     0  startup_stm32f407xx.o(.text)
    CAN1_SCE_IRQHandler                      0x080001b7   Thumb Code     0  startup_stm32f407xx.o(.text)
    CAN1_TX_IRQHandler                       0x080001b7   Thumb Code     0  startup_stm32f407xx.o(.text)
    CAN2_RX0_IRQHandler                      0x080001b7   Thumb Code     0  startup_stm32f407xx.o(.text)
    CAN2_RX1_IRQHandler                      0x080001b7   Thumb Code     0  startup_stm32f407xx.o(.text)
    CAN2_SCE_IRQHandler                      0x080001b7   Thumb Code     0  startup_stm32f407xx.o(.text)
    CAN2_TX_IRQHandler                       0x080001b7   Thumb Code     0  startup_stm32f407xx.o(.text)
    DCMI_IRQHandler                          0x080001b7   Thumb Code     0  startup_stm32f407xx.o(.text)
    DMA1_Stream0_IRQHandler                  0x080001b7   Thumb Code     0  startup_stm32f407xx.o(.text)
    DMA1_Stream1_IRQHandler                  0x080001b7   Thumb Code     0  startup_stm32f407xx.o(.text)
    DMA1_Stream2_IRQHandler                  0x080001b7   Thumb Code     0  startup_stm32f407xx.o(.text)
    DMA1_Stream3_IRQHandler                  0x080001b7   Thumb Code     0  startup_stm32f407xx.o(.text)
    DMA1_Stream4_IRQHandler                  0x080001b7   Thumb Code     0  startup_stm32f407xx.o(.text)
    DMA1_Stream5_IRQHandler                  0x080001b7   Thumb Code     0  startup_stm32f407xx.o(.text)
    DMA1_Stream6_IRQHandler                  0x080001b7   Thumb Code     0  startup_stm32f407xx.o(.text)
    DMA1_Stream7_IRQHandler                  0x080001b7   Thumb Code     0  startup_stm32f407xx.o(.text)
    DMA2_Stream1_IRQHandler                  0x080001b7   Thumb Code     0  startup_stm32f407xx.o(.text)
    DMA2_Stream2_IRQHandler                  0x080001b7   Thumb Code     0  startup_stm32f407xx.o(.text)
    DMA2_Stream3_IRQHandler                  0x080001b7   Thumb Code     0  startup_stm32f407xx.o(.text)
    DMA2_Stream4_IRQHandler                  0x080001b7   Thumb Code     0  startup_stm32f407xx.o(.text)
    DMA2_Stream5_IRQHandler                  0x080001b7   Thumb Code     0  startup_stm32f407xx.o(.text)
    DMA2_Stream6_IRQHandler                  0x080001b7   Thumb Code     0  startup_stm32f407xx.o(.text)
    DMA2_Stream7_IRQHandler                  0x080001b7   Thumb Code     0  startup_stm32f407xx.o(.text)
    ETH_IRQHandler                           0x080001b7   Thumb Code     0  startup_stm32f407xx.o(.text)
    ETH_WKUP_IRQHandler                      0x080001b7   Thumb Code     0  startup_stm32f407xx.o(.text)
    EXTI0_IRQHandler                         0x080001b7   Thumb Code     0  startup_stm32f407xx.o(.text)
    EXTI15_10_IRQHandler                     0x080001b7   Thumb Code     0  startup_stm32f407xx.o(.text)
    EXTI1_IRQHandler                         0x080001b7   Thumb Code     0  startup_stm32f407xx.o(.text)
    EXTI4_IRQHandler                         0x080001b7   Thumb Code     0  startup_stm32f407xx.o(.text)
    EXTI9_5_IRQHandler                       0x080001b7   Thumb Code     0  startup_stm32f407xx.o(.text)
    FLASH_IRQHandler                         0x080001b7   Thumb Code     0  startup_stm32f407xx.o(.text)
    FMC_IRQHandler                           0x080001b7   Thumb Code     0  startup_stm32f407xx.o(.text)
    FPU_IRQHandler                           0x080001b7   Thumb Code     0  startup_stm32f407xx.o(.text)
    HASH_RNG_IRQHandler                      0x080001b7   Thumb Code     0  startup_stm32f407xx.o(.text)
    I2C1_ER_IRQHandler                       0x080001b7   Thumb Code     0  startup_stm32f407xx.o(.text)
    I2C1_EV_IRQHandler                       0x080001b7   Thumb Code     0  startup_stm32f407xx.o(.text)
    I2C2_ER_IRQHandler                       0x080001b7   Thumb Code     0  startup_stm32f407xx.o(.text)
    I2C2_EV_IRQHandler                       0x080001b7   Thumb Code     0  startup_stm32f407xx.o(.text)
    I2C3_ER_IRQHandler                       0x080001b7   Thumb Code     0  startup_stm32f407xx.o(.text)
    I2C3_EV_IRQHandler                       0x080001b7   Thumb Code     0  startup_stm32f407xx.o(.text)
    OTG_FS_IRQHandler                        0x080001b7   Thumb Code     0  startup_stm32f407xx.o(.text)
    OTG_FS_WKUP_IRQHandler                   0x080001b7   Thumb Code     0  startup_stm32f407xx.o(.text)
    OTG_HS_EP1_IN_IRQHandler                 0x080001b7   Thumb Code     0  startup_stm32f407xx.o(.text)
    OTG_HS_EP1_OUT_IRQHandler                0x080001b7   Thumb Code     0  startup_stm32f407xx.o(.text)
    OTG_HS_IRQHandler                        0x080001b7   Thumb Code     0  startup_stm32f407xx.o(.text)
    OTG_HS_WKUP_IRQHandler                   0x080001b7   Thumb Code     0  startup_stm32f407xx.o(.text)
    PVD_IRQHandler                           0x080001b7   Thumb Code     0  startup_stm32f407xx.o(.text)
    RCC_IRQHandler                           0x080001b7   Thumb Code     0  startup_stm32f407xx.o(.text)
    RTC_Alarm_IRQHandler                     0x080001b7   Thumb Code     0  startup_stm32f407xx.o(.text)
    RTC_WKUP_IRQHandler                      0x080001b7   Thumb Code     0  startup_stm32f407xx.o(.text)
    SDIO_IRQHandler                          0x080001b7   Thumb Code     0  startup_stm32f407xx.o(.text)
    SPI1_IRQHandler                          0x080001b7   Thumb Code     0  startup_stm32f407xx.o(.text)
    SPI2_IRQHandler                          0x080001b7   Thumb Code     0  startup_stm32f407xx.o(.text)
    SPI3_IRQHandler                          0x080001b7   Thumb Code     0  startup_stm32f407xx.o(.text)
    TAMP_STAMP_IRQHandler                    0x080001b7   Thumb Code     0  startup_stm32f407xx.o(.text)
    TIM1_BRK_TIM9_IRQHandler                 0x080001b7   Thumb Code     0  startup_stm32f407xx.o(.text)
    TIM1_CC_IRQHandler                       0x080001b7   Thumb Code     0  startup_stm32f407xx.o(.text)
    TIM1_TRG_COM_TIM11_IRQHandler            0x080001b7   Thumb Code     0  startup_stm32f407xx.o(.text)
    TIM1_UP_TIM10_IRQHandler                 0x080001b7   Thumb Code     0  startup_stm32f407xx.o(.text)
    TIM2_IRQHandler                          0x080001b7   Thumb Code     0  startup_stm32f407xx.o(.text)
    TIM3_IRQHandler                          0x080001b7   Thumb Code     0  startup_stm32f407xx.o(.text)
    TIM4_IRQHandler                          0x080001b7   Thumb Code     0  startup_stm32f407xx.o(.text)
    TIM5_IRQHandler                          0x080001b7   Thumb Code     0  startup_stm32f407xx.o(.text)
    TIM6_DAC_IRQHandler                      0x080001b7   Thumb Code     0  startup_stm32f407xx.o(.text)
    TIM7_IRQHandler                          0x080001b7   Thumb Code     0  startup_stm32f407xx.o(.text)
    TIM8_BRK_TIM12_IRQHandler                0x080001b7   Thumb Code     0  startup_stm32f407xx.o(.text)
    TIM8_CC_IRQHandler                       0x080001b7   Thumb Code     0  startup_stm32f407xx.o(.text)
    TIM8_TRG_COM_TIM14_IRQHandler            0x080001b7   Thumb Code     0  startup_stm32f407xx.o(.text)
    TIM8_UP_TIM13_IRQHandler                 0x080001b7   Thumb Code     0  startup_stm32f407xx.o(.text)
    UART4_IRQHandler                         0x080001b7   Thumb Code     0  startup_stm32f407xx.o(.text)
    UART5_IRQHandler                         0x080001b7   Thumb Code     0  startup_stm32f407xx.o(.text)
    USART1_IRQHandler                        0x080001b7   Thumb Code     0  startup_stm32f407xx.o(.text)
    USART2_IRQHandler                        0x080001b7   Thumb Code     0  startup_stm32f407xx.o(.text)
    USART3_IRQHandler                        0x080001b7   Thumb Code     0  startup_stm32f407xx.o(.text)
    USART6_IRQHandler                        0x080001b7   Thumb Code     0  startup_stm32f407xx.o(.text)
    WWDG_IRQHandler                          0x080001b7   Thumb Code     0  startup_stm32f407xx.o(.text)
    __aeabi_uldivmod                         0x080001c1   Thumb Code    98  uldiv.o(.text)
    __aeabi_memcpy                           0x08000223   Thumb Code    36  memcpya.o(.text)
    __aeabi_memcpy4                          0x08000223   Thumb Code     0  memcpya.o(.text)
    __aeabi_memcpy8                          0x08000223   Thumb Code     0  memcpya.o(.text)
    __aeabi_llsl                             0x08000247   Thumb Code    30  llshl.o(.text)
    _ll_shift_l                              0x08000247   Thumb Code     0  llshl.o(.text)
    __aeabi_llsr                             0x08000265   Thumb Code    32  llushr.o(.text)
    _ll_ushift_r                             0x08000265   Thumb Code     0  llushr.o(.text)
    __scatterload                            0x08000285   Thumb Code    28  init.o(.text)
    __scatterload_rt2                        0x08000285   Thumb Code     0  init.o(.text)
    ADC_IRQHandler                           0x0800032d   Thumb Code     6  stm32f4xx_it.o(i.ADC_IRQHandler)
    BSP_SD_GetCardInfo                       0x0800045d   Thumb Code     8  bsp_driver_sd.o(i.BSP_SD_GetCardInfo)
    BSP_SD_GetCardState                      0x08000469   Thumb Code    20  bsp_driver_sd.o(i.BSP_SD_GetCardState)
    BSP_SD_Init                              0x08000481   Thumb Code    30  bsp_driver_sd.o(i.BSP_SD_Init)
    BSP_SD_ReadBlocks                        0x080004a5   Thumb Code    26  bsp_driver_sd.o(i.BSP_SD_ReadBlocks)
    BSP_SD_WriteBlocks                       0x080004c5   Thumb Code    26  bsp_driver_sd.o(i.BSP_SD_WriteBlocks)
    DMA2_Stream0_IRQHandler                  0x080004e5   Thumb Code     6  stm32f4xx_it.o(i.DMA2_Stream0_IRQHandler)
    EXTI2_IRQHandler                         0x08000595   Thumb Code     6  stm32f4xx_it.o(i.EXTI2_IRQHandler)
    EXTI3_IRQHandler                         0x0800059b   Thumb Code     6  stm32f4xx_it.o(i.EXTI3_IRQHandler)
    FATFS_LinkDriver                         0x080005a1   Thumb Code     6  ff_gen_drv.o(i.FATFS_LinkDriver)
    FATFS_LinkDriverEx                       0x080005a9   Thumb Code    58  ff_gen_drv.o(i.FATFS_LinkDriverEx)
    HAL_ADCEx_InjectedConvCpltCallback       0x080005e9   Thumb Code     2  stm32f4xx_hal_adc_ex.o(i.HAL_ADCEx_InjectedConvCpltCallback)
    HAL_ADC_ConfigChannel                    0x080005ed   Thumb Code   316  stm32f4xx_hal_adc.o(i.HAL_ADC_ConfigChannel)
    HAL_ADC_ConvCpltCallback                 0x08000739   Thumb Code     2  stm32f4xx_hal_adc.o(i.HAL_ADC_ConvCpltCallback)
    HAL_ADC_ConvHalfCpltCallback             0x0800073b   Thumb Code     2  stm32f4xx_hal_adc.o(i.HAL_ADC_ConvHalfCpltCallback)
    HAL_ADC_ErrorCallback                    0x0800073d   Thumb Code     2  stm32f4xx_hal_adc.o(i.HAL_ADC_ErrorCallback)
    HAL_ADC_IRQHandler                       0x0800073f   Thumb Code   316  stm32f4xx_hal_adc.o(i.HAL_ADC_IRQHandler)
    HAL_ADC_Init                             0x0800087b   Thumb Code    84  stm32f4xx_hal_adc.o(i.HAL_ADC_Init)
    HAL_ADC_LevelOutOfWindowCallback         0x080008cf   Thumb Code     2  stm32f4xx_hal_adc.o(i.HAL_ADC_LevelOutOfWindowCallback)
    HAL_ADC_MspInit                          0x080008d1   Thumb Code   122  stm32f4xx_hal_msp.o(i.HAL_ADC_MspInit)
    HAL_ADC_Start_DMA                        0x0800097d   Thumb Code   228  stm32f4xx_hal_adc.o(i.HAL_ADC_Start_DMA)
    HAL_ADC_Start_IT                         0x08000a7d   Thumb Code   180  stm32f4xx_hal_adc.o(i.HAL_ADC_Start_IT)
    HAL_DMA_IRQHandler                       0x08000b45   Thumb Code   412  stm32f4xx_hal_dma.o(i.HAL_DMA_IRQHandler)
    HAL_DMA_Init                             0x08000ce5   Thumb Code   206  stm32f4xx_hal_dma.o(i.HAL_DMA_Init)
    HAL_DMA_Start_IT                         0x08000db9   Thumb Code   120  stm32f4xx_hal_dma.o(i.HAL_DMA_Start_IT)
    HAL_Delay                                0x08000e31   Thumb Code    32  stm32f4xx_hal.o(i.HAL_Delay)
    HAL_GPIO_EXTI_Callback                   0x08000e55   Thumb Code     2  stm32f4xx_hal_gpio.o(i.HAL_GPIO_EXTI_Callback)
    HAL_GPIO_EXTI_IRQHandler                 0x08000e59   Thumb Code    18  stm32f4xx_hal_gpio.o(i.HAL_GPIO_EXTI_IRQHandler)
    HAL_GPIO_Init                            0x08000e71   Thumb Code   388  stm32f4xx_hal_gpio.o(i.HAL_GPIO_Init)
    HAL_GPIO_WritePin                        0x08001021   Thumb Code    10  stm32f4xx_hal_gpio.o(i.HAL_GPIO_WritePin)
    HAL_GetTick                              0x0800102d   Thumb Code     6  stm32f4xx_hal.o(i.HAL_GetTick)
    HAL_I2C_Init                             0x08001039   Thumb Code   254  stm32f4xx_hal_i2c.o(i.HAL_I2C_Init)
    HAL_I2C_MspInit                          0x08001141   Thumb Code    70  stm32f4xx_hal_msp.o(i.HAL_I2C_MspInit)
    HAL_IncTick                              0x08001199   Thumb Code    12  stm32f4xx_hal.o(i.HAL_IncTick)
    HAL_Init                                 0x080011a9   Thumb Code    48  stm32f4xx_hal.o(i.HAL_Init)
    HAL_InitTick                             0x080011dd   Thumb Code    54  stm32f4xx_hal.o(i.HAL_InitTick)
    HAL_MspInit                              0x0800121d   Thumb Code   126  stm32f4xx_hal_msp.o(i.HAL_MspInit)
    HAL_NVIC_EnableIRQ                       0x080012a1   Thumb Code    22  stm32f4xx_hal_cortex.o(i.HAL_NVIC_EnableIRQ)
    HAL_NVIC_SetPriority                     0x080012b9   Thumb Code    60  stm32f4xx_hal_cortex.o(i.HAL_NVIC_SetPriority)
    HAL_NVIC_SetPriorityGrouping             0x080012f9   Thumb Code    26  stm32f4xx_hal_cortex.o(i.HAL_NVIC_SetPriorityGrouping)
    HAL_RCC_ClockConfig                      0x0800131d   Thumb Code   286  stm32f4xx_hal_rcc.o(i.HAL_RCC_ClockConfig)
    HAL_RCC_GetHCLKFreq                      0x0800144d   Thumb Code     6  stm32f4xx_hal_rcc.o(i.HAL_RCC_GetHCLKFreq)
    HAL_RCC_GetPCLK1Freq                     0x08001459   Thumb Code    20  stm32f4xx_hal_rcc.o(i.HAL_RCC_GetPCLK1Freq)
    HAL_RCC_GetSysClockFreq                  0x08001479   Thumb Code    88  stm32f4xx_hal_rcc.o(i.HAL_RCC_GetSysClockFreq)
    HAL_RCC_OscConfig                        0x080014d9   Thumb Code   770  stm32f4xx_hal_rcc.o(i.HAL_RCC_OscConfig)
    HAL_SD_GetCardCSD                        0x080017f5   Thumb Code   474  stm32f4xx_hal_sd.o(i.HAL_SD_GetCardCSD)
    HAL_SD_GetCardInfo                       0x080019cf   Thumb Code    36  stm32f4xx_hal_sd.o(i.HAL_SD_GetCardInfo)
    HAL_SD_GetCardState                      0x080019f3   Thumb Code    44  stm32f4xx_hal_sd.o(i.HAL_SD_GetCardState)
    HAL_SD_Init                              0x08001a1f   Thumb Code    54  stm32f4xx_hal_sd.o(i.HAL_SD_Init)
    HAL_SD_InitCard                          0x08001a55   Thumb Code    80  stm32f4xx_hal_sd.o(i.HAL_SD_InitCard)
    HAL_SD_MspInit                           0x08001aa9   Thumb Code    84  stm32f4xx_hal_msp.o(i.HAL_SD_MspInit)
    HAL_SD_ReadBlocks                        0x08001b0d   Thumb Code   434  stm32f4xx_hal_sd.o(i.HAL_SD_ReadBlocks)
    HAL_SD_WriteBlocks                       0x08001cc1   Thumb Code   410  stm32f4xx_hal_sd.o(i.HAL_SD_WriteBlocks)
    HAL_SYSTICK_CLKSourceConfig              0x08001e5b   Thumb Code    24  stm32f4xx_hal_cortex.o(i.HAL_SYSTICK_CLKSourceConfig)
    HAL_SYSTICK_Callback                     0x08001e73   Thumb Code     2  stm32f4xx_hal_cortex.o(i.HAL_SYSTICK_Callback)
    HAL_SYSTICK_Config                       0x08001e75   Thumb Code    40  stm32f4xx_hal_cortex.o(i.HAL_SYSTICK_Config)
    HAL_SYSTICK_IRQHandler                   0x08001e9d   Thumb Code     8  stm32f4xx_hal_cortex.o(i.HAL_SYSTICK_IRQHandler)
    MX_FATFS_Init                            0x08001ef9   Thumb Code    18  fatfs.o(i.MX_FATFS_Init)
    PendSV_Handler                           0x08002155   Thumb Code     2  stm32f4xx_it.o(i.PendSV_Handler)
    SDIO_ConfigData                          0x08002157   Thumb Code    36  stm32f4xx_ll_sdmmc.o(i.SDIO_ConfigData)
    SDIO_GetPowerState                       0x0800217b   Thumb Code     8  stm32f4xx_ll_sdmmc.o(i.SDIO_GetPowerState)
    SDIO_GetResponse                         0x08002183   Thumb Code    12  stm32f4xx_ll_sdmmc.o(i.SDIO_GetResponse)
    SDIO_Init                                0x0800218f   Thumb Code    36  stm32f4xx_ll_sdmmc.o(i.SDIO_Init)
    SDIO_PowerState_ON                       0x080021b3   Thumb Code     8  stm32f4xx_ll_sdmmc.o(i.SDIO_PowerState_ON)
    SDIO_ReadFIFO                            0x080021bb   Thumb Code     6  stm32f4xx_ll_sdmmc.o(i.SDIO_ReadFIFO)
    SDIO_SendCommand                         0x080021c1   Thumb Code    32  stm32f4xx_ll_sdmmc.o(i.SDIO_SendCommand)
    SDIO_WriteFIFO                           0x080021e1   Thumb Code    10  stm32f4xx_ll_sdmmc.o(i.SDIO_WriteFIFO)
    SDMMC_CmdAppCommand                      0x080021eb   Thumb Code    50  stm32f4xx_ll_sdmmc.o(i.SDMMC_CmdAppCommand)
    SDMMC_CmdAppOperCommand                  0x0800221d   Thumb Code    48  stm32f4xx_ll_sdmmc.o(i.SDMMC_CmdAppOperCommand)
    SDMMC_CmdBlockLength                     0x08002251   Thumb Code    50  stm32f4xx_ll_sdmmc.o(i.SDMMC_CmdBlockLength)
    SDMMC_CmdGoIdleState                     0x08002285   Thumb Code    76  stm32f4xx_ll_sdmmc.o(i.SDMMC_CmdGoIdleState)
    SDMMC_CmdOperCond                        0x080022d5   Thumb Code    98  stm32f4xx_ll_sdmmc.o(i.SDMMC_CmdOperCond)
    SDMMC_CmdReadMultiBlock                  0x0800233d   Thumb Code    50  stm32f4xx_ll_sdmmc.o(i.SDMMC_CmdReadMultiBlock)
    SDMMC_CmdReadSingleBlock                 0x0800236f   Thumb Code    50  stm32f4xx_ll_sdmmc.o(i.SDMMC_CmdReadSingleBlock)
    SDMMC_CmdSelDesel                        0x080023a1   Thumb Code    50  stm32f4xx_ll_sdmmc.o(i.SDMMC_CmdSelDesel)
    SDMMC_CmdSendCID                         0x080023d3   Thumb Code    44  stm32f4xx_ll_sdmmc.o(i.SDMMC_CmdSendCID)
    SDMMC_CmdSendCSD                         0x080023ff   Thumb Code    44  stm32f4xx_ll_sdmmc.o(i.SDMMC_CmdSendCSD)
    SDMMC_CmdSendStatus                      0x0800242b   Thumb Code    50  stm32f4xx_ll_sdmmc.o(i.SDMMC_CmdSendStatus)
    SDMMC_CmdSetRelAdd                       0x0800245d   Thumb Code    48  stm32f4xx_ll_sdmmc.o(i.SDMMC_CmdSetRelAdd)
    SDMMC_CmdStopTransfer                    0x0800248d   Thumb Code    46  stm32f4xx_ll_sdmmc.o(i.SDMMC_CmdStopTransfer)
    SDMMC_CmdWriteMultiBlock                 0x080024c1   Thumb Code    50  stm32f4xx_ll_sdmmc.o(i.SDMMC_CmdWriteMultiBlock)
    SDMMC_CmdWriteSingleBlock                0x080024f3   Thumb Code    50  stm32f4xx_ll_sdmmc.o(i.SDMMC_CmdWriteSingleBlock)
    SD_initialize                            0x080028fd   Thumb Code    28  sd_diskio.o(i.SD_initialize)
    SD_ioctl                                 0x0800291d   Thumb Code    76  sd_diskio.o(i.SD_ioctl)
    SD_read                                  0x0800296d   Thumb Code    38  sd_diskio.o(i.SD_read)
    SD_status                                0x08002993   Thumb Code     4  sd_diskio.o(i.SD_status)
    SD_write                                 0x08002999   Thumb Code    38  sd_diskio.o(i.SD_write)
    SVC_Handler                              0x080029bf   Thumb Code     2  stm32f4xx_it.o(i.SVC_Handler)
    SysTick_Handler                          0x080029c1   Thumb Code    14  stm32f4xx_it.o(i.SysTick_Handler)
    SystemClock_Config                       0x080029d1   Thumb Code   152  main.o(i.SystemClock_Config)
    SystemInit                               0x08002a71   Thumb Code    66  system_stm32f4xx.o(i.SystemInit)
    _Error_Handler                           0x08002ac5   Thumb Code     2  main.o(i._Error_Handler)
    __scatterload_copy                       0x08002ac7   Thumb Code    14  handlers.o(i.__scatterload_copy)
    __scatterload_null                       0x08002ad5   Thumb Code     2  handlers.o(i.__scatterload_null)
    __scatterload_zeroinit                   0x08002ad7   Thumb Code    14  handlers.o(i.__scatterload_zeroinit)
    disk_initialize                          0x08003001   Thumb Code    36  diskio.o(i.disk_initialize)
    disk_ioctl                               0x08003029   Thumb Code    24  diskio.o(i.disk_ioctl)
    disk_read                                0x08003045   Thumb Code    24  diskio.o(i.disk_read)
    disk_status                              0x08003061   Thumb Code    18  diskio.o(i.disk_status)
    disk_write                               0x08003079   Thumb Code    24  diskio.o(i.disk_write)
    f_close                                  0x08003095   Thumb Code    40  ff.o(i.f_close)
    f_mount                                  0x080030bd   Thumb Code    84  ff.o(i.f_mount)
    f_open                                   0x08003115   Thumb Code   534  ff.o(i.f_open)
    f_sync                                   0x08003331   Thumb Code   142  ff.o(i.f_sync)
    f_write                                  0x080033bf   Thumb Code   434  ff.o(i.f_write)
    get_fattime                              0x0800395b   Thumb Code     4  fatfs.o(i.get_fattime)
    main                                     0x08003a65   Thumb Code   234  main.o(i.main)
    SD_Driver                                0x08003ef0   Data          20  sd_diskio.o(.constdata)
    AHBPrescTable                            0x08003f0c   Data          16  system_stm32f4xx.o(.constdata)
    APBPrescTable                            0x08003f1c   Data           8  system_stm32f4xx.o(.constdata)
    Region$$Table$$Base                      0x08003fc0   Number         0  anon$$obj.o(Region$$Table)
    Region$$Table$$Limit                     0x08003fe0   Number         0  anon$$obj.o(Region$$Table)
    cursor                                   0x20000000   Data           4  main.o(.data)
    Temp_Raw                                 0x20000004   Data           4  main.o(.data)
    retSD                                    0x20000009   Data           1  fatfs.o(.data)
    SDPath                                   0x2000000a   Data           4  fatfs.o(.data)
    uwTickFreq                               0x20000010   Data           1  stm32f4xx_hal.o(.data)
    uwTickPrio                               0x20000014   Data           4  stm32f4xx_hal.o(.data)
    uwTick                                   0x20000018   Data           4  stm32f4xx_hal.o(.data)
    SystemCoreClock                          0x2000001c   Data           4  system_stm32f4xx.o(.data)
    hadc1                                    0x20000028   Data          72  main.o(.bss)
    hi2c3                                    0x20000070   Data          84  main.o(.bss)
    hsd                                      0x200000c4   Data         132  main.o(.bss)
    myFatFS                                  0x20000148   Data        4148  main.o(.bss)
    logFile                                  0x2000117c   Data        4144  main.o(.bss)
    hdma_adc1                                0x200021ac   Data          96  main.o(.bss)
    disk                                     0x2000222c   Data          12  ff_gen_drv.o(.bss)
    __initial_sp                             0x20002638   Data           0  startup_stm32f407xx.o(STACK)



==============================================================================

Memory Map of the image

  Image Entry point : 0x08000189

  Load Region LR_IROM1 (Base: 0x08000000, Size: 0x00004008, Max: 0x00100000, ABSOLUTE)

    Execution Region ER_IROM1 (Exec base: 0x08000000, Load base: 0x08000000, Size: 0x00003fe0, Max: 0x00100000, ABSOLUTE)

    Exec Addr    Load Addr    Size         Type   Attr      Idx    E Section Name        Object

    0x08000000   0x08000000   0x00000188   Data   RO            3    RESET               startup_stm32f407xx.o
    0x08000188   0x08000188   0x00000000   Code   RO         3357  * .ARM.Collect$$$$00000000  mc_w.l(entry.o)
    0x08000188   0x08000188   0x00000004   Code   RO         3366    .ARM.Collect$$$$00000001  mc_w.l(entry2.o)
    0x0800018c   0x0800018c   0x00000004   Code   RO         3369    .ARM.Collect$$$$00000004  mc_w.l(entry5.o)
    0x08000190   0x08000190   0x00000000   Code   RO         3371    .ARM.Collect$$$$00000008  mc_w.l(entry7b.o)
    0x08000190   0x08000190   0x00000000   Code   RO         3373    .ARM.Collect$$$$0000000A  mc_w.l(entry8b.o)
    0x08000190   0x08000190   0x00000008   Code   RO         3374    .ARM.Collect$$$$0000000B  mc_w.l(entry9a.o)
    0x08000198   0x08000198   0x00000000   Code   RO         3376    .ARM.Collect$$$$0000000D  mc_w.l(entry10a.o)
    0x08000198   0x08000198   0x00000000   Code   RO         3378    .ARM.Collect$$$$0000000F  mc_w.l(entry11a.o)
    0x08000198   0x08000198   0x00000004   Code   RO         3367    .ARM.Collect$$$$00002712  mc_w.l(entry2.o)
    0x0800019c   0x0800019c   0x00000024   Code   RO            4    .text               startup_stm32f407xx.o
    0x080001c0   0x080001c0   0x00000062   Code   RO         3360    .text               mc_w.l(uldiv.o)
    0x08000222   0x08000222   0x00000024   Code   RO         3362    .text               mc_w.l(memcpya.o)
    0x08000246   0x08000246   0x0000001e   Code   RO         3380    .text               mc_w.l(llshl.o)
    0x08000264   0x08000264   0x00000020   Code   RO         3382    .text               mc_w.l(llushr.o)
    0x08000284   0x08000284   0x00000024   Code   RO         3384    .text               mc_w.l(init.o)
    0x080002a8   0x080002a8   0x00000062   Code   RO          586    i.ADC_DMAConvCplt   stm32f4xx_hal_adc.o
    0x0800030a   0x0800030a   0x00000016   Code   RO          587    i.ADC_DMAError      stm32f4xx_hal_adc.o
    0x08000320   0x08000320   0x0000000a   Code   RO          588    i.ADC_DMAHalfConvCplt  stm32f4xx_hal_adc.o
    0x0800032a   0x0800032a   0x00000002   PAD
    0x0800032c   0x0800032c   0x0000000c   Code   RO          461    i.ADC_IRQHandler    stm32f4xx_it.o
    0x08000338   0x08000338   0x00000124   Code   RO          589    i.ADC_Init          stm32f4xx_hal_adc.o
    0x0800045c   0x0800045c   0x0000000c   Code   RO          225    i.BSP_SD_GetCardInfo  bsp_driver_sd.o
    0x08000468   0x08000468   0x00000018   Code   RO          226    i.BSP_SD_GetCardState  bsp_driver_sd.o
    0x08000480   0x08000480   0x00000024   Code   RO          229    i.BSP_SD_Init       bsp_driver_sd.o
    0x080004a4   0x080004a4   0x00000020   Code   RO          231    i.BSP_SD_ReadBlocks  bsp_driver_sd.o
    0x080004c4   0x080004c4   0x00000020   Code   RO          234    i.BSP_SD_WriteBlocks  bsp_driver_sd.o
    0x080004e4   0x080004e4   0x0000000c   Code   RO          462    i.DMA2_Stream0_IRQHandler  stm32f4xx_it.o
    0x080004f0   0x080004f0   0x00000028   Code   RO         2271    i.DMA_CalcBaseAndBitshift  stm32f4xx_hal_dma.o
    0x08000518   0x08000518   0x00000054   Code   RO         2272    i.DMA_CheckFifoParam  stm32f4xx_hal_dma.o
    0x0800056c   0x0800056c   0x00000028   Code   RO         2273    i.DMA_SetConfig     stm32f4xx_hal_dma.o
    0x08000594   0x08000594   0x00000006   Code   RO          463    i.EXTI2_IRQHandler  stm32f4xx_it.o
    0x0800059a   0x0800059a   0x00000006   Code   RO          464    i.EXTI3_IRQHandler  stm32f4xx_it.o
    0x080005a0   0x080005a0   0x00000006   Code   RO         3310    i.FATFS_LinkDriver  ff_gen_drv.o
    0x080005a6   0x080005a6   0x00000002   PAD
    0x080005a8   0x080005a8   0x00000040   Code   RO         3311    i.FATFS_LinkDriverEx  ff_gen_drv.o
    0x080005e8   0x080005e8   0x00000002   Code   RO          760    i.HAL_ADCEx_InjectedConvCpltCallback  stm32f4xx_hal_adc_ex.o
    0x080005ea   0x080005ea   0x00000002   PAD
    0x080005ec   0x080005ec   0x0000014c   Code   RO          591    i.HAL_ADC_ConfigChannel  stm32f4xx_hal_adc.o
    0x08000738   0x08000738   0x00000002   Code   RO          592    i.HAL_ADC_ConvCpltCallback  stm32f4xx_hal_adc.o
    0x0800073a   0x0800073a   0x00000002   Code   RO          593    i.HAL_ADC_ConvHalfCpltCallback  stm32f4xx_hal_adc.o
    0x0800073c   0x0800073c   0x00000002   Code   RO          595    i.HAL_ADC_ErrorCallback  stm32f4xx_hal_adc.o
    0x0800073e   0x0800073e   0x0000013c   Code   RO          599    i.HAL_ADC_IRQHandler  stm32f4xx_hal_adc.o
    0x0800087a   0x0800087a   0x00000054   Code   RO          600    i.HAL_ADC_Init      stm32f4xx_hal_adc.o
    0x080008ce   0x080008ce   0x00000002   Code   RO          601    i.HAL_ADC_LevelOutOfWindowCallback  stm32f4xx_hal_adc.o
    0x080008d0   0x080008d0   0x000000ac   Code   RO          526    i.HAL_ADC_MspInit   stm32f4xx_hal_msp.o
    0x0800097c   0x0800097c   0x00000100   Code   RO          607    i.HAL_ADC_Start_DMA  stm32f4xx_hal_adc.o
    0x08000a7c   0x08000a7c   0x000000c8   Code   RO          608    i.HAL_ADC_Start_IT  stm32f4xx_hal_adc.o
    0x08000b44   0x08000b44   0x000001a0   Code   RO         2279    i.HAL_DMA_IRQHandler  stm32f4xx_hal_dma.o
    0x08000ce4   0x08000ce4   0x000000d4   Code   RO         2280    i.HAL_DMA_Init      stm32f4xx_hal_dma.o
    0x08000db8   0x08000db8   0x00000078   Code   RO         2284    i.HAL_DMA_Start_IT  stm32f4xx_hal_dma.o
    0x08000e30   0x08000e30   0x00000024   Code   RO         2693    i.HAL_Delay         stm32f4xx_hal.o
    0x08000e54   0x08000e54   0x00000002   Code   RO         2165    i.HAL_GPIO_EXTI_Callback  stm32f4xx_hal_gpio.o
    0x08000e56   0x08000e56   0x00000002   PAD
    0x08000e58   0x08000e58   0x00000018   Code   RO         2166    i.HAL_GPIO_EXTI_IRQHandler  stm32f4xx_hal_gpio.o
    0x08000e70   0x08000e70   0x000001b0   Code   RO         2167    i.HAL_GPIO_Init     stm32f4xx_hal_gpio.o
    0x08001020   0x08001020   0x0000000a   Code   RO         2171    i.HAL_GPIO_WritePin  stm32f4xx_hal_gpio.o
    0x0800102a   0x0800102a   0x00000002   PAD
    0x0800102c   0x0800102c   0x0000000c   Code   RO         2699    i.HAL_GetTick       stm32f4xx_hal.o
    0x08001038   0x08001038   0x00000108   Code   RO          872    i.HAL_I2C_Init      stm32f4xx_hal_i2c.o
    0x08001140   0x08001140   0x00000058   Code   RO          528    i.HAL_I2C_MspInit   stm32f4xx_hal_msp.o
    0x08001198   0x08001198   0x00000010   Code   RO         2703    i.HAL_IncTick       stm32f4xx_hal.o
    0x080011a8   0x080011a8   0x00000034   Code   RO         2704    i.HAL_Init          stm32f4xx_hal.o
    0x080011dc   0x080011dc   0x00000040   Code   RO         2705    i.HAL_InitTick      stm32f4xx_hal.o
    0x0800121c   0x0800121c   0x00000084   Code   RO          529    i.HAL_MspInit       stm32f4xx_hal_msp.o
    0x080012a0   0x080012a0   0x00000016   Code   RO         2556    i.HAL_NVIC_EnableIRQ  stm32f4xx_hal_cortex.o
    0x080012b6   0x080012b6   0x00000002   PAD
    0x080012b8   0x080012b8   0x00000040   Code   RO         2562    i.HAL_NVIC_SetPriority  stm32f4xx_hal_cortex.o
    0x080012f8   0x080012f8   0x00000024   Code   RO         2563    i.HAL_NVIC_SetPriorityGrouping  stm32f4xx_hal_cortex.o
    0x0800131c   0x0800131c   0x00000130   Code   RO         1813    i.HAL_RCC_ClockConfig  stm32f4xx_hal_rcc.o
    0x0800144c   0x0800144c   0x0000000c   Code   RO         1818    i.HAL_RCC_GetHCLKFreq  stm32f4xx_hal_rcc.o
    0x08001458   0x08001458   0x00000020   Code   RO         1820    i.HAL_RCC_GetPCLK1Freq  stm32f4xx_hal_rcc.o
    0x08001478   0x08001478   0x00000060   Code   RO         1822    i.HAL_RCC_GetSysClockFreq  stm32f4xx_hal_rcc.o
    0x080014d8   0x080014d8   0x0000031c   Code   RO         1825    i.HAL_RCC_OscConfig  stm32f4xx_hal_rcc.o
    0x080017f4   0x080017f4   0x000001da   Code   RO         1549    i.HAL_SD_GetCardCSD  stm32f4xx_hal_sd.o
    0x080019ce   0x080019ce   0x00000024   Code   RO         1550    i.HAL_SD_GetCardInfo  stm32f4xx_hal_sd.o
    0x080019f2   0x080019f2   0x0000002c   Code   RO         1551    i.HAL_SD_GetCardState  stm32f4xx_hal_sd.o
    0x08001a1e   0x08001a1e   0x00000036   Code   RO         1556    i.HAL_SD_Init       stm32f4xx_hal_sd.o
    0x08001a54   0x08001a54   0x00000054   Code   RO         1557    i.HAL_SD_InitCard   stm32f4xx_hal_sd.o
    0x08001aa8   0x08001aa8   0x00000064   Code   RO          531    i.HAL_SD_MspInit    stm32f4xx_hal_msp.o
    0x08001b0c   0x08001b0c   0x000001b2   Code   RO         1560    i.HAL_SD_ReadBlocks  stm32f4xx_hal_sd.o
    0x08001cbe   0x08001cbe   0x00000002   PAD
    0x08001cc0   0x08001cc0   0x0000019a   Code   RO         1565    i.HAL_SD_WriteBlocks  stm32f4xx_hal_sd.o
    0x08001e5a   0x08001e5a   0x00000018   Code   RO         2565    i.HAL_SYSTICK_CLKSourceConfig  stm32f4xx_hal_cortex.o
    0x08001e72   0x08001e72   0x00000002   Code   RO         2566    i.HAL_SYSTICK_Callback  stm32f4xx_hal_cortex.o
    0x08001e74   0x08001e74   0x00000028   Code   RO         2567    i.HAL_SYSTICK_Config  stm32f4xx_hal_cortex.o
    0x08001e9c   0x08001e9c   0x00000008   Code   RO         2568    i.HAL_SYSTICK_IRQHandler  stm32f4xx_hal_cortex.o
    0x08001ea4   0x08001ea4   0x00000054   Code   RO           13    i.MX_ADC1_Init      main.o
    0x08001ef8   0x08001ef8   0x0000001c   Code   RO          423    i.MX_FATFS_Init     fatfs.o
    0x08001f14   0x08001f14   0x000001e8   Code   RO           14    i.MX_GPIO_Init      main.o
    0x080020fc   0x080020fc   0x00000038   Code   RO           15    i.MX_I2C3_Init      main.o
    0x08002134   0x08002134   0x00000020   Code   RO         2569    i.NVIC_SetPriority  stm32f4xx_hal_cortex.o
    0x08002154   0x08002154   0x00000002   Code   RO          465    i.PendSV_Handler    stm32f4xx_it.o
    0x08002156   0x08002156   0x00000024   Code   RO         1277    i.SDIO_ConfigData   stm32f4xx_ll_sdmmc.o
    0x0800217a   0x0800217a   0x00000008   Code   RO         1281    i.SDIO_GetPowerState  stm32f4xx_ll_sdmmc.o
    0x08002182   0x08002182   0x0000000c   Code   RO         1282    i.SDIO_GetResponse  stm32f4xx_ll_sdmmc.o
    0x0800218e   0x0800218e   0x00000024   Code   RO         1283    i.SDIO_Init         stm32f4xx_ll_sdmmc.o
    0x080021b2   0x080021b2   0x00000008   Code   RO         1285    i.SDIO_PowerState_ON  stm32f4xx_ll_sdmmc.o
    0x080021ba   0x080021ba   0x00000006   Code   RO         1286    i.SDIO_ReadFIFO     stm32f4xx_ll_sdmmc.o
    0x080021c0   0x080021c0   0x00000020   Code   RO         1287    i.SDIO_SendCommand  stm32f4xx_ll_sdmmc.o
    0x080021e0   0x080021e0   0x0000000a   Code   RO         1289    i.SDIO_WriteFIFO    stm32f4xx_ll_sdmmc.o
    0x080021ea   0x080021ea   0x00000032   Code   RO         1290    i.SDMMC_CmdAppCommand  stm32f4xx_ll_sdmmc.o
    0x0800221c   0x0800221c   0x00000034   Code   RO         1291    i.SDMMC_CmdAppOperCommand  stm32f4xx_ll_sdmmc.o
    0x08002250   0x08002250   0x00000032   Code   RO         1292    i.SDMMC_CmdBlockLength  stm32f4xx_ll_sdmmc.o
    0x08002282   0x08002282   0x00000002   PAD
    0x08002284   0x08002284   0x00000050   Code   RO         1297    i.SDMMC_CmdGoIdleState  stm32f4xx_ll_sdmmc.o
    0x080022d4   0x080022d4   0x00000068   Code   RO         1299    i.SDMMC_CmdOperCond  stm32f4xx_ll_sdmmc.o
    0x0800233c   0x0800233c   0x00000032   Code   RO         1300    i.SDMMC_CmdReadMultiBlock  stm32f4xx_ll_sdmmc.o
    0x0800236e   0x0800236e   0x00000032   Code   RO         1301    i.SDMMC_CmdReadSingleBlock  stm32f4xx_ll_sdmmc.o
    0x080023a0   0x080023a0   0x00000032   Code   RO         1304    i.SDMMC_CmdSelDesel  stm32f4xx_ll_sdmmc.o
    0x080023d2   0x080023d2   0x0000002c   Code   RO         1305    i.SDMMC_CmdSendCID  stm32f4xx_ll_sdmmc.o
    0x080023fe   0x080023fe   0x0000002c   Code   RO         1306    i.SDMMC_CmdSendCSD  stm32f4xx_ll_sdmmc.o
    0x0800242a   0x0800242a   0x00000032   Code   RO         1308    i.SDMMC_CmdSendStatus  stm32f4xx_ll_sdmmc.o
    0x0800245c   0x0800245c   0x00000030   Code   RO         1309    i.SDMMC_CmdSetRelAdd  stm32f4xx_ll_sdmmc.o
    0x0800248c   0x0800248c   0x00000034   Code   RO         1311    i.SDMMC_CmdStopTransfer  stm32f4xx_ll_sdmmc.o
    0x080024c0   0x080024c0   0x00000032   Code   RO         1313    i.SDMMC_CmdWriteMultiBlock  stm32f4xx_ll_sdmmc.o
    0x080024f2   0x080024f2   0x00000032   Code   RO         1314    i.SDMMC_CmdWriteSingleBlock  stm32f4xx_ll_sdmmc.o
    0x08002524   0x08002524   0x0000011c   Code   RO         1315    i.SDMMC_GetCmdResp1  stm32f4xx_ll_sdmmc.o
    0x08002640   0x08002640   0x00000050   Code   RO         1316    i.SDMMC_GetCmdResp2  stm32f4xx_ll_sdmmc.o
    0x08002690   0x08002690   0x00000040   Code   RO         1317    i.SDMMC_GetCmdResp3  stm32f4xx_ll_sdmmc.o
    0x080026d0   0x080026d0   0x00000084   Code   RO         1318    i.SDMMC_GetCmdResp6  stm32f4xx_ll_sdmmc.o
    0x08002754   0x08002754   0x00000020   Code   RO          363    i.SD_CheckStatus    sd_diskio.o
    0x08002774   0x08002774   0x000000e6   Code   RO         1574    i.SD_InitCard       stm32f4xx_hal_sd.o
    0x0800285a   0x0800285a   0x000000a2   Code   RO         1575    i.SD_PowerON        stm32f4xx_hal_sd.o
    0x080028fc   0x080028fc   0x00000020   Code   RO          364    i.SD_initialize     sd_diskio.o
    0x0800291c   0x0800291c   0x00000050   Code   RO          365    i.SD_ioctl          sd_diskio.o
    0x0800296c   0x0800296c   0x00000026   Code   RO          366    i.SD_read           sd_diskio.o
    0x08002992   0x08002992   0x00000004   Code   RO          367    i.SD_status         sd_diskio.o
    0x08002996   0x08002996   0x00000002   PAD
    0x08002998   0x08002998   0x00000026   Code   RO          368    i.SD_write          sd_diskio.o
    0x080029be   0x080029be   0x00000002   Code   RO          466    i.SVC_Handler       stm32f4xx_it.o
    0x080029c0   0x080029c0   0x0000000e   Code   RO          467    i.SysTick_Handler   stm32f4xx_it.o
    0x080029ce   0x080029ce   0x00000002   PAD
    0x080029d0   0x080029d0   0x000000a0   Code   RO           16    i.SystemClock_Config  main.o
    0x08002a70   0x08002a70   0x00000054   Code   RO         2858    i.SystemInit        system_stm32f4xx.o
    0x08002ac4   0x08002ac4   0x00000002   Code   RO           17    i._Error_Handler    main.o
    0x08002ac6   0x08002ac6   0x0000000e   Code   RO         3388    i.__scatterload_copy  mc_w.l(handlers.o)
    0x08002ad4   0x08002ad4   0x00000002   Code   RO         3389    i.__scatterload_null  mc_w.l(handlers.o)
    0x08002ad6   0x08002ad6   0x0000000e   Code   RO         3390    i.__scatterload_zeroinit  mc_w.l(handlers.o)
    0x08002ae4   0x08002ae4   0x00000070   Code   RO         2974    i.check_fs          ff.o
    0x08002b54   0x08002b54   0x0000005c   Code   RO         2975    i.chk_lock          ff.o
    0x08002bb0   0x08002bb0   0x00000020   Code   RO         2976    i.clear_lock        ff.o
    0x08002bd0   0x08002bd0   0x00000026   Code   RO         2977    i.clmt_clust        ff.o
    0x08002bf6   0x08002bf6   0x00000018   Code   RO         2978    i.clust2sect        ff.o
    0x08002c0e   0x08002c0e   0x000000a4   Code   RO         2979    i.create_chain      ff.o
    0x08002cb2   0x08002cb2   0x00000002   PAD
    0x08002cb4   0x08002cb4   0x000000bc   Code   RO         2980    i.create_name       ff.o
    0x08002d70   0x08002d70   0x00000034   Code   RO         2981    i.dec_lock          ff.o
    0x08002da4   0x08002da4   0x00000064   Code   RO         2982    i.dir_find          ff.o
    0x08002e08   0x08002e08   0x00000102   Code   RO         2983    i.dir_next          ff.o
    0x08002f0a   0x08002f0a   0x00000066   Code   RO         2985    i.dir_register      ff.o
    0x08002f70   0x08002f70   0x0000008e   Code   RO         2987    i.dir_sdi           ff.o
    0x08002ffe   0x08002ffe   0x00000002   PAD
    0x08003000   0x08003000   0x00000028   Code   RO         2919    i.disk_initialize   diskio.o
    0x08003028   0x08003028   0x0000001c   Code   RO         2920    i.disk_ioctl        diskio.o
    0x08003044   0x08003044   0x0000001c   Code   RO         2921    i.disk_read         diskio.o
    0x08003060   0x08003060   0x00000018   Code   RO         2922    i.disk_status       diskio.o
    0x08003078   0x08003078   0x0000001c   Code   RO         2923    i.disk_write        diskio.o
    0x08003094   0x08003094   0x00000028   Code   RO         2988    i.f_close           ff.o
    0x080030bc   0x080030bc   0x00000058   Code   RO         2995    i.f_mount           ff.o
    0x08003114   0x08003114   0x0000021c   Code   RO         2996    i.f_open            ff.o
    0x08003330   0x08003330   0x0000008e   Code   RO         3005    i.f_sync            ff.o
    0x080033be   0x080033be   0x000001b2   Code   RO         3008    i.f_write           ff.o
    0x08003570   0x08003570   0x00000288   Code   RO         3009    i.find_volume       ff.o
    0x080037f8   0x080037f8   0x0000007a   Code   RO         3010    i.follow_path       ff.o
    0x08003872   0x08003872   0x000000e8   Code   RO         3011    i.get_fat           ff.o
    0x0800395a   0x0800395a   0x00000004   Code   RO          424    i.get_fattime       fatfs.o
    0x0800395e   0x0800395e   0x0000003c   Code   RO         3013    i.get_ldnumber      ff.o
    0x0800399a   0x0800399a   0x00000002   PAD
    0x0800399c   0x0800399c   0x00000080   Code   RO         3014    i.inc_lock          ff.o
    0x08003a1c   0x08003a1c   0x00000026   Code   RO         3015    i.ld_clust          ff.o
    0x08003a42   0x08003a42   0x00000016   Code   RO         3016    i.ld_dword          ff.o
    0x08003a58   0x08003a58   0x0000000a   Code   RO         3017    i.ld_word           ff.o
    0x08003a62   0x08003a62   0x00000002   PAD
    0x08003a64   0x08003a64   0x00000154   Code   RO           19    i.main              main.o
    0x08003bb8   0x08003bb8   0x00000012   Code   RO         3018    i.mem_cpy           ff.o
    0x08003bca   0x08003bca   0x00000002   PAD
    0x08003bcc   0x08003bcc   0x0000000e   Code   RO         3019    i.mem_set           ff.o
    0x08003bda   0x08003bda   0x00000032   Code   RO         3020    i.move_window       ff.o
    0x08003c0c   0x08003c0c   0x00000124   Code   RO         3021    i.put_fat           ff.o
    0x08003d30   0x08003d30   0x00000074   Code   RO         3024    i.remove_chain      ff.o
    0x08003da4   0x08003da4   0x00000028   Code   RO         3025    i.st_clust          ff.o
    0x08003dcc   0x08003dcc   0x00000010   Code   RO         3026    i.st_dword          ff.o
    0x08003ddc   0x08003ddc   0x00000008   Code   RO         3027    i.st_word           ff.o
    0x08003de4   0x08003de4   0x00000088   Code   RO         3028    i.sync_fs           ff.o
    0x08003e6c   0x08003e6c   0x00000052   Code   RO         3029    i.sync_window       ff.o
    0x08003ebe   0x08003ebe   0x00000032   Code   RO         3030    i.validate          ff.o
    0x08003ef0   0x08003ef0   0x00000014   Data   RO          369    .constdata          sd_diskio.o
    0x08003f04   0x08003f04   0x00000008   Data   RO         2286    .constdata          stm32f4xx_hal_dma.o
    0x08003f0c   0x08003f0c   0x00000010   Data   RO         2859    .constdata          system_stm32f4xx.o
    0x08003f1c   0x08003f1c   0x00000008   Data   RO         2860    .constdata          system_stm32f4xx.o
    0x08003f24   0x08003f24   0x0000009c   Data   RO         3032    .constdata          ff.o
    0x08003fc0   0x08003fc0   0x00000020   Data   RO         3386    Region$$Table       anon$$obj.o


    Execution Region RW_IRAM1 (Exec base: 0x20000000, Load base: 0x08003fe0, Size: 0x00002638, Max: 0x00020000, ABSOLUTE)

    Exec Addr    Load Addr    Size         Type   Attr      Idx    E Section Name        Object

    0x20000000   0x08003fe0   0x00000008   Data   RW           24    .data               main.o
    0x20000008   0x08003fe8   0x00000001   Data   RW          370    .data               sd_diskio.o
    0x20000009   0x08003fe9   0x00000005   Data   RW          427    .data               fatfs.o
    0x2000000e   0x08003fee   0x00000002   PAD
    0x20000010   0x08003ff0   0x0000000c   Data   RW         2711    .data               stm32f4xx_hal.o
    0x2000001c   0x08003ffc   0x00000004   Data   RW         2861    .data               system_stm32f4xx.o
    0x20000020   0x08004000   0x00000008   Data   RW         3033    .data               ff.o
    0x20000028        -       0x00002184   Zero   RW           22    .bss                main.o
    0x200021ac        -       0x00000060   Zero   RW           23    .bss                main.o
    0x2000220c        -       0x00000020   Zero   RW         3031    .bss                ff.o
    0x2000222c        -       0x0000000c   Zero   RW         3314    .bss                ff_gen_drv.o
    0x20002238        -       0x00000400   Zero   RW            1    STACK               startup_stm32f407xx.o


==============================================================================

Image component sizes


      Code (inc. data)   RO Data    RW Data    ZI Data      Debug   Object Name

       136         26          0          0          0       3558   bsp_driver_sd.o
       148         22          0          0          0       3793   diskio.o
        32         10          0          5          0       1512   fatfs.o
      4630         80        156          8         32      38357   ff.o
        70          6          0          0         12       1663   ff_gen_drv.o
      1130        168          0          8       8676     702765   main.o
       224         14         20          1          0       4444   sd_diskio.o
        36          8        392          0       1024        844   startup_stm32f407xx.o
       180         28          0         12          0       4645   stm32f4xx_hal.o
      1618         76          0          0          0       9764   stm32f4xx_hal_adc.o
         2          0          0          0          0       1001   stm32f4xx_hal_adc_ex.o
       228         14          0          0          0      32233   stm32f4xx_hal_cortex.o
       912         16          8          0          0       5887   stm32f4xx_hal_dma.o
       468         50          0          0          0       3652   stm32f4xx_hal_gpio.o
       264         10          0          0          0       3003   stm32f4xx_hal_i2c.o
       492         90          0          0          0       3075   stm32f4xx_hal_msp.o
      1240         70          0          0          0       5093   stm32f4xx_hal_rcc.o
      1928          4          0          0          0       9912   stm32f4xx_hal_sd.o
        54         12          0          0          0       3294   stm32f4xx_it.o
      1532         42          0          0          0      21544   stm32f4xx_ll_sdmmc.o
        84         18         24          4          0       1191   system_stm32f4xx.o

    ----------------------------------------------------------------------
     15438        764        632         40       9744     861230   Object Totals
         0          0         32          0          0          0   (incl. Generated)
        30          0          0          2          0          0   (incl. Padding)

    ----------------------------------------------------------------------

      Code (inc. data)   RO Data    RW Data    ZI Data      Debug   Library Member Name

         0          0          0          0          0          0   entry.o
         0          0          0          0          0          0   entry10a.o
         0          0          0          0          0          0   entry11a.o
         8          4          0          0          0          0   entry2.o
         4          0          0          0          0          0   entry5.o
         0          0          0          0          0          0   entry7b.o
         0          0          0          0          0          0   entry8b.o
         8          4          0          0          0          0   entry9a.o
        30          0          0          0          0          0   handlers.o
        36          8          0          0          0         68   init.o
        30          0          0          0          0         68   llshl.o
        32          0          0          0          0         68   llushr.o
        36          0          0          0          0         68   memcpya.o
        98          0          0          0          0         92   uldiv.o

    ----------------------------------------------------------------------
       282         16          0          0          0        364   Library Totals
         0          0          0          0          0          0   (incl. Padding)

    ----------------------------------------------------------------------

      Code (inc. data)   RO Data    RW Data    ZI Data      Debug   Library Name

       282         16          0          0          0        364   mc_w.l

    ----------------------------------------------------------------------
       282         16          0          0          0        364   Library Totals

    ----------------------------------------------------------------------

==============================================================================


      Code (inc. data)   RO Data    RW Data    ZI Data      Debug   

     15720        780        632         40       9744     847194   Grand Totals
     15720        780        632         40       9744     847194   ELF Image Totals
     15720        780        632         40          0          0   ROM Totals

==============================================================================

    Total RO  Size (Code + RO Data)                16352 (  15.97kB)
    Total RW  Size (RW Data + ZI Data)              9784 (   9.55kB)
    Total ROM Size (Code + RO Data + RW Data)      16392 (  16.01kB)

==============================================================================

